Archive member included because of file (symbol)

C:\Users\mtstacho\Desktop\VisionAssistance\SoftConsole\MSS01_MSS_CM3_0\MSS01_MSS_CM3_0_hw_platform\Debug\libMSS01_MSS_CM3_0_hw_platform.a(mss_uart.o)
                              C:/Users/mtstacho/Desktop/VisionAssistance/SoftConsole/MSS01_MSS_CM3_0/MSS01_MSS_CM3_0_hw_platform/Debug/CMSIS/startup_gcc/newlib_stubs.o (g_mss_uart0)
C:\Users\mtstacho\Desktop\VisionAssistance\SoftConsole\MSS01_MSS_CM3_0\MSS01_MSS_CM3_0_hw_platform\Debug\libMSS01_MSS_CM3_0_hw_platform.a(mss_i2c.o)
                              ./main.o (g_mss_i2c1)
C:\Users\mtstacho\Desktop\VisionAssistance\SoftConsole\MSS01_MSS_CM3_0\MSS01_MSS_CM3_0_hw_platform\Debug\libMSS01_MSS_CM3_0_hw_platform.a(mss_gpio.o)
                              ./main.o (MSS_GPIO_init)
C:\Users\mtstacho\Desktop\VisionAssistance\SoftConsole\MSS01_MSS_CM3_0\MSS01_MSS_CM3_0_hw_platform\Debug\libMSS01_MSS_CM3_0_hw_platform.a(core_cm3.o)
                              C:\Users\mtstacho\Desktop\VisionAssistance\SoftConsole\MSS01_MSS_CM3_0\MSS01_MSS_CM3_0_hw_platform\Debug\libMSS01_MSS_CM3_0_hw_platform.a(mss_i2c.o) (__get_PRIMASK)
C:\Users\mtstacho\Desktop\VisionAssistance\SoftConsole\MSS01_MSS_CM3_0\MSS01_MSS_CM3_0_hw_platform\Debug\libMSS01_MSS_CM3_0_hw_platform.a(system_a2fxxxm3.o)
                              C:\Users\mtstacho\Desktop\VisionAssistance\SoftConsole\MSS01_MSS_CM3_0\MSS01_MSS_CM3_0_hw_platform\Debug\libMSS01_MSS_CM3_0_hw_platform.a(mss_uart.o) (g_FrequencyPCLK0)
c:/microsemi/softconsole v3.3/sourcery-g++/bin/../lib/gcc/arm-none-eabi/4.4.1/thumb2\libgcc.a(_arm_addsubdf3.o)
                              ./main.o (__aeabi_dsub)
c:/microsemi/softconsole v3.3/sourcery-g++/bin/../lib/gcc/arm-none-eabi/4.4.1/thumb2\libgcc.a(_arm_muldivdf3.o)
                              ./main.o (__aeabi_dmul)
c:/microsemi/softconsole v3.3/sourcery-g++/bin/../lib/gcc/arm-none-eabi/4.4.1/thumb2\libgcc.a(_arm_cmpdf2.o)
                              ./main.o (__aeabi_dcmplt)
c:/microsemi/softconsole v3.3/sourcery-g++/bin/../lib/gcc/arm-none-eabi/4.4.1/thumb2\libgcc.a(_arm_fixdfsi.o)
                              ./main.o (__aeabi_d2iz)
c:/microsemi/softconsole v3.3/sourcery-g++/bin/../lib/gcc/arm-none-eabi/4.4.1/thumb2\libgcc.a(_arm_fixunsdfsi.o)
                              ./main.o (__aeabi_d2uiz)
c:/microsemi/softconsole v3.3/sourcery-g++/bin/../lib/gcc/arm-none-eabi/4.4.1/thumb2\libgcc.a(_arm_addsubsf3.o)
                              ./main.o (__aeabi_fadd)
c:/microsemi/softconsole v3.3/sourcery-g++/bin/../lib/gcc/arm-none-eabi/4.4.1/thumb2\libgcc.a(_arm_muldivsf3.o)
                              ./main.o (__aeabi_fmul)
c:/microsemi/softconsole v3.3/sourcery-g++/bin/../lib/gcc/arm-none-eabi/4.4.1/thumb2\libgcc.a(_arm_cmpsf2.o)
                              ./main.o (__aeabi_fcmplt)
c:/microsemi/softconsole v3.3/sourcery-g++/bin/../lib/gcc/arm-none-eabi/4.4.1/thumb2\libgcc.a(_arm_fixsfsi.o)
                              ./main.o (__aeabi_f2iz)
c:/microsemi/softconsole v3.3/sourcery-g++/bin/../lib/gcc/arm-none-eabi/4.4.1/../../../../arm-none-eabi/lib/thumb2\libc.a(lib_a-errno.o)
                              C:/Users/mtstacho/Desktop/VisionAssistance/SoftConsole/MSS01_MSS_CM3_0/MSS01_MSS_CM3_0_hw_platform/Debug/CMSIS/startup_gcc/newlib_stubs.o (__errno)
c:/microsemi/softconsole v3.3/sourcery-g++/bin/../lib/gcc/arm-none-eabi/4.4.1/../../../../arm-none-eabi/lib/thumb2\libc.a(lib_a-impure.o)
                              c:/microsemi/softconsole v3.3/sourcery-g++/bin/../lib/gcc/arm-none-eabi/4.4.1/../../../../arm-none-eabi/lib/thumb2\libc.a(lib_a-errno.o) (_impure_ptr)
c:/microsemi/softconsole v3.3/sourcery-g++/bin/../lib/gcc/arm-none-eabi/4.4.1/../../../../arm-none-eabi/lib/thumb2\libc.a(lib_a-init.o)
                              C:/Users/mtstacho/Desktop/VisionAssistance/SoftConsole/MSS01_MSS_CM3_0/MSS01_MSS_CM3_0_hw_platform/Debug/CMSIS/startup_gcc/startup_a2fxxxm3.o (__libc_init_array)
c:/microsemi/softconsole v3.3/sourcery-g++/bin/../lib/gcc/arm-none-eabi/4.4.1/../../../../arm-none-eabi/lib/thumb2\libc.a(lib_a-memset.o)
                              ./main.o (memset)
c:/microsemi/softconsole v3.3/sourcery-g++/bin/../lib/gcc/arm-none-eabi/4.4.1/../../../../arm-none-eabi/lib/thumb2\libc.a(lib_a-printf.o)
                              ./main.o (printf)
c:/microsemi/softconsole v3.3/sourcery-g++/bin/../lib/gcc/arm-none-eabi/4.4.1/../../../../arm-none-eabi/lib/thumb2\libc.a(lib_a-puts.o)
                              ./main.o (puts)
c:/microsemi/softconsole v3.3/sourcery-g++/bin/../lib/gcc/arm-none-eabi/4.4.1/../../../../arm-none-eabi/lib/thumb2\libc.a(lib_a-strlen.o)
                              c:/microsemi/softconsole v3.3/sourcery-g++/bin/../lib/gcc/arm-none-eabi/4.4.1/../../../../arm-none-eabi/lib/thumb2\libc.a(lib_a-puts.o) (strlen)
c:/microsemi/softconsole v3.3/sourcery-g++/bin/../lib/gcc/arm-none-eabi/4.4.1/../../../../arm-none-eabi/lib/thumb2\libc.a(lib_a-vfprintf.o)
[...]
Memory Configuration

Name             Origin             Length             Attributes
ram              0x20000000         0x00010000         xrw
*default*        0x00000000         0xffffffff

Linker script and memory map

LOAD c:/microsemi/softconsole v3.3/sourcery-g++/bin/../lib/gcc/arm-none-eabi/4.4.1/thumb2/crti.o
LOAD c:/microsemi/softconsole v3.3/sourcery-g++/bin/../lib/gcc/arm-none-eabi/4.4.1/thumb2/crtbegin.o
LOAD ./main.o
LOAD C:/Users/mtstacho/Desktop/VisionAssistance/SoftConsole/MSS01_MSS_CM3_0/MSS01_MSS_CM3_0_hw_platform/Debug/CMSIS/startup_gcc/startup_a2fxxxm3.o
LOAD C:/Users/mtstacho/Desktop/VisionAssistance/SoftConsole/MSS01_MSS_CM3_0/MSS01_MSS_CM3_0_hw_platform/Debug/CMSIS/startup_gcc/newlib_stubs.o
LOAD C:\Users\mtstacho\Desktop\VisionAssistance\SoftConsole\MSS01_MSS_CM3_0\MSS01_MSS_CM3_0_hw_platform\Debug\libMSS01_MSS_CM3_0_hw_platform.a
START GROUP
LOAD c:/microsemi/softconsole v3.3/sourcery-g++/bin/../lib/gcc/arm-none-eabi/4.4.1/thumb2\libgcc.a
LOAD c:/microsemi/softconsole v3.3/sourcery-g++/bin/../lib/gcc/arm-none-eabi/4.4.1/../../../../arm-none-eabi/lib/thumb2\libc.a
END GROUP
LOAD c:/microsemi/softconsole v3.3/sourcery-g++/bin/../lib/gcc/arm-none-eabi/4.4.1/thumb2/crtend.o
LOAD c:/microsemi/softconsole v3.3/sourcery-g++/bin/../lib/gcc/arm-none-eabi/4.4.1/thumb2/crtn.o
START GROUP
LOAD c:/microsemi/softconsole v3.3/sourcery-g++/bin/../lib/gcc/arm-none-eabi/4.4.1/../../../../arm-none-eabi/lib/thumb2\libc.a
LOAD c:/microsemi/softconsole v3.3/sourcery-g++/bin/../lib/gcc/arm-none-eabi/4.4.1/thumb2\libgcc.a
LOAD c:/microsemi/softconsole v3.3/sourcery-g++/bin/../lib/gcc/arm-none-eabi/4.4.1/../../../../arm-none-eabi/lib/thumb2\libm.a
END GROUP
                0x00000000                __DYNAMIC = 0x0
                0x20000000                RAM_START_ADDRESS = 0x20000000
                0x00010000                RAM_SIZE = 0x10000
                0x00002000                MAIN_STACK_SIZE = 0x2000
                0x00001000                PROCESS_STACK_SIZE = 0x1000
                0x20010000                PROVIDE (__main_stack_start, (RAM_START_ADDRESS + RAM_SIZE))
                0x2000e000                PROVIDE (__process_stack_start, (__main_stack_start - MAIN_STACK_SIZE))
                0x20010000                PROVIDE (_estack, __main_stack_start)
                0x00000000                PROVIDE (__mirrored_nvm, 0x0)

.text           0x20000000     0x4128
 CREATE_OBJECT_SYMBOLS
                0x20000000                __text_load = LOADADDR (.text)
                0x20000000                __text_start = .
                0x20000000                __vector_table_vma_base_address = .
 *(.isr_vector)
 .isr_vector    0x20000000      0x470 C:/Users/mtstacho/Desktop/VisionAssistance/SoftConsole/MSS01_MSS_CM3_0/MSS01_MSS_CM3_0_hw_platform/Debug/CMSIS/startup_gcc/startup_a2fxxxm3.o
                0x20000000                g_pfnVectors
                0x20000298                Reset_Handler
                0x20000308                NMI_Handler
                0x2000030a                HardFault_Handler
                0x2000030c                MemManage_Handler
                0x2000030e                BusFault_Handler
                0x20000310                UsageFault_Handler
                0x20000312                SVC_Handler
                0x20000314                DebugMon_Handler
                0x20000316                PendSV_Handler
                0x20000318                SysTick_Handler
                0x2000031a                WdogWakeup_IRQHandler
                0x2000031c                BrownOut_1_5V_IRQHandler
                0x2000031e                BrownOut_3_3V_IRQHandler
                0x20000320                RTC_Match_IRQHandler
                0x20000322                RTCIF_Pub_IRQHandler
                0x20000324                EthernetMAC_IRQHandler
                0x20000326                IAP_IRQHandler
                0x20000328                ENVM0_IRQHandler
                0x2000032a                ENVM1_IRQHandler
                0x2000032c                DMA_IRQHandler
                0x20000332                SPI0_IRQHandler
                0x20000334                SPI1_IRQHandler
                0x20000338                I2C0_SMBAlert_IRQHandler
                0x2000033a                I2C0_SMBus_IRQHandler
                0x2000033e                I2C1_SMBAlert_IRQHandler
                0x20000340                I2C1_SMBus_IRQHandler
                0x20000342                Timer1_IRQHandler
                0x20000344                Timer2_IRQHandler
                0x20000346                PLL_Lock_IRQHandler
                0x20000348                PLL_LockLost_IRQHandler
                0x2000034a                CommError_IRQHandler
                0x2000034c                Fabric_IRQHandler
                0x20000352                GPIO2_IRQHandler
                0x20000354                GPIO3_IRQHandler
                0x20000356                GPIO4_IRQHandler
                0x20000358                GPIO5_IRQHandler
                0x2000035a                GPIO6_IRQHandler
                0x2000035c                GPIO7_IRQHandler
                0x2000035e                GPIO8_IRQHandler
                0x20000360                GPIO9_IRQHandler
                0x20000362                GPIO10_IRQHandler
                0x20000364                GPIO11_IRQHandler
                0x20000366                GPIO12_IRQHandler
                0x20000368                GPIO13_IRQHandler
                0x2000036a                GPIO14_IRQHandler
                0x2000036c                GPIO15_IRQHandler
                0x2000036e                GPIO16_IRQHandler
                0x20000370                GPIO17_IRQHandler
                0x20000372                GPIO18_IRQHandler
                0x20000374                GPIO19_IRQHandler
                0x20000376                GPIO20_IRQHandler
                0x20000378                GPIO21_IRQHandler
                0x2000037a                GPIO22_IRQHandler
                0x2000037c                GPIO23_IRQHandler
                0x2000037e                GPIO24_IRQHandler
                0x20000380                GPIO25_IRQHandler
                0x20000382                GPIO26_IRQHandler
                0x20000384                GPIO27_IRQHandler
                0x20000386                GPIO28_IRQHandler
                0x20000388                GPIO29_IRQHandler
                0x2000038a                GPIO30_IRQHandler
                0x2000038c                GPIO31_IRQHandler
                0x2000038e                ACE_PC0_Flag0_IRQHandler
                0x20000390                ACE_PC0_Flag1_IRQHandler
                0x20000392                ACE_PC0_Flag2_IRQHandler
                0x20000394                ACE_PC0_Flag3_IRQHandler
                0x20000396                ACE_PC1_Flag0_IRQHandler
                0x20000398                ACE_PC1_Flag1_IRQHandler
                0x2000039a                ACE_PC1_Flag2_IRQHandler
                0x2000039c                ACE_PC1_Flag3_IRQHandler
                0x2000039e                ACE_PC2_Flag0_IRQHandler
                0x200003a0                ACE_PC2_Flag1_IRQHandler
                0x200003a2                ACE_PC2_Flag2_IRQHandler
                0x200003a4                ACE_PC2_Flag3_IRQHandler
                0x200003a6                ACE_ADC0_DataValid_IRQHandler
                0x200003a8                ACE_ADC1_DataValid_IRQHandler
                0x200003aa                ACE_ADC2_DataValid_IRQHandler
                0x200003ac                ACE_ADC0_CalDone_IRQHandler
                0x200003ae                ACE_ADC1_CalDone_IRQHandler
                0x200003b0                ACE_ADC2_CalDone_IRQHandler
                0x200003b2                ACE_ADC0_CalStart_IRQHandler
                0x200003b4                ACE_ADC1_CalStart_IRQHandler
                0x200003b6                ACE_ADC2_CalStart_IRQHandler
                0x200003b8                ACE_Comp0_Fall_IRQHandler
                0x200003ba                ACE_Comp1_Fall_IRQHandler
                0x200003bc                ACE_Comp2_Fall_IRQHandler
                0x200003be                ACE_Comp3_Fall_IRQHandler
                0x200003c0                ACE_Comp4_Fall_IRQHandler
                0x200003c2                ACE_Comp5_Fall_IRQHandler
                0x200003c4                ACE_Comp6_Fall_IRQHandler
                0x200003c6                ACE_Comp7_Fall_IRQHandler
                0x200003c8                ACE_Comp8_Fall_IRQHandler
                0x200003ca                ACE_Comp9_Fall_IRQHandler
                0x200003cc                ACE_Comp10_Fall_IRQHandler
                0x200003ce                ACE_Comp11_Fall_IRQHandler
                0x200003d0                ACE_Comp0_Rise_IRQHandler
                0x200003d2                ACE_Comp1_Rise_IRQHandler
                0x200003d4                ACE_Comp2_Rise_IRQHandler
                0x200003d6                ACE_Comp3_Rise_IRQHandler
                0x200003d8                ACE_Comp4_Rise_IRQHandler
                0x200003da                ACE_Comp5_Rise_IRQHandler
                0x200003dc                ACE_Comp6_Rise_IRQHandler
                0x200003de                ACE_Comp7_Rise_IRQHandler
                0x200003e0                ACE_Comp8_Rise_IRQHandler
                0x200003e2                ACE_Comp9_Rise_IRQHandler
                0x200003e4                ACE_Comp10_Rise_IRQHandler
                0x200003e6                ACE_Comp11_Rise_IRQHandler
                0x200003e8                ACE_ADC0_FifoFull_IRQHandler
                0x200003ea                ACE_ADC0_FifoAFull_IRQHandler
                0x200003ec                ACE_ADC0_FifoEmpty_IRQHandler
                0x200003ee                ACE_ADC1_FifoFull_IRQHandler
                0x200003f0                ACE_ADC1_FifoAFull_IRQHandler
                0x200003f2                ACE_ADC1_FifoEmpty_IRQHandler
                0x200003f4                ACE_ADC2_FifoFull_IRQHandler
                0x200003f6                ACE_ADC2_FifoAFull_IRQHandler
                0x200003f8                ACE_ADC2_FifoEmpty_IRQHandler
                0x200003fa                ACE_PPE_Flag0_IRQHandler
                0x200003fc                ACE_PPE_Flag1_IRQHandler
                0x200003fe                ACE_PPE_Flag2_IRQHandler
                0x20000400                ACE_PPE_Flag3_IRQHandler
                0x20000402                ACE_PPE_Flag4_IRQHandler
                0x20000404                ACE_PPE_Flag5_IRQHandler
                0x20000406                ACE_PPE_Flag6_IRQHandler
                0x20000408                ACE_PPE_Flag7_IRQHandler
                0x2000040a                ACE_PPE_Flag8_IRQHandler
                0x2000040c                ACE_PPE_Flag9_IRQHandler
                0x2000040e                ACE_PPE_Flag10_IRQHandler
                0x20000410                ACE_PPE_Flag11_IRQHandler
                0x20000412                ACE_PPE_Flag12_IRQHandler
                0x20000414                ACE_PPE_Flag13_IRQHandler
                0x20000416                ACE_PPE_Flag14_IRQHandler
                0x20000418                ACE_PPE_Flag15_IRQHandler
                0x2000041a                ACE_PPE_Flag16_IRQHandler
                0x2000041c                ACE_PPE_Flag17_IRQHandler
                0x2000041e                ACE_PPE_Flag18_IRQHandler
                0x20000420                ACE_PPE_Flag19_IRQHandler
                0x20000422                ACE_PPE_Flag20_IRQHandler
                0x20000424                ACE_PPE_Flag21_IRQHandler
                0x20000426                ACE_PPE_Flag22_IRQHandler
                0x20000428                ACE_PPE_Flag23_IRQHandler
                0x2000042a                ACE_PPE_Flag24_IRQHandler
                0x2000042c                ACE_PPE_Flag25_IRQHandler
                0x2000042e                ACE_PPE_Flag26_IRQHandler
                0x20000430                ACE_PPE_Flag27_IRQHandler
                0x20000432                ACE_PPE_Flag28_IRQHandler
                0x20000434                ACE_PPE_Flag29_IRQHandler
                0x20000436                ACE_PPE_Flag30_IRQHandler
                0x20000438                ACE_PPE_Flag31_IRQHandler
 *(.text .text.* .gnu.linkonce.t.*)
 .text          0x20000470       0x30 c:/microsemi/softconsole v3.3/sourcery-g++/bin/../lib/gcc/arm-none-eabi/4.4.1/thumb2/crtbegin.o
 .text.NVIC_EnableIRQ
                0x200004a0       0x38 ./main.o
 .text.NVIC_DisableIRQ
                0x200004d8       0x3c ./main.o
 .text.gridEYE_write
                0x20000514       0x50 ./main.o
                0x20000514                gridEYE_write
 .text.gridEYE_read
                0x20000564       0x48 ./main.o
                0x20000564                gridEYE_read
 .text.gridEYE_reset
                0x200005ac       0x28 ./main.o
                0x200005ac                gridEYE_reset
 .text.gridEYE_set_normal_power
                0x200005d4       0x28 ./main.o
                0x200005d4                gridEYE_set_normal_power
 .text.gridEYE_init
                0x200005fc       0x10 ./main.o
                0x200005fc                gridEYE_init
 .text.raw_to_temp
                0x2000060c       0x54 ./main.o
                0x2000060c                raw_to_temp
 .text.get_temps_forward
                0x20000660       0x90 ./main.o
                0x20000660                get_temps_forward
 .text.get_max_temp
                0x200006f0       0x8c ./main.o
                0x200006f0                get_max_temp
 .text.LED_reset
                0x2000077c       0x38 ./main.o
                0x2000077c                LED_reset
 .text.data_to_cm
                0x200007b4       0x38 ./main.o
                0x200007b4                data_to_cm
 *fill*         0x200007ec        0x4 00
 .text.wrap_angle_360
                0x200007f0       0xa0 ./main.o
                0x200007f0                wrap_angle_360
 .text.wrap_angle_180
                0x20000890       0xb0 ./main.o
                0x20000890                wrap_angle_180
 .text.init_BNO055
                0x20000940       0xb8 ./main.o
                0x20000940                init_BNO055
 .text.read_heading_BNO055
                0x200009f8       0x94 ./main.o
                0x200009f8                read_heading_BNO055
 .text.calc_display_angle
                0x20000a8c       0xc0 ./main.o
                0x20000a8c                calc_display_angle
 .text.byte_reverse
                0x20000b4c       0x9c ./main.o
                0x20000b4c                byte_reverse
 .text.scale_brightness
                0x20000be8      0x150 ./main.o
                0x20000be8                scale_brightness
 .text.GPIO0_IRQHandler
                0x20000d38       0x28 ./main.o
                0x20000d38                GPIO0_IRQHandler
 .text.GPIO1_IRQHandler
                0x20000d60       0x5c ./main.o
                0x20000d60                GPIO1_IRQHandler
 .text.format_color
                0x20000dbc       0x34 ./main.o
                0x20000dbc                format_color
 .text.write_scaled_LEDs
                0x20000df0       0x98 ./main.o
                0x20000df0                write_scaled_LEDs
 .text.write_all_LEDs
                0x20000e88       0x44 ./main.o
                0x20000e88                write_all_LEDs
 .text.standard_execute
                0x20000ecc      0x264 ./main.o
                0x20000ecc                standard_execute
 .text.spectrum_execute
                0x20001130      0x138 ./main.o
                0x20001130                spectrum_execute
 .text.compass_execute
                0x20001268        0xc ./main.o
                0x20001268                compass_execute
 .text.main     0x20001274      0x1a0 ./main.o
                0x20001274                main
 .text.NVIC_ClearPendingIRQ
                0x20001414       0x3c C:\Users\mtstacho\Desktop\VisionAssistance\SoftConsole\MSS01_MSS_CM3_0\MSS01_MSS_CM3_0_hw_platform\Debug\libMSS01_MSS_CM3_0_hw_platform.a(mss_uart.o)
 .text.MSS_UART_isr
                0x20001450      0x11c C:\Users\mtstacho\Desktop\VisionAssistance\SoftConsole\MSS01_MSS_CM3_0\MSS01_MSS_CM3_0_hw_platform\Debug\libMSS01_MSS_CM3_0_hw_platform.a(mss_uart.o)
 .text.UART0_IRQHandler
                0x2000156c       0x2c C:\Users\mtstacho\Desktop\VisionAssistance\SoftConsole\MSS01_MSS_CM3_0\MSS01_MSS_CM3_0_hw_platform\Debug\libMSS01_MSS_CM3_0_hw_platform.a(mss_uart.o)
                0x2000156c                UART0_IRQHandler
 .text.UART1_IRQHandler
                0x20001598       0x2c C:\Users\mtstacho\Desktop\VisionAssistance\SoftConsole\MSS01_MSS_CM3_0\MSS01_MSS_CM3_0_hw_platform\Debug\libMSS01_MSS_CM3_0_hw_platform.a(mss_uart.o)
                0x20001598                UART1_IRQHandler
 .text.NVIC_EnableIRQ
                0x200015c4       0x38 C:\Users\mtstacho\Desktop\VisionAssistance\SoftConsole\MSS01_MSS_CM3_0\MSS01_MSS_CM3_0_hw_platform\Debug\libMSS01_MSS_CM3_0_hw_platform.a(mss_i2c.o)
 .text.NVIC_DisableIRQ
                0x200015fc       0x3c C:\Users\mtstacho\Desktop\VisionAssistance\SoftConsole\MSS01_MSS_CM3_0\MSS01_MSS_CM3_0_hw_platform\Debug\libMSS01_MSS_CM3_0_hw_platform.a(mss_i2c.o)
 .text.NVIC_ClearPendingIRQ
                0x20001638       0x3c C:\Users\mtstacho\Desktop\VisionAssistance\SoftConsole\MSS01_MSS_CM3_0\MSS01_MSS_CM3_0_hw_platform\Debug\libMSS01_MSS_CM3_0_hw_platform.a(mss_i2c.o)
 .text.MSS_I2C_init
                0x20001674      0x16c C:\Users\mtstacho\Desktop\VisionAssistance\SoftConsole\MSS01_MSS_CM3_0\MSS01_MSS_CM3_0_hw_platform\Debug\libMSS01_MSS_CM3_0_hw_platform.a(mss_i2c.o)
                0x20001674                MSS_I2C_init
 .text.MSS_I2C_write
                0x200017e0       0xf4 C:\Users\mtstacho\Desktop\VisionAssistance\SoftConsole\MSS01_MSS_CM3_0\MSS01_MSS_CM3_0_hw_platform\Debug\libMSS01_MSS_CM3_0_hw_platform.a(mss_i2c.o)
                0x200017e0                MSS_I2C_write
 .text.MSS_I2C_write_read
                0x200018d4      0x134 C:\Users\mtstacho\Desktop\VisionAssistance\SoftConsole\MSS01_MSS_CM3_0\MSS01_MSS_CM3_0_hw_platform\Debug\libMSS01_MSS_CM3_0_hw_platform.a(mss_i2c.o)
                0x200018d4                MSS_I2C_write_read
 .text.MSS_I2C_wait_complete
                0x20001a08       0x4c C:\Users\mtstacho\Desktop\VisionAssistance\SoftConsole\MSS01_MSS_CM3_0\MSS01_MSS_CM3_0_hw_platform\Debug\libMSS01_MSS_CM3_0_hw_platform.a(mss_i2c.o)
                0x20001a08                MSS_I2C_wait_complete
 .text.enable_slave_if_required
                0x20001a54       0x28 C:\Users\mtstacho\Desktop\VisionAssistance\SoftConsole\MSS01_MSS_CM3_0\MSS01_MSS_CM3_0_hw_platform\Debug\libMSS01_MSS_CM3_0_hw_platform.a(mss_i2c.o)
 .text.mss_i2c_isr
                0x20001a7c      0x8f4 C:\Users\mtstacho\Desktop\VisionAssistance\SoftConsole\MSS01_MSS_CM3_0\MSS01_MSS_CM3_0_hw_platform\Debug\libMSS01_MSS_CM3_0_hw_platform.a(mss_i2c.o)
 .text.disable_interrupts
                0x20002370       0x24 C:\Users\mtstacho\Desktop\VisionAssistance\SoftConsole\MSS01_MSS_CM3_0\MSS01_MSS_CM3_0_hw_platform\Debug\libMSS01_MSS_CM3_0_hw_platform.a(mss_i2c.o)
 .text.restore_interrupts
                0x20002394       0x18 C:\Users\mtstacho\Desktop\VisionAssistance\SoftConsole\MSS01_MSS_CM3_0\MSS01_MSS_CM3_0_hw_platform\Debug\libMSS01_MSS_CM3_0_hw_platform.a(mss_i2c.o)
 .text.I2C0_IRQHandler
                0x200023ac       0x2c C:\Users\mtstacho\Desktop\VisionAssistance\SoftConsole\MSS01_MSS_CM3_0\MSS01_MSS_CM3_0_hw_platform\Debug\libMSS01_MSS_CM3_0_hw_platform.a(mss_i2c.o)
                0x200023ac                I2C0_IRQHandler
 .text.I2C1_IRQHandler
                0x200023d8       0x2c C:\Users\mtstacho\Desktop\VisionAssistance\SoftConsole\MSS01_MSS_CM3_0\MSS01_MSS_CM3_0_hw_platform\Debug\libMSS01_MSS_CM3_0_hw_platform.a(mss_i2c.o)
                0x200023d8                I2C1_IRQHandler
 .text.NVIC_EnableIRQ
                0x20002404       0x38 C:\Users\mtstacho\Desktop\VisionAssistance\SoftConsole\MSS01_MSS_CM3_0\MSS01_MSS_CM3_0_hw_platform\Debug\libMSS01_MSS_CM3_0_hw_platform.a(mss_gpio.o)
 .text.NVIC_ClearPendingIRQ
                0x2000243c       0x3c C:\Users\mtstacho\Desktop\VisionAssistance\SoftConsole\MSS01_MSS_CM3_0\MSS01_MSS_CM3_0_hw_platform\Debug\libMSS01_MSS_CM3_0_hw_platform.a(mss_gpio.o)
 .text.MSS_GPIO_init
                0x20002478       0x6c C:\Users\mtstacho\Desktop\VisionAssistance\SoftConsole\MSS01_MSS_CM3_0\MSS01_MSS_CM3_0_hw_platform\Debug\libMSS01_MSS_CM3_0_hw_platform.a(mss_gpio.o)
                0x20002478                MSS_GPIO_init
 .text.MSS_GPIO_config
                0x200024e4       0x3c C:\Users\mtstacho\Desktop\VisionAssistance\SoftConsole\MSS01_MSS_CM3_0\MSS01_MSS_CM3_0_hw_platform\Debug\libMSS01_MSS_CM3_0_hw_platform.a(mss_gpio.o)
                0x200024e4                MSS_GPIO_config
 .text.MSS_GPIO_enable_irq
                0x20002520       0x64 C:\Users\mtstacho\Desktop\VisionAssistance\SoftConsole\MSS01_MSS_CM3_0\MSS01_MSS_CM3_0_hw_platform\Debug\libMSS01_MSS_CM3_0_hw_platform.a(mss_gpio.o)
                0x20002520                MSS_GPIO_enable_irq
 .text.MSS_GPIO_clear_irq
                0x20002584       0x50 C:\Users\mtstacho\Desktop\VisionAssistance\SoftConsole\MSS01_MSS_CM3_0\MSS01_MSS_CM3_0_hw_platform\Debug\libMSS01_MSS_CM3_0_hw_platform.a(mss_gpio.o)
                0x20002584                MSS_GPIO_clear_irq
 .text.__get_PRIMASK
                0x200025d4       0x20 C:\Users\mtstacho\Desktop\VisionAssistance\SoftConsole\MSS01_MSS_CM3_0\MSS01_MSS_CM3_0_hw_platform\Debug\libMSS01_MSS_CM3_0_hw_platform.a(core_cm3.o)
                0x200025d4                __get_PRIMASK
 .text.__set_PRIMASK
                0x200025f4       0x18 C:\Users\mtstacho\Desktop\VisionAssistance\SoftConsole\MSS01_MSS_CM3_0\MSS01_MSS_CM3_0_hw_platform\Debug\libMSS01_MSS_CM3_0_hw_platform.a(core_cm3.o)
                0x200025f4                __set_PRIMASK
 .text.SystemInit
                0x2000260c        0xc C:\Users\mtstacho\Desktop\VisionAssistance\SoftConsole\MSS01_MSS_CM3_0\MSS01_MSS_CM3_0_hw_platform\Debug\libMSS01_MSS_CM3_0_hw_platform.a(system_a2fxxxm3.o)
                0x2000260c                SystemInit
 .text          0x20002618      0x370 c:/microsemi/softconsole v3.3/sourcery-g++/bin/../lib/gcc/arm-none-eabi/4.4.1/thumb2\libgcc.a(_arm_addsubdf3.o)
                0x20002618                __aeabi_drsub
                0x20002620                __aeabi_dsub
                0x20002620                __subdf3
                0x20002624                __aeabi_dadd
                0x20002624                __adddf3
                0x2000289c                __floatunsidf
                0x2000289c                __aeabi_ui2d
                0x200028bc                __floatsidf
                0x200028bc                __aeabi_i2d
                0x200028e0                __aeabi_f2d
                0x200028e0                __extendsfdf2
                0x2000291c                __floatundidf
                0x2000291c                __aeabi_ul2d
                0x2000292c                __floatdidf
                0x2000292c                __aeabi_l2d
 .text          0x20002988      0x424 c:/microsemi/softconsole v3.3/sourcery-g++/bin/../lib/gcc/arm-none-eabi/4.4.1/thumb2\libgcc.a(_arm_muldivdf3.o)
                0x20002988                __aeabi_dmul
                0x20002988                __muldf3
                0x20002bdc                __divdf3
                0x20002bdc                __aeabi_ddiv
 .text          0x20002dac      0x110 c:/microsemi/softconsole v3.3/sourcery-g++/bin/../lib/gcc/arm-none-eabi/4.4.1/thumb2\libgcc.a(_arm_cmpdf2.o)
                0x20002dac                __gtdf2
                0x20002dac                __gedf2
                0x20002db4                __ltdf2
                0x20002db4                __ledf2
                0x20002dbc                __nedf2
                0x20002dbc                __eqdf2
                0x20002dbc                __cmpdf2
                0x20002e38                __aeabi_cdrcmple
                0x20002e48                __aeabi_cdcmpeq
                0x20002e48                __aeabi_cdcmple
                0x20002e58                __aeabi_dcmpeq
                0x20002e6c                __aeabi_dcmplt
                0x20002e80                __aeabi_dcmple
                0x20002e94                __aeabi_dcmpge
                0x20002ea8                __aeabi_dcmpgt
 .text          0x20002ebc       0x50 c:/microsemi/softconsole v3.3/sourcery-g++/bin/../lib/gcc/arm-none-eabi/4.4.1/thumb2\libgcc.a(_arm_fixdfsi.o)
                0x20002ebc                __aeabi_d2iz
                0x20002ebc                __fixdfsi
 .text          0x20002f0c       0x40 c:/microsemi/softconsole v3.3/sourcery-g++/bin/../lib/gcc/arm-none-eabi/4.4.1/thumb2\libgcc.a(_arm_fixunsdfsi.o)
                0x20002f0c                __aeabi_d2uiz
                0x20002f0c                __fixunsdfsi
 .text          0x20002f4c      0x21c c:/microsemi/softconsole v3.3/sourcery-g++/bin/../lib/gcc/arm-none-eabi/4.4.1/thumb2\libgcc.a(_arm_addsubsf3.o)
                0x20002f4c                __aeabi_frsub
                0x20002f54                __subsf3
                0x20002f54                __aeabi_fsub
                0x20002f58                __aeabi_fadd
                0x20002f58                __addsf3
                0x200030b8                __aeabi_ui2f
                0x200030b8                __floatunsisf
                0x200030c0                __aeabi_i2f
                0x200030c0                __floatsisf
                0x200030dc                __aeabi_ul2f
                0x200030dc                __floatundisf
                0x200030ec                __aeabi_l2f
                0x200030ec                __floatdisf
 .text          0x20003168      0x2a0 c:/microsemi/softconsole v3.3/sourcery-g++/bin/../lib/gcc/arm-none-eabi/4.4.1/thumb2\libgcc.a(_arm_muldivsf3.o)
                0x20003168                __mulsf3
                0x20003168                __aeabi_fmul
                0x200032d0                __aeabi_fdiv
                0x200032d0                __divsf3
 .text          0x20003408       0xec c:/microsemi/softconsole v3.3/sourcery-g++/bin/../lib/gcc/arm-none-eabi/4.4.1/thumb2\libgcc.a(_arm_cmpsf2.o)
                0x20003408                __gesf2
                0x20003408                __gtsf2
                0x20003410                __lesf2
                0x20003410                __ltsf2
                0x20003418                __nesf2
                0x20003418                __eqsf2
                0x20003418                __cmpsf2
                0x20003478                __aeabi_cfrcmple
                0x20003480                __aeabi_cfcmpeq
                0x20003480                __aeabi_cfcmple
                0x20003490                __aeabi_fcmpeq
                0x200034a4                __aeabi_fcmplt
                0x200034b8                __aeabi_fcmple
                0x200034cc                __aeabi_fcmpge
                0x200034e0                __aeabi_fcmpgt
 .text          0x200034f4        0xc c:/microsemi/softconsole v3.3/sourcery-g++/bin/../lib/gcc/arm-none-eabi/4.4.1/../../../../arm-none-eabi/lib/thumb2\libc.a(lib_a-errno.o)
                0x200034f4                __errno
 .text          0x20003500       0x50 c:/microsemi/softconsole v3.3/sourcery-g++/bin/../lib/gcc/arm-none-eabi/4.4.1/../../../../arm-none-eabi/lib/thumb2\libc.a(lib_a-init.o)
                0x20003500                __libc_init_array
 .text          0x20003550       0xd4 c:/microsemi/softconsole v3.3/sourcery-g++/bin/../lib/gcc/arm-none-eabi/4.4.1/../../../../arm-none-eabi/lib/thumb2\libc.a(lib_a-memset.o)
                0x20003550                memset
 .text          0x20003624       0x1c c:/microsemi/softconsole v3.3/sourcery-g++/bin/../lib/gcc/arm-none-eabi/4.4.1/../../../../arm-none-eabi/lib/thumb2\libc.a(lib_a-s_isnand.o)
                0x20003624                __isnand
 .text          0x20003640      0x100 c:/microsemi/softconsole v3.3/sourcery-g++/bin/../lib/gcc/arm-none-eabi/4.4.1/../../../../arm-none-eabi/lib/thumb2\libm.a(lib_a-w_exp.o)
                0x20003640                exp
 .text          0x20003740      0x100 c:/microsemi/softconsole v3.3/sourcery-g++/bin/../lib/gcc/arm-none-eabi/4.4.1/../../../../arm-none-eabi/lib/thumb2\libm.a(lib_a-w_log.o)
                0x20003740                log
 .text          0x20003840      0x318 c:/microsemi/softconsole v3.3/sourcery-g++/bin/../lib/gcc/arm-none-eabi/4.4.1/../../../../arm-none-eabi/lib/thumb2\libm.a(lib_a-e_exp.o)
                0x20003840                __ieee754_exp
 .text          0x20003b58      0x428 c:/microsemi/softconsole v3.3/sourcery-g++/bin/../lib/gcc/arm-none-eabi/4.4.1/../../../../arm-none-eabi/lib/thumb2\libm.a(lib_a-e_log.o)
                0x20003b58                __ieee754_log
 .text          0x20003f80       0x10 c:/microsemi/softconsole v3.3/sourcery-g++/bin/../lib/gcc/arm-none-eabi/4.4.1/../../../../arm-none-eabi/lib/thumb2\libm.a(lib_a-s_finite.o)
                0x20003f80                finite
 .text          0x20003f90        0x4 c:/microsemi/softconsole v3.3/sourcery-g++/bin/../lib/gcc/arm-none-eabi/4.4.1/../../../../arm-none-eabi/lib/thumb2\libm.a(lib_a-s_matherr.o)
                0x20003f90                matherr
 .text          0x20003f94        0xc c:/microsemi/softconsole v3.3/sourcery-g++/bin/../lib/gcc/arm-none-eabi/4.4.1/../../../../arm-none-eabi/lib/thumb2\libm.a(lib_a-s_nan.o)
                0x20003f94                nan
 *(.plt)
 *(.gnu.warning)
 *(.glue_7t)
 .glue_7t       0x00000000        0x0 linker stubs
 *(.glue_7)
 .glue_7        0x00000000        0x0 linker stubs
 *(.vfp11_veneer)
 .vfp11_veneer  0x00000000        0x0 linker stubs
                0x20003fa0                . = ALIGN (0x4)
 *crtbegin.o(.ctors)
 *(EXCLUDE_FILE(*crtend.o) .ctors)
 *(SORT(.ctors.*))
 *crtend.o(.ctors)
 *crtbegin.o(.dtors)
 *(EXCLUDE_FILE(*crtend.o) .dtors)
 *(SORT(.dtors.*))
 *crtend.o(.dtors)
 *(.rodata .rodata.* .gnu.linkonce.r.*)
 .rodata.C.38.4357
                0x20003fa0        0x4 ./main.o
 .rodata.C.37.4351
                0x20003fa4        0x4 ./main.o
 .rodata.g_config_reg_lut
                0x20003fa8       0x80 C:\Users\mtstacho\Desktop\VisionAssistance\SoftConsole\MSS01_MSS_CM3_0\MSS01_MSS_CM3_0_hw_platform\Debug\libMSS01_MSS_CM3_0_hw_platform.a(mss_gpio.o)
 .rodata.g_gpio_irqn_lut
                0x20004028       0x40 C:\Users\mtstacho\Desktop\VisionAssistance\SoftConsole\MSS01_MSS_CM3_0\MSS01_MSS_CM3_0_hw_platform\Debug\libMSS01_MSS_CM3_0_hw_platform.a(mss_gpio.o)
 .rodata.str1.4
                0x20004068        0x2 c:/microsemi/softconsole v3.3/sourcery-g++/bin/../lib/gcc/arm-none-eabi/4.4.1/../../../../arm-none-eabi/lib/thumb2\libc.a(lib_a-impure.o)
                                  0x4 (size before relaxing)
 *fill*         0x2000406a        0x2 00
 .rodata        0x2000406c       0x60 c:/microsemi/softconsole v3.3/sourcery-g++/bin/../lib/gcc/arm-none-eabi/4.4.1/../../../../arm-none-eabi/lib/thumb2\libc.a(lib_a-findfp.o)
                0x2000406c                __sf_fake_stdin
                0x2000408c                __sf_fake_stdout
                0x200040ac                __sf_fake_stderr
 .rodata.str1.4
                0x200040cc        0x4 c:/microsemi/softconsole v3.3/sourcery-g++/bin/../lib/gcc/arm-none-eabi/4.4.1/../../../../arm-none-eabi/lib/thumb2\libm.a(lib_a-w_exp.o)
 .rodata.str1.4
                0x200040d0        0x8 c:/microsemi/softconsole v3.3/sourcery-g++/bin/../lib/gcc/arm-none-eabi/4.4.1/../../../../arm-none-eabi/lib/thumb2\libm.a(lib_a-w_log.o)
 .rodata        0x200040d8       0x30 c:/microsemi/softconsole v3.3/sourcery-g++/bin/../lib/gcc/arm-none-eabi/4.4.1/../../../../arm-none-eabi/lib/thumb2\libm.a(lib_a-e_exp.o)
 *(.ARM.extab* .gnu.linkonce.armextab.*)
 *(.gcc_except_table)
 *(.eh_frame_hdr)
 *(.eh_frame)
 *(.init)
 .init          0x20004108        0x4 c:/microsemi/softconsole v3.3/sourcery-g++/bin/../lib/gcc/arm-none-eabi/4.4.1/thumb2/crti.o
                0x20004108                _init
 .init          0x2000410c        0x8 c:/microsemi/softconsole v3.3/sourcery-g++/bin/../lib/gcc/arm-none-eabi/4.4.1/thumb2/crtn.o
 *(.fini)
 .fini          0x20004114        0x4 c:/microsemi/softconsole v3.3/sourcery-g++/bin/../lib/gcc/arm-none-eabi/4.4.1/thumb2/crti.o
                0x20004114                _fini
 .fini          0x20004118        0x8 c:/microsemi/softconsole v3.3/sourcery-g++/bin/../lib/gcc/arm-none-eabi/4.4.1/thumb2/crtn.o
                0x20004120                PROVIDE (__preinit_array_start, .)
 *(.preinit_array)
                0x20004120                PROVIDE (__preinit_array_end, .)
                0x20004120                PROVIDE (__init_array_start, .)
 *(SORT(.init_array.*))
 *(.init_array)
 .init_array    0x20004120        0x4 c:/microsemi/softconsole v3.3/sourcery-g++/bin/../lib/gcc/arm-none-eabi/4.4.1/thumb2/crtbegin.o
                0x20004124                PROVIDE (__init_array_end, .)
                0x20004124                PROVIDE (__fini_array_start, .)
 *(.fini_array)
 .fini_array    0x20004124        0x4 c:/microsemi/softconsole v3.3/sourcery-g++/bin/../lib/gcc/arm-none-eabi/4.4.1/thumb2/crtbegin.o
 *(SORT(.fini_array.*))
                0x20004128                PROVIDE (__fini_array_end, .)
                0x20004128                __exidx_start = .

.v4_bx          0x20004128        0x0
 .v4_bx         0x00000000        0x0 linker stubs

.ARM.exidx
 *(.ARM.exidx* .gnu.linkonce.armexidx.*)
                0x20004128                __exidx_end = .
                0x20004128                _etext = .
                0x20004128                PROVIDE (__text_end, .)

.data           0x20004128      0x108
                0x20004128                __data_load = LOADADDR (.data)
                0x20004128                _sidata = LOADADDR (.data)
                0x20004128                __data_start = .
                0x20004128                _sdata = .
 *(.jcr)
 .jcr           0x20004128        0x0 c:/microsemi/softconsole v3.3/sourcery-g++/bin/../lib/gcc/arm-none-eabi/4.4.1/thumb2/crtbegin.o
 .jcr           0x20004128        0x4 c:/microsemi/softconsole v3.3/sourcery-g++/bin/../lib/gcc/arm-none-eabi/4.4.1/thumb2/crtend.o
 *(.got.plt)
 *(.got)
 *(.shdata)
 *(.data .data.* .gnu.linkonce.d.*)
 .data.LED      0x2000412c        0x4 ./main.o
                0x2000412c                LED
 .data.SONIC_READ
                0x20004130        0x4 ./main.o
                0x20004130                SONIC_READ
 .data.set_heading_baseline
                0x20004134        0x1 ./main.o
                0x20004134                set_heading_baseline
 *fill*         0x20004135        0x3 00
 .data          0x20004138       0xf4 c:/microsemi/softconsole v3.3/sourcery-g++/bin/../lib/gcc/arm-none-eabi/4.4.1/../../../../arm-none-eabi/lib/thumb2\libc.a(lib_a-impure.o)
                0x20004138                _impure_ptr
 .data          0x2000422c        0x1 c:/microsemi/softconsole v3.3/sourcery-g++/bin/../lib/gcc/arm-none-eabi/4.4.1/../../../../arm-none-eabi/lib/thumb2\libm.a(lib_a-s_lib_ver.o)
                0x2000422c                __fdlib_version
                0x20004230                . = ALIGN (0x4)
 *fill*         0x2000422d        0x3 00
                0x20004230                _edata = .

.bss            0x20004230      0x280
                0x20004230                __bss_start__ = .
                0x20004230                _sbss = .
 *(.shbss)
 *(.bss .bss.* .gnu.linkonce.b.*)
 .bss           0x20004230        0x1 c:/microsemi/softconsole v3.3/sourcery-g++/bin/../lib/gcc/arm-none-eabi/4.4.1/thumb2/crtbegin.o
 *fill*         0x20004231        0x7 00
 .bss.baseline_heading_display.4369
                0x20004238        0x8 ./main.o
 .bss.baseline_heading_sensor.4370
                0x20004240        0x8 ./main.o
 *(COMMON)
 COMMON         0x20004248      0x130 ./main.o
                0x20004248                LED_num
                0x2000424c                current_mode
                0x20004250                SONIC_DATA
                0x20004254                cm_dist
                0x20004258                IMU_temp_offset
                0x20004260                temps
                0x20004360                display_angle
                0x20004368                color
                0x20004370                IMU_offset
 COMMON         0x20004378       0x50 C:\Users\mtstacho\Desktop\VisionAssistance\SoftConsole\MSS01_MSS_CM3_0\MSS01_MSS_CM3_0_hw_platform\Debug\libMSS01_MSS_CM3_0_hw_platform.a(mss_uart.o)
                0x20004378                g_mss_uart1
                0x200043a0                g_mss_uart0
 COMMON         0x200043c8       0xe8 C:\Users\mtstacho\Desktop\VisionAssistance\SoftConsole\MSS01_MSS_CM3_0\MSS01_MSS_CM3_0_hw_platform\Debug\libMSS01_MSS_CM3_0_hw_platform.a(mss_i2c.o)
                0x200043c8                g_mss_i2c0
                0x2000443c                g_mss_i2c1
                0x200044b0                . = ALIGN (0x8)
                0x200044b0                __bss_end__ = .
                0x200044b0                _end = .
                0x200044b0                __end = _end
                0x200044b0                _ebss = .
                0x200044b0                PROVIDE (end, .)

.stack          0x200044b0     0x3000
                0x200044b0                . = ALIGN (0x4)
                0x200054b0                . = (. + PROCESS_STACK_SIZE)
 *fill*         0x200044b0     0x1000 00
                0x200054b0                . = ALIGN (0x4)
                0x200074b0                . = (. + MAIN_STACK_SIZE)
 *fill*         0x200054b0     0x2000 00
                0x200074b0                . = ALIGN (0x4)

.stab
 *(.stab)

.stabstr
 *(.stabstr)

.debug
 *(.debug)

.line
 *(.line)

.debug_srcinfo
 *(.debug_srcinfo)

.debug_sfnames
 *(.debug_sfnames)

.comment        0x00000000      0x12d
 .comment       0x00000000       0x2b ./main.o
 .comment       0x0000002b       0x2b C:/Users/mtstacho/Desktop/VisionAssistance/SoftConsole/MSS01_MSS_CM3_0/MSS01_MSS_CM3_0_hw_platform/Debug/CMSIS/startup_gcc/newlib_stubs.o
 .comment       0x00000056       0x2b C:\Users\mtstacho\Desktop\VisionAssistance\SoftConsole\MSS01_MSS_CM3_0\MSS01_MSS_CM3_0_hw_platform\Debug\libMSS01_MSS_CM3_0_hw_platform.a(mss_uart.o)
 .comment       0x00000081       0x2b C:\Users\mtstacho\Desktop\VisionAssistance\SoftConsole\MSS01_MSS_CM3_0\MSS01_MSS_CM3_0_hw_platform\Debug\libMSS01_MSS_CM3_0_hw_platform.a(mss_i2c.o)
 .comment       0x000000ac       0x2b C:\Users\mtstacho\Desktop\VisionAssistance\SoftConsole\MSS01_MSS_CM3_0\MSS01_MSS_CM3_0_hw_platform\Debug\libMSS01_MSS_CM3_0_hw_platform.a(mss_gpio.o)
 .comment       0x000000d7       0x2b C:\Users\mtstacho\Desktop\VisionAssistance\SoftConsole\MSS01_MSS_CM3_0\MSS01_MSS_CM3_0_hw_platform\Debug\libMSS01_MSS_CM3_0_hw_platform.a(core_cm3.o)
 .comment       0x00000102       0x2b C:\Users\mtstacho\Desktop\VisionAssistance\SoftConsole\MSS01_MSS_CM3_0\MSS01_MSS_CM3_0_hw_platform\Debug\libMSS01_MSS_CM3_0_hw_platform.a(system_a2fxxxm3.o)

.debug_aranges  0x00000000      0x510
 *(.debug_aranges)
 .debug_aranges
                0x00000000      0x110 ./main.o
 .debug_aranges
                0x00000110       0xa8 C:/Users/mtstacho/Desktop/VisionAssistance/SoftConsole/MSS01_MSS_CM3_0/MSS01_MSS_CM3_0_hw_platform/Debug/CMSIS/startup_gcc/newlib_stubs.o
 .debug_aranges
                0x000001b8       0xd8 C:\Users\mtstacho\Desktop\VisionAssistance\SoftConsole\MSS01_MSS_CM3_0\MSS01_MSS_CM3_0_hw_platform\Debug\libMSS01_MSS_CM3_0_hw_platform.a(mss_uart.o)
 .debug_aranges
                0x00000290      0x128 C:\Users\mtstacho\Desktop\VisionAssistance\SoftConsole\MSS01_MSS_CM3_0\MSS01_MSS_CM3_0_hw_platform\Debug\libMSS01_MSS_CM3_0_hw_platform.a(mss_i2c.o)
 .debug_aranges
                0x000003b8       0x60 C:\Users\mtstacho\Desktop\VisionAssistance\SoftConsole\MSS01_MSS_CM3_0\MSS01_MSS_CM3_0_hw_platform\Debug\libMSS01_MSS_CM3_0_hw_platform.a(mss_gpio.o)
 .debug_aranges
                0x00000418       0xc8 C:\Users\mtstacho\Desktop\VisionAssistance\SoftConsole\MSS01_MSS_CM3_0\MSS01_MSS_CM3_0_hw_platform\Debug\libMSS01_MSS_CM3_0_hw_platform.a(core_cm3.o)
 .debug_aranges
                0x000004e0       0x30 C:\Users\mtstacho\Desktop\VisionAssistance\SoftConsole\MSS01_MSS_CM3_0\MSS01_MSS_CM3_0_hw_platform\Debug\libMSS01_MSS_CM3_0_hw_platform.a(system_a2fxxxm3.o)

.debug_pubnames
                0x00000000      0xb99
 *(.debug_pubnames)
 .debug_pubnames
                0x00000000      0x2e9 ./main.o
 .debug_pubnames
                0x000002e9       0xeb C:/Users/mtstacho/Desktop/VisionAssistance/SoftConsole/MSS01_MSS_CM3_0/MSS01_MSS_CM3_0_hw_platform/Debug/CMSIS/startup_gcc/newlib_stubs.o
 .debug_pubnames
                0x000003d4      0x21c C:\Users\mtstacho\Desktop\VisionAssistance\SoftConsole\MSS01_MSS_CM3_0\MSS01_MSS_CM3_0_hw_platform\Debug\libMSS01_MSS_CM3_0_hw_platform.a(mss_uart.o)
 .debug_pubnames
                0x000005f0      0x2eb C:\Users\mtstacho\Desktop\VisionAssistance\SoftConsole\MSS01_MSS_CM3_0\MSS01_MSS_CM3_0_hw_platform\Debug\libMSS01_MSS_CM3_0_hw_platform.a(mss_i2c.o)
 .debug_pubnames
                0x000008db       0xb1 C:\Users\mtstacho\Desktop\VisionAssistance\SoftConsole\MSS01_MSS_CM3_0\MSS01_MSS_CM3_0_hw_platform\Debug\libMSS01_MSS_CM3_0_hw_platform.a(mss_gpio.o)
 .debug_pubnames
                0x0000098c      0x159 C:\Users\mtstacho\Desktop\VisionAssistance\SoftConsole\MSS01_MSS_CM3_0\MSS01_MSS_CM3_0_hw_platform\Debug\libMSS01_MSS_CM3_0_hw_platform.a(core_cm3.o)
 .debug_pubnames
                0x00000ae5       0xb4 C:\Users\mtstacho\Desktop\VisionAssistance\SoftConsole\MSS01_MSS_CM3_0\MSS01_MSS_CM3_0_hw_platform\Debug\libMSS01_MSS_CM3_0_hw_platform.a(system_a2fxxxm3.o)

.debug_info     0x00000000     0x6e83
 *(.debug_info .gnu.linkonce.wi.*)
 .debug_info    0x00000000     0x156c ./main.o
 .debug_info    0x0000156c     0x10f0 C:/Users/mtstacho/Desktop/VisionAssistance/SoftConsole/MSS01_MSS_CM3_0/MSS01_MSS_CM3_0_hw_platform/Debug/CMSIS/startup_gcc/newlib_stubs.o
 .debug_info    0x0000265c     0x15a4 C:\Users\mtstacho\Desktop\VisionAssistance\SoftConsole\MSS01_MSS_CM3_0\MSS01_MSS_CM3_0_hw_platform\Debug\libMSS01_MSS_CM3_0_hw_platform.a(mss_uart.o)
 .debug_info    0x00003c00     0x16e7 C:\Users\mtstacho\Desktop\VisionAssistance\SoftConsole\MSS01_MSS_CM3_0\MSS01_MSS_CM3_0_hw_platform\Debug\libMSS01_MSS_CM3_0_hw_platform.a(mss_i2c.o)
 .debug_info    0x000052e7     0x1114 C:\Users\mtstacho\Desktop\VisionAssistance\SoftConsole\MSS01_MSS_CM3_0\MSS01_MSS_CM3_0_hw_platform\Debug\libMSS01_MSS_CM3_0_hw_platform.a(mss_gpio.o)
 .debug_info    0x000063fb      0x54c C:\Users\mtstacho\Desktop\VisionAssistance\SoftConsole\MSS01_MSS_CM3_0\MSS01_MSS_CM3_0_hw_platform\Debug\libMSS01_MSS_CM3_0_hw_platform.a(core_cm3.o)
 .debug_info    0x00006947      0x53c C:\Users\mtstacho\Desktop\VisionAssistance\SoftConsole\MSS01_MSS_CM3_0\MSS01_MSS_CM3_0_hw_platform\Debug\libMSS01_MSS_CM3_0_hw_platform.a(system_a2fxxxm3.o)

.debug_abbrev   0x00000000      0xc31
 *(.debug_abbrev)
 .debug_abbrev  0x00000000      0x262 ./main.o
 .debug_abbrev  0x00000262      0x1f4 C:/Users/mtstacho/Desktop/VisionAssistance/SoftConsole/MSS01_MSS_CM3_0/MSS01_MSS_CM3_0_hw_platform/Debug/CMSIS/startup_gcc/newlib_stubs.o
 .debug_abbrev  0x00000456      0x245 C:\Users\mtstacho\Desktop\VisionAssistance\SoftConsole\MSS01_MSS_CM3_0\MSS01_MSS_CM3_0_hw_platform\Debug\libMSS01_MSS_CM3_0_hw_platform.a(mss_uart.o)
 .debug_abbrev  0x0000069b      0x22b C:\Users\mtstacho\Desktop\VisionAssistance\SoftConsole\MSS01_MSS_CM3_0\MSS01_MSS_CM3_0_hw_platform\Debug\libMSS01_MSS_CM3_0_hw_platform.a(mss_i2c.o)
 .debug_abbrev  0x000008c6      0x181 C:\Users\mtstacho\Desktop\VisionAssistance\SoftConsole\MSS01_MSS_CM3_0\MSS01_MSS_CM3_0_hw_platform\Debug\libMSS01_MSS_CM3_0_hw_platform.a(mss_gpio.o)
 .debug_abbrev  0x00000a47       0xd9 C:\Users\mtstacho\Desktop\VisionAssistance\SoftConsole\MSS01_MSS_CM3_0\MSS01_MSS_CM3_0_hw_platform\Debug\libMSS01_MSS_CM3_0_hw_platform.a(core_cm3.o)
 .debug_abbrev  0x00000b20      0x111 C:\Users\mtstacho\Desktop\VisionAssistance\SoftConsole\MSS01_MSS_CM3_0\MSS01_MSS_CM3_0_hw_platform\Debug\libMSS01_MSS_CM3_0_hw_platform.a(system_a2fxxxm3.o)

.debug_line     0x00000000     0x2347
 *(.debug_line)
 .debug_line    0x00000000      0x9d6 ./main.o
 .debug_line    0x000009d6      0x509 C:/Users/mtstacho/Desktop/VisionAssistance/SoftConsole/MSS01_MSS_CM3_0/MSS01_MSS_CM3_0_hw_platform/Debug/CMSIS/startup_gcc/newlib_stubs.o
 .debug_line    0x00000edf      0x575 C:\Users\mtstacho\Desktop\VisionAssistance\SoftConsole\MSS01_MSS_CM3_0\MSS01_MSS_CM3_0_hw_platform\Debug\libMSS01_MSS_CM3_0_hw_platform.a(mss_uart.o)
 .debug_line    0x00001454      0x6f2 C:\Users\mtstacho\Desktop\VisionAssistance\SoftConsole\MSS01_MSS_CM3_0\MSS01_MSS_CM3_0_hw_platform\Debug\libMSS01_MSS_CM3_0_hw_platform.a(mss_i2c.o)
 .debug_line    0x00001b46      0x326 C:\Users\mtstacho\Desktop\VisionAssistance\SoftConsole\MSS01_MSS_CM3_0\MSS01_MSS_CM3_0_hw_platform\Debug\libMSS01_MSS_CM3_0_hw_platform.a(mss_gpio.o)
 .debug_line    0x00001e6c      0x260 C:\Users\mtstacho\Desktop\VisionAssistance\SoftConsole\MSS01_MSS_CM3_0\MSS01_MSS_CM3_0_hw_platform\Debug\libMSS01_MSS_CM3_0_hw_platform.a(core_cm3.o)
 .debug_line    0x000020cc      0x27b C:\Users\mtstacho\Desktop\VisionAssistance\SoftConsole\MSS01_MSS_CM3_0\MSS01_MSS_CM3_0_hw_platform\Debug\libMSS01_MSS_CM3_0_hw_platform.a(system_a2fxxxm3.o)

.debug_frame    0x00000000     0x1e2c
 *(.debug_frame)
 .debug_frame   0x00000000      0x3cc ./main.o
 .debug_frame   0x000003cc      0x220 C:/Users/mtstacho/Desktop/VisionAssistance/SoftConsole/MSS01_MSS_CM3_0/MSS01_MSS_CM3_0_hw_platform/Debug/CMSIS/startup_gcc/newlib_stubs.o
 .debug_frame   0x000005ec      0x2e4 C:\Users\mtstacho\Desktop\VisionAssistance\SoftConsole\MSS01_MSS_CM3_0\MSS01_MSS_CM3_0_hw_platform\Debug\libMSS01_MSS_CM3_0_hw_platform.a(mss_uart.o)
 .debug_frame   0x000008d0      0x40c C:\Users\mtstacho\Desktop\VisionAssistance\SoftConsole\MSS01_MSS_CM3_0\MSS01_MSS_CM3_0_hw_platform\Debug\libMSS01_MSS_CM3_0_hw_platform.a(mss_i2c.o)
 .debug_frame   0x00000cdc      0x118 C:\Users\mtstacho\Desktop\VisionAssistance\SoftConsole\MSS01_MSS_CM3_0\MSS01_MSS_CM3_0_hw_platform\Debug\libMSS01_MSS_CM3_0_hw_platform.a(mss_gpio.o)
 .debug_frame   0x00000df4      0x248 C:\Users\mtstacho\Desktop\VisionAssistance\SoftConsole\MSS01_MSS_CM3_0\MSS01_MSS_CM3_0_hw_platform\Debug\libMSS01_MSS_CM3_0_hw_platform.a(core_cm3.o)
 .debug_frame   0x0000103c       0x64 C:\Users\mtstacho\Desktop\VisionAssistance\SoftConsole\MSS01_MSS_CM3_0\MSS01_MSS_CM3_0_hw_platform\Debug\libMSS01_MSS_CM3_0_hw_platform.a(system_a2fxxxm3.o)
 .debug_frame   0x000010a0       0x20 c:/microsemi/softconsole v3.3/sourcery-g++/bin/../lib/gcc/arm-none-eabi/4.4.1/../../../../arm-none-eabi/lib/thumb2\libc.a(lib_a-errno.o)
 .debug_frame   0x000010c0       0x2c c:/microsemi/softconsole v3.3/sourcery-g++/bin/../lib/gcc/arm-none-eabi/4.4.1/../../../../arm-none-eabi/lib/thumb2\libc.a(lib_a-init.o)
 .debug_frame   0x000010ec       0x28 c:/microsemi/softconsole v3.3/sourcery-g++/bin/../lib/gcc/arm-none-eabi/4.4.1/../../../../arm-none-eabi/lib/thumb2\libc.a(lib_a-memset.o)
 .debug_frame   0x00001114       0x5c c:/microsemi/softconsole v3.3/sourcery-g++/bin/../lib/gcc/arm-none-eabi/4.4.1/../../../../arm-none-eabi/lib/thumb2\libc.a(lib_a-printf.o)
 .debug_frame   0x00001170       0x40 c:/microsemi/softconsole v3.3/sourcery-g++/bin/../lib/gcc/arm-none-eabi/4.4.1/../../../../arm-none-eabi/lib/thumb2\libc.a(lib_a-puts.o)
 .debug_frame   0x000011b0       0x20 c:/microsemi/softconsole v3.3/sourcery-g++/bin/../lib/gcc/arm-none-eabi/4.4.1/../../../../arm-none-eabi/lib/thumb2\libc.a(lib_a-strlen.o)
 .debug_frame   0x000011d0       0x70 c:/microsemi/softconsole v3.3/sourcery-g++/bin/../lib/gcc/arm-none-eabi/4.4.1/../../../../arm-none-eabi/lib/thumb2\libc.a(lib_a-vfprintf.o)
 .debug_frame   0x00001240       0x2c c:/microsemi/softconsole v3.3/sourcery-g++/bin/../lib/gcc/arm-none-eabi/4.4.1/../../../../arm-none-eabi/lib/thumb2\libc.a(lib_a-wsetup.o)
 .debug_frame   0x0000126c       0x64 c:/microsemi/softconsole v3.3/sourcery-g++/bin/../lib/gcc/arm-none-eabi/4.4.1/../../../../arm-none-eabi/lib/thumb2\libc.a(lib_a-dtoa.o)
 .debug_frame   0x000012d0       0x40 c:/microsemi/softconsole v3.3/sourcery-g++/bin/../lib/gcc/arm-none-eabi/4.4.1/../../../../arm-none-eabi/lib/thumb2\libc.a(lib_a-fflush.o)
 .debug_frame   0x00001310      0x11c c:/microsemi/softconsole v3.3/sourcery-g++/bin/../lib/gcc/arm-none-eabi/4.4.1/../../../../arm-none-eabi/lib/thumb2\libc.a(lib_a-findfp.o)
 .debug_frame   0x0000142c       0x50 c:/microsemi/softconsole v3.3/sourcery-g++/bin/../lib/gcc/arm-none-eabi/4.4.1/../../../../arm-none-eabi/lib/thumb2\libc.a(lib_a-freer.o)
 .debug_frame   0x0000147c       0x3c c:/microsemi/softconsole v3.3/sourcery-g++/bin/../lib/gcc/arm-none-eabi/4.4.1/../../../../arm-none-eabi/lib/thumb2\libc.a(lib_a-fvwrite.o)
 .debug_frame   0x000014b8       0x54 c:/microsemi/softconsole v3.3/sourcery-g++/bin/../lib/gcc/arm-none-eabi/4.4.1/../../../../arm-none-eabi/lib/thumb2\libc.a(lib_a-fwalk.o)
 .debug_frame   0x0000150c       0x6c c:/microsemi/softconsole v3.3/sourcery-g++/bin/../lib/gcc/arm-none-eabi/4.4.1/../../../../arm-none-eabi/lib/thumb2\libc.a(lib_a-locale.o)
 .debug_frame   0x00001578       0x34 c:/microsemi/softconsole v3.3/sourcery-g++/bin/../lib/gcc/arm-none-eabi/4.4.1/../../../../arm-none-eabi/lib/thumb2\libc.a(lib_a-makebuf.o)
 .debug_frame   0x000015ac       0x30 c:/microsemi/softconsole v3.3/sourcery-g++/bin/../lib/gcc/arm-none-eabi/4.4.1/../../../../arm-none-eabi/lib/thumb2\libc.a(lib_a-malloc.o)
 .debug_frame   0x000015dc       0x3c c:/microsemi/softconsole v3.3/sourcery-g++/bin/../lib/gcc/arm-none-eabi/4.4.1/../../../../arm-none-eabi/lib/thumb2\libc.a(lib_a-mallocr.o)
 .debug_frame   0x00001618       0x28 c:/microsemi/softconsole v3.3/sourcery-g++/bin/../lib/gcc/arm-none-eabi/4.4.1/../../../../arm-none-eabi/lib/thumb2\libc.a(lib_a-memchr.o)
 .debug_frame   0x00001640       0x34 c:/microsemi/softconsole v3.3/sourcery-g++/bin/../lib/gcc/arm-none-eabi/4.4.1/../../../../arm-none-eabi/lib/thumb2\libc.a(lib_a-memcpy.o)
 .debug_frame   0x00001674       0x2c c:/microsemi/softconsole v3.3/sourcery-g++/bin/../lib/gcc/arm-none-eabi/4.4.1/../../../../arm-none-eabi/lib/thumb2\libc.a(lib_a-memmove.o)
 .debug_frame   0x000016a0       0x30 c:/microsemi/softconsole v3.3/sourcery-g++/bin/../lib/gcc/arm-none-eabi/4.4.1/../../../../arm-none-eabi/lib/thumb2\libc.a(lib_a-mlock.o)
 .debug_frame   0x000016d0      0x240 c:/microsemi/softconsole v3.3/sourcery-g++/bin/../lib/gcc/arm-none-eabi/4.4.1/../../../../arm-none-eabi/lib/thumb2\libc.a(lib_a-mprec.o)
 .debug_frame   0x00001910       0x3c c:/microsemi/softconsole v3.3/sourcery-g++/bin/../lib/gcc/arm-none-eabi/4.4.1/../../../../arm-none-eabi/lib/thumb2\libc.a(lib_a-reallocr.o)
 .debug_frame   0x0000194c       0x20 c:/microsemi/softconsole v3.3/sourcery-g++/bin/../lib/gcc/arm-none-eabi/4.4.1/../../../../arm-none-eabi/lib/thumb2\libc.a(lib_a-s_isinfd.o)
 .debug_frame   0x0000196c       0x20 c:/microsemi/softconsole v3.3/sourcery-g++/bin/../lib/gcc/arm-none-eabi/4.4.1/../../../../arm-none-eabi/lib/thumb2\libc.a(lib_a-s_isnand.o)
 .debug_frame   0x0000198c       0x2c c:/microsemi/softconsole v3.3/sourcery-g++/bin/../lib/gcc/arm-none-eabi/4.4.1/../../../../arm-none-eabi/lib/thumb2\libc.a(lib_a-sbrkr.o)
 .debug_frame   0x000019b8       0x70 c:/microsemi/softconsole v3.3/sourcery-g++/bin/../lib/gcc/arm-none-eabi/4.4.1/../../../../arm-none-eabi/lib/thumb2\libc.a(lib_a-stdio.o)
 .debug_frame   0x00001a28       0x30 c:/microsemi/softconsole v3.3/sourcery-g++/bin/../lib/gcc/arm-none-eabi/4.4.1/../../../../arm-none-eabi/lib/thumb2\libc.a(lib_a-strcmp.o)
 .debug_frame   0x00001a58       0x2c c:/microsemi/softconsole v3.3/sourcery-g++/bin/../lib/gcc/arm-none-eabi/4.4.1/../../../../arm-none-eabi/lib/thumb2\libc.a(lib_a-callocr.o)
 .debug_frame   0x00001a84       0x2c c:/microsemi/softconsole v3.3/sourcery-g++/bin/../lib/gcc/arm-none-eabi/4.4.1/../../../../arm-none-eabi/lib/thumb2\libc.a(lib_a-closer.o)
 .debug_frame   0x00001ab0       0x3c c:/microsemi/softconsole v3.3/sourcery-g++/bin/../lib/gcc/arm-none-eabi/4.4.1/../../../../arm-none-eabi/lib/thumb2\libc.a(lib_a-fclose.o)
 .debug_frame   0x00001aec       0x2c c:/microsemi/softconsole v3.3/sourcery-g++/bin/../lib/gcc/arm-none-eabi/4.4.1/../../../../arm-none-eabi/lib/thumb2\libc.a(lib_a-fstatr.o)
 .debug_frame   0x00001b18       0x2c c:/microsemi/softconsole v3.3/sourcery-g++/bin/../lib/gcc/arm-none-eabi/4.4.1/../../../../arm-none-eabi/lib/thumb2\libc.a(lib_a-isattyr.o)
 .debug_frame   0x00001b44       0x2c c:/microsemi/softconsole v3.3/sourcery-g++/bin/../lib/gcc/arm-none-eabi/4.4.1/../../../../arm-none-eabi/lib/thumb2\libc.a(lib_a-lseekr.o)
 .debug_frame   0x00001b70       0x2c c:/microsemi/softconsole v3.3/sourcery-g++/bin/../lib/gcc/arm-none-eabi/4.4.1/../../../../arm-none-eabi/lib/thumb2\libc.a(lib_a-readr.o)
 .debug_frame   0x00001b9c       0x64 c:/microsemi/softconsole v3.3/sourcery-g++/bin/../lib/gcc/arm-none-eabi/4.4.1/../../../../arm-none-eabi/lib/thumb2\libc.a(lib_a-reent.o)
 .debug_frame   0x00001c00       0x20 c:/microsemi/softconsole v3.3/sourcery-g++/bin/../lib/gcc/arm-none-eabi/4.4.1/thumb2\libgcc.a(_udivsi3.o)
 .debug_frame   0x00001c20       0x50 c:/microsemi/softconsole v3.3/sourcery-g++/bin/../lib/gcc/arm-none-eabi/4.4.1/thumb2\libgcc.a(bpabi.o)
 .debug_frame   0x00001c70       0x3c c:/microsemi/softconsole v3.3/sourcery-g++/bin/../lib/gcc/arm-none-eabi/4.4.1/thumb2\libgcc.a(_divdi3.o)
 .debug_frame   0x00001cac       0x3c c:/microsemi/softconsole v3.3/sourcery-g++/bin/../lib/gcc/arm-none-eabi/4.4.1/thumb2\libgcc.a(_udivdi3.o)
 .debug_frame   0x00001ce8       0x34 c:/microsemi/softconsole v3.3/sourcery-g++/bin/../lib/gcc/arm-none-eabi/4.4.1/../../../../arm-none-eabi/lib/thumb2\libm.a(lib_a-w_exp.o)
 .debug_frame   0x00001d1c       0x38 c:/microsemi/softconsole v3.3/sourcery-g++/bin/../lib/gcc/arm-none-eabi/4.4.1/../../../../arm-none-eabi/lib/thumb2\libm.a(lib_a-w_log.o)
 .debug_frame   0x00001d54       0x3c c:/microsemi/softconsole v3.3/sourcery-g++/bin/../lib/gcc/arm-none-eabi/4.4.1/../../../../arm-none-eabi/lib/thumb2\libm.a(lib_a-e_exp.o)
 .debug_frame   0x00001d90       0x3c c:/microsemi/softconsole v3.3/sourcery-g++/bin/../lib/gcc/arm-none-eabi/4.4.1/../../../../arm-none-eabi/lib/thumb2\libm.a(lib_a-e_log.o)
 .debug_frame   0x00001dcc       0x20 c:/microsemi/softconsole v3.3/sourcery-g++/bin/../lib/gcc/arm-none-eabi/4.4.1/../../../../arm-none-eabi/lib/thumb2\libm.a(lib_a-s_finite.o)
 .debug_frame   0x00001dec       0x20 c:/microsemi/softconsole v3.3/sourcery-g++/bin/../lib/gcc/arm-none-eabi/4.4.1/../../../../arm-none-eabi/lib/thumb2\libm.a(lib_a-s_matherr.o)
 .debug_frame   0x00001e0c       0x20 c:/microsemi/softconsole v3.3/sourcery-g++/bin/../lib/gcc/arm-none-eabi/4.4.1/../../../../arm-none-eabi/lib/thumb2\libm.a(lib_a-s_nan.o)

.debug_str      0x00000000     0x28cf
 *(.debug_str)
 .debug_str     0x00000000     0x15de ./main.o
                               0x16d1 (size before relaxing)
 .debug_str     0x000015de      0x48f C:/Users/mtstacho/Desktop/VisionAssistance/SoftConsole/MSS01_MSS_CM3_0/MSS01_MSS_CM3_0_hw_platform/Debug/CMSIS/startup_gcc/newlib_stubs.o
                               0x10a9 (size before relaxing)
 .debug_str     0x00001a6d      0x5c5 C:\Users\mtstacho\Desktop\VisionAssistance\SoftConsole\MSS01_MSS_CM3_0\MSS01_MSS_CM3_0_hw_platform\Debug\libMSS01_MSS_CM3_0_hw_platform.a(mss_uart.o)
                               0x14ba (size before relaxing)
 .debug_str     0x00002032      0x38c C:\Users\mtstacho\Desktop\VisionAssistance\SoftConsole\MSS01_MSS_CM3_0\MSS01_MSS_CM3_0_hw_platform\Debug\libMSS01_MSS_CM3_0_hw_platform.a(mss_i2c.o)
                               0x175a (size before relaxing)
 .debug_str     0x000023be      0x2df C:\Users\mtstacho\Desktop\VisionAssistance\SoftConsole\MSS01_MSS_CM3_0\MSS01_MSS_CM3_0_hw_platform\Debug\libMSS01_MSS_CM3_0_hw_platform.a(mss_gpio.o)
                               0x1292 (size before relaxing)
 .debug_str     0x0000269d      0x13b C:\Users\mtstacho\Desktop\VisionAssistance\SoftConsole\MSS01_MSS_CM3_0\MSS01_MSS_CM3_0_hw_platform\Debug\libMSS01_MSS_CM3_0_hw_platform.a(core_cm3.o)
                                0x270 (size before relaxing)
 .debug_str     0x000027d8       0xf7 C:\Users\mtstacho\Desktop\VisionAssistance\SoftConsole\MSS01_MSS_CM3_0\MSS01_MSS_CM3_0_hw_platform\Debug\libMSS01_MSS_CM3_0_hw_platform.a(system_a2fxxxm3.o)
                                0x45d (size before relaxing)

.debug_loc      0x00000000     0x1ce1
 *(.debug_loc)
 .debug_loc     0x00000000      0x66f ./main.o
 .debug_loc     0x0000066f      0x3c6 C:/Users/mtstacho/Desktop/VisionAssistance/SoftConsole/MSS01_MSS_CM3_0/MSS01_MSS_CM3_0_hw_platform/Debug/CMSIS/startup_gcc/newlib_stubs.o
 .debug_loc     0x00000a35      0x510 C:\Users\mtstacho\Desktop\VisionAssistance\SoftConsole\MSS01_MSS_CM3_0\MSS01_MSS_CM3_0_hw_platform\Debug\libMSS01_MSS_CM3_0_hw_platform.a(mss_uart.o)
 .debug_loc     0x00000f45      0x736 C:\Users\mtstacho\Desktop\VisionAssistance\SoftConsole\MSS01_MSS_CM3_0\MSS01_MSS_CM3_0_hw_platform\Debug\libMSS01_MSS_CM3_0_hw_platform.a(mss_i2c.o)
 .debug_loc     0x0000167b      0x1ef C:\Users\mtstacho\Desktop\VisionAssistance\SoftConsole\MSS01_MSS_CM3_0\MSS01_MSS_CM3_0_hw_platform\Debug\libMSS01_MSS_CM3_0_hw_platform.a(mss_gpio.o)
 .debug_loc     0x0000186a      0x3de C:\Users\mtstacho\Desktop\VisionAssistance\SoftConsole\MSS01_MSS_CM3_0\MSS01_MSS_CM3_0_hw_platform\Debug\libMSS01_MSS_CM3_0_hw_platform.a(core_cm3.o)
 .debug_loc     0x00001c48       0x99 C:\Users\mtstacho\Desktop\VisionAssistance\SoftConsole\MSS01_MSS_CM3_0\MSS01_MSS_CM3_0_hw_platform\Debug\libMSS01_MSS_CM3_0_hw_platform.a(system_a2fxxxm3.o)

.debug_macinfo  0x00000000    0x2e7a5
 *(.debug_macinfo)
 .debug_macinfo
                0x00000000     0xa883 ./main.o
 .debug_macinfo
                0x0000a883     0x9965 C:/Users/mtstacho/Desktop/VisionAssistance/SoftConsole/MSS01_MSS_CM3_0/MSS01_MSS_CM3_0_hw_platform/Debug/CMSIS/startup_gcc/newlib_stubs.o
 .debug_macinfo
                0x000141e8     0x63e4 C:\Users\mtstacho\Desktop\VisionAssistance\SoftConsole\MSS01_MSS_CM3_0\MSS01_MSS_CM3_0_hw_platform\Debug\libMSS01_MSS_CM3_0_hw_platform.a(mss_uart.o)
 .debug_macinfo
                0x0001a5cc     0x7519 C:\Users\mtstacho\Desktop\VisionAssistance\SoftConsole\MSS01_MSS_CM3_0\MSS01_MSS_CM3_0_hw_platform\Debug\libMSS01_MSS_CM3_0_hw_platform.a(mss_i2c.o)
 .debug_macinfo
                0x00021ae5     0x5cfb C:\Users\mtstacho\Desktop\VisionAssistance\SoftConsole\MSS01_MSS_CM3_0\MSS01_MSS_CM3_0_hw_platform\Debug\libMSS01_MSS_CM3_0_hw_platform.a(mss_gpio.o)
 .debug_macinfo
                0x000277e0     0x152c C:\Users\mtstacho\Desktop\VisionAssistance\SoftConsole\MSS01_MSS_CM3_0\MSS01_MSS_CM3_0_hw_platform\Debug\libMSS01_MSS_CM3_0_hw_platform.a(core_cm3.o)
 .debug_macinfo
                0x00028d0c     0x5a99 C:\Users\mtstacho\Desktop\VisionAssistance\SoftConsole\MSS01_MSS_CM3_0\MSS01_MSS_CM3_0_hw_platform\Debug\libMSS01_MSS_CM3_0_hw_platform.a(system_a2fxxxm3.o)

.debug_weaknames
 *(.debug_weaknames)

.debug_funcnames
 *(.debug_funcnames)

.debug_typenames
 *(.debug_typenames)

.debug_varnames
 *(.debug_varnames)

.note.gnu.arm.ident
 *(.note.gnu.arm.ident)

.ARM.attributes
                0x00000000       0x25
 *(.ARM.attributes)
 .ARM.attributes
                0x00000000       0x19 c:/microsemi/softconsole v3.3/sourcery-g++/bin/../lib/gcc/arm-none-eabi/4.4.1/thumb2/crti.o
 .ARM.attributes
                0x00000019       0x29 c:/microsemi/softconsole v3.3/sourcery-g++/bin/../lib/gcc/arm-none-eabi/4.4.1/thumb2/crtbegin.o
 .ARM.attributes
                0x00000042       0x31 ./main.o
 .ARM.attributes
                0x00000073       0x21 C:/Users/mtstacho/Desktop/VisionAssistance/SoftConsole/MSS01_MSS_CM3_0/MSS01_MSS_CM3_0_hw_platform/Debug/CMSIS/startup_gcc/startup_a2fxxxm3.o
 .ARM.attributes
                0x00000094       0x31 C:/Users/mtstacho/Desktop/VisionAssistance/SoftConsole/MSS01_MSS_CM3_0/MSS01_MSS_CM3_0_hw_platform/Debug/CMSIS/startup_gcc/newlib_stubs.o
 .ARM.attributes
                0x000000c5       0x31 C:\Users\mtstacho\Desktop\VisionAssistance\SoftConsole\MSS01_MSS_CM3_0\MSS01_MSS_CM3_0_hw_platform\Debug\libMSS01_MSS_CM3_0_hw_platform.a(mss_uart.o)
 .ARM.attributes
                0x000000f6       0x31 C:\Users\mtstacho\Desktop\VisionAssistance\SoftConsole\MSS01_MSS_CM3_0\MSS01_MSS_CM3_0_hw_platform\Debug\libMSS01_MSS_CM3_0_hw_platform.a(mss_i2c.o)
 .ARM.attributes
                0x00000127       0x31 C:\Users\mtstacho\Desktop\VisionAssistance\SoftConsole\MSS01_MSS_CM3_0\MSS01_MSS_CM3_0_hw_platform\Debug\libMSS01_MSS_CM3_0_hw_platform.a(mss_gpio.o)
 .ARM.attributes
                0x00000158       0x31 C:\Users\mtstacho\Desktop\VisionAssistance\SoftConsole\MSS01_MSS_CM3_0\MSS01_MSS_CM3_0_hw_platform\Debug\libMSS01_MSS_CM3_0_hw_platform.a(core_cm3.o)
 .ARM.attributes
                0x00000189       0x31 C:\Users\mtstacho\Desktop\VisionAssistance\SoftConsole\MSS01_MSS_CM3_0\MSS01_MSS_CM3_0_hw_platform\Debug\libMSS01_MSS_CM3_0_hw_platform.a(system_a2fxxxm3.o)
 .ARM.attributes
                0x000001ba       0x1b c:/microsemi/softconsole v3.3/sourcery-g++/bin/../lib/gcc/arm-none-eabi/4.4.1/thumb2\libgcc.a(_arm_addsubdf3.o)
 .ARM.attributes
                0x000001d5       0x1b c:/microsemi/softconsole v3.3/sourcery-g++/bin/../lib/gcc/arm-none-eabi/4.4.1/thumb2\libgcc.a(_arm_muldivdf3.o)
 .ARM.attributes
                0x000001f0       0x1b c:/microsemi/softconsole v3.3/sourcery-g++/bin/../lib/gcc/arm-none-eabi/4.4.1/thumb2\libgcc.a(_arm_cmpdf2.o)
 .ARM.attributes
                0x0000020b       0x1b c:/microsemi/softconsole v3.3/sourcery-g++/bin/../lib/gcc/arm-none-eabi/4.4.1/thumb2\libgcc.a(_arm_fixdfsi.o)
 .ARM.attributes
                0x00000226       0x1b c:/microsemi/softconsole v3.3/sourcery-g++/bin/../lib/gcc/arm-none-eabi/4.4.1/thumb2\libgcc.a(_arm_fixunsdfsi.o)
 .ARM.attributes
                0x00000241       0x1b c:/microsemi/softconsole v3.3/sourcery-g++/bin/../lib/gcc/arm-none-eabi/4.4.1/thumb2\libgcc.a(_arm_addsubsf3.o)
 .ARM.attributes
                0x0000025c       0x1b c:/microsemi/softconsole v3.3/sourcery-g++/bin/../lib/gcc/arm-none-eabi/4.4.1/thumb2\libgcc.a(_arm_muldivsf3.o)
 .ARM.attributes
                0x00000277       0x1b c:/microsemi/softconsole v3.3/sourcery-g++/bin/../lib/gcc/arm-none-eabi/4.4.1/thumb2\libgcc.a(_arm_cmpsf2.o)
 .ARM.attributes
                0x00000292       0x1b c:/microsemi/softconsole v3.3/sourcery-g++/bin/../lib/gcc/arm-none-eabi/4.4.1/thumb2\libgcc.a(_arm_fixsfsi.o)
 .ARM.attributes
                0x000002ad       0x29 c:/microsemi/softconsole v3.3/sourcery-g++/bin/../lib/gcc/arm-none-eabi/4.4.1/../../../../arm-none-eabi/lib/thumb2\libc.a(lib_a-errno.o)
 .ARM.attributes
                0x000002d6       0x29 c:/microsemi/softconsole v3.3/sourcery-g++/bin/../lib/gcc/arm-none-eabi/4.4.1/../../../../arm-none-eabi/lib/thumb2\libc.a(lib_a-impure.o)
 .ARM.attributes
                0x000002ff       0x29 c:/microsemi/softconsole v3.3/sourcery-g++/bin/../lib/gcc/arm-none-eabi/4.4.1/../../../../arm-none-eabi/lib/thumb2\libc.a(lib_a-init.o)
 .ARM.attributes
                0x00000328       0x29 c:/microsemi/softconsole v3.3/sourcery-g++/bin/../lib/gcc/arm-none-eabi/4.4.1/../../../../arm-none-eabi/lib/thumb2\libc.a(lib_a-memset.o)
 .ARM.attributes
                0x00000351       0x29 c:/microsemi/softconsole v3.3/sourcery-g++/bin/../lib/gcc/arm-none-eabi/4.4.1/../../../../arm-none-eabi/lib/thumb2\libc.a(lib_a-printf.o)
 .ARM.attributes
                0x0000037a       0x29 c:/microsemi/softconsole v3.3/sourcery-g++/bin/../lib/gcc/arm-none-eabi/4.4.1/../../../../arm-none-eabi/lib/thumb2\libc.a(lib_a-puts.o)
 .ARM.attributes
                0x000003a3       0x29 c:/microsemi/softconsole v3.3/sourcery-g++/bin/../lib/gcc/arm-none-eabi/4.4.1/../../../../arm-none-eabi/lib/thumb2\libc.a(lib_a-strlen.o)
 .ARM.attributes
                0x000003cc       0x29 c:/microsemi/softconsole v3.3/sourcery-g++/bin/../lib/gcc/arm-none-eabi/4.4.1/../../../../arm-none-eabi/lib/thumb2\libc.a(lib_a-vfprintf.o)
 .ARM.attributes
                0x000003f5       0x29 c:/microsemi/softconsole v3.3/sourcery-g++/bin/../lib/gcc/arm-none-eabi/4.4.1/../../../../arm-none-eabi/lib/thumb2\libc.a(lib_a-wsetup.o)
 .ARM.attributes
                0x0000041e       0x29 c:/microsemi/softconsole v3.3/sourcery-g++/bin/../lib/gcc/arm-none-eabi/4.4.1/../../../../arm-none-eabi/lib/thumb2\libc.a(lib_a-dtoa.o)
 .ARM.attributes
                0x00000447       0x29 c:/microsemi/softconsole v3.3/sourcery-g++/bin/../lib/gcc/arm-none-eabi/4.4.1/../../../../arm-none-eabi/lib/thumb2\libc.a(lib_a-fflush.o)
 .ARM.attributes
                0x00000470       0x29 c:/microsemi/softconsole v3.3/sourcery-g++/bin/../lib/gcc/arm-none-eabi/4.4.1/../../../../arm-none-eabi/lib/thumb2\libc.a(lib_a-findfp.o)
 .ARM.attributes
                0x00000499       0x29 c:/microsemi/softconsole v3.3/sourcery-g++/bin/../lib/gcc/arm-none-eabi/4.4.1/../../../../arm-none-eabi/lib/thumb2\libc.a(lib_a-freer.o)
 .ARM.attributes
                0x000004c2       0x29 c:/microsemi/softconsole v3.3/sourcery-g++/bin/../lib/gcc/arm-none-eabi/4.4.1/../../../../arm-none-eabi/lib/thumb2\libc.a(lib_a-fvwrite.o)
 .ARM.attributes
                0x000004eb       0x29 c:/microsemi/softconsole v3.3/sourcery-g++/bin/../lib/gcc/arm-none-eabi/4.4.1/../../../../arm-none-eabi/lib/thumb2\libc.a(lib_a-fwalk.o)
 .ARM.attributes
                0x00000514       0x29 c:/microsemi/softconsole v3.3/sourcery-g++/bin/../lib/gcc/arm-none-eabi/4.4.1/../../../../arm-none-eabi/lib/thumb2\libc.a(lib_a-locale.o)
 .ARM.attributes
                0x0000053d       0x29 c:/microsemi/softconsole v3.3/sourcery-g++/bin/../lib/gcc/arm-none-eabi/4.4.1/../../../../arm-none-eabi/lib/thumb2\libc.a(lib_a-makebuf.o)
 .ARM.attributes
                0x00000566       0x29 c:/microsemi/softconsole v3.3/sourcery-g++/bin/../lib/gcc/arm-none-eabi/4.4.1/../../../../arm-none-eabi/lib/thumb2\libc.a(lib_a-malloc.o)
 .ARM.attributes
                0x0000058f       0x29 c:/microsemi/softconsole v3.3/sourcery-g++/bin/../lib/gcc/arm-none-eabi/4.4.1/../../../../arm-none-eabi/lib/thumb2\libc.a(lib_a-mallocr.o)
 .ARM.attributes
                0x000005b8       0x29 c:/microsemi/softconsole v3.3/sourcery-g++/bin/../lib/gcc/arm-none-eabi/4.4.1/../../../../arm-none-eabi/lib/thumb2\libc.a(lib_a-memchr.o)
 .ARM.attributes
                0x000005e1       0x29 c:/microsemi/softconsole v3.3/sourcery-g++/bin/../lib/gcc/arm-none-eabi/4.4.1/../../../../arm-none-eabi/lib/thumb2\libc.a(lib_a-memcpy.o)
 .ARM.attributes
                0x0000060a       0x29 c:/microsemi/softconsole v3.3/sourcery-g++/bin/../lib/gcc/arm-none-eabi/4.4.1/../../../../arm-none-eabi/lib/thumb2\libc.a(lib_a-memmove.o)
 .ARM.attributes
                0x00000633       0x29 c:/microsemi/softconsole v3.3/sourcery-g++/bin/../lib/gcc/arm-none-eabi/4.4.1/../../../../arm-none-eabi/lib/thumb2\libc.a(lib_a-mlock.o)
 .ARM.attributes
                0x0000065c       0x29 c:/microsemi/softconsole v3.3/sourcery-g++/bin/../lib/gcc/arm-none-eabi/4.4.1/../../../../arm-none-eabi/lib/thumb2\libc.a(lib_a-mprec.o)
 .ARM.attributes
                0x00000685       0x29 c:/microsemi/softconsole v3.3/sourcery-g++/bin/../lib/gcc/arm-none-eabi/4.4.1/../../../../arm-none-eabi/lib/thumb2\libc.a(lib_a-reallocr.o)
 .ARM.attributes
                0x000006ae       0x29 c:/microsemi/softconsole v3.3/sourcery-g++/bin/../lib/gcc/arm-none-eabi/4.4.1/../../../../arm-none-eabi/lib/thumb2\libc.a(lib_a-s_isinfd.o)
 .ARM.attributes
                0x000006d7       0x29 c:/microsemi/softconsole v3.3/sourcery-g++/bin/../lib/gcc/arm-none-eabi/4.4.1/../../../../arm-none-eabi/lib/thumb2\libc.a(lib_a-s_isnand.o)
 .ARM.attributes
                0x00000700       0x29 c:/microsemi/softconsole v3.3/sourcery-g++/bin/../lib/gcc/arm-none-eabi/4.4.1/../../../../arm-none-eabi/lib/thumb2\libc.a(lib_a-sbrkr.o)
 .ARM.attributes
                0x00000729       0x29 c:/microsemi/softconsole v3.3/sourcery-g++/bin/../lib/gcc/arm-none-eabi/4.4.1/../../../../arm-none-eabi/lib/thumb2\libc.a(lib_a-stdio.o)
 .ARM.attributes
                0x00000752       0x29 c:/microsemi/softconsole v3.3/sourcery-g++/bin/../lib/gcc/arm-none-eabi/4.4.1/../../../../arm-none-eabi/lib/thumb2\libc.a(lib_a-strcmp.o)
 .ARM.attributes
                0x0000077b       0x29 c:/microsemi/softconsole v3.3/sourcery-g++/bin/../lib/gcc/arm-none-eabi/4.4.1/../../../../arm-none-eabi/lib/thumb2\libc.a(lib_a-callocr.o)
 .ARM.attributes
                0x000007a4       0x29 c:/microsemi/softconsole v3.3/sourcery-g++/bin/../lib/gcc/arm-none-eabi/4.4.1/../../../../arm-none-eabi/lib/thumb2\libc.a(lib_a-closer.o)
 .ARM.attributes
                0x000007cd       0x29 c:/microsemi/softconsole v3.3/sourcery-g++/bin/../lib/gcc/arm-none-eabi/4.4.1/../../../../arm-none-eabi/lib/thumb2\libc.a(lib_a-fclose.o)
 .ARM.attributes
                0x000007f6       0x29 c:/microsemi/softconsole v3.3/sourcery-g++/bin/../lib/gcc/arm-none-eabi/4.4.1/../../../../arm-none-eabi/lib/thumb2\libc.a(lib_a-fstatr.o)
 .ARM.attributes
                0x0000081f       0x29 c:/microsemi/softconsole v3.3/sourcery-g++/bin/../lib/gcc/arm-none-eabi/4.4.1/../../../../arm-none-eabi/lib/thumb2\libc.a(lib_a-isattyr.o)
 .ARM.attributes
                0x00000848       0x29 c:/microsemi/softconsole v3.3/sourcery-g++/bin/../lib/gcc/arm-none-eabi/4.4.1/../../../../arm-none-eabi/lib/thumb2\libc.a(lib_a-lseekr.o)
 .ARM.attributes
                0x00000871       0x29 c:/microsemi/softconsole v3.3/sourcery-g++/bin/../lib/gcc/arm-none-eabi/4.4.1/../../../../arm-none-eabi/lib/thumb2\libc.a(lib_a-readr.o)
 .ARM.attributes
                0x0000089a       0x29 c:/microsemi/softconsole v3.3/sourcery-g++/bin/../lib/gcc/arm-none-eabi/4.4.1/../../../../arm-none-eabi/lib/thumb2\libc.a(lib_a-reent.o)
 .ARM.attributes
                0x000008c3       0x1b c:/microsemi/softconsole v3.3/sourcery-g++/bin/../lib/gcc/arm-none-eabi/4.4.1/thumb2\libgcc.a(_udivsi3.o)
 .ARM.attributes
                0x000008de       0x1b c:/microsemi/softconsole v3.3/sourcery-g++/bin/../lib/gcc/arm-none-eabi/4.4.1/thumb2\libgcc.a(_dvmd_tls.o)
 .ARM.attributes
                0x000008f9       0x1b c:/microsemi/softconsole v3.3/sourcery-g++/bin/../lib/gcc/arm-none-eabi/4.4.1/thumb2\libgcc.a(_aeabi_uldivmod.o)
 .ARM.attributes
                0x00000914       0x29 c:/microsemi/softconsole v3.3/sourcery-g++/bin/../lib/gcc/arm-none-eabi/4.4.1/thumb2\libgcc.a(bpabi.o)
 .ARM.attributes
                0x0000093d       0x29 c:/microsemi/softconsole v3.3/sourcery-g++/bin/../lib/gcc/arm-none-eabi/4.4.1/thumb2\libgcc.a(_divdi3.o)
 .ARM.attributes
                0x00000966       0x29 c:/microsemi/softconsole v3.3/sourcery-g++/bin/../lib/gcc/arm-none-eabi/4.4.1/thumb2\libgcc.a(_udivdi3.o)
 .ARM.attributes
                0x0000098f       0x29 c:/microsemi/softconsole v3.3/sourcery-g++/bin/../lib/gcc/arm-none-eabi/4.4.1/thumb2/crtend.o
 .ARM.attributes
                0x000009b8       0x19 c:/microsemi/softconsole v3.3/sourcery-g++/bin/../lib/gcc/arm-none-eabi/4.4.1/thumb2/crtn.o
 .ARM.attributes
                0x000009d1       0x29 c:/microsemi/softconsole v3.3/sourcery-g++/bin/../lib/gcc/arm-none-eabi/4.4.1/../../../../arm-none-eabi/lib/thumb2\libm.a(lib_a-w_exp.o)
 .ARM.attributes
                0x000009fa       0x29 c:/microsemi/softconsole v3.3/sourcery-g++/bin/../lib/gcc/arm-none-eabi/4.4.1/../../../../arm-none-eabi/lib/thumb2\libm.a(lib_a-w_log.o)
 .ARM.attributes
                0x00000a23       0x29 c:/microsemi/softconsole v3.3/sourcery-g++/bin/../lib/gcc/arm-none-eabi/4.4.1/../../../../arm-none-eabi/lib/thumb2\libm.a(lib_a-e_exp.o)
 .ARM.attributes
                0x00000a4c       0x29 c:/microsemi/softconsole v3.3/sourcery-g++/bin/../lib/gcc/arm-none-eabi/4.4.1/../../../../arm-none-eabi/lib/thumb2\libm.a(lib_a-e_log.o)
 .ARM.attributes
                0x00000a75       0x29 c:/microsemi/softconsole v3.3/sourcery-g++/bin/../lib/gcc/arm-none-eabi/4.4.1/../../../../arm-none-eabi/lib/thumb2\libm.a(lib_a-s_finite.o)
 .ARM.attributes
                0x00000a9e       0x29 c:/microsemi/softconsole v3.3/sourcery-g++/bin/../lib/gcc/arm-none-eabi/4.4.1/../../../../arm-none-eabi/lib/thumb2\libm.a(lib_a-s_lib_ver.o)
 .ARM.attributes
                0x00000ac7       0x29 c:/microsemi/softconsole v3.3/sourcery-g++/bin/../lib/gcc/arm-none-eabi/4.4.1/../../../../arm-none-eabi/lib/thumb2\libm.a(lib_a-s_matherr.o)
 .ARM.attributes
                0x00000af0       0x29 c:/microsemi/softconsole v3.3/sourcery-g++/bin/../lib/gcc/arm-none-eabi/4.4.1/../../../../arm-none-eabi/lib/thumb2\libm.a(lib_a-s_nan.o)

/DISCARD/
 *(.note.GNU-stack)
 *(.isr_vector)
OUTPUT(MSS01_MSS_CM3_0_app elf32-littlearm)

.debug_ranges   0x00000000      0x4f0
 .debug_ranges  0x00000000      0x108 ./main.o
 .debug_ranges  0x00000108       0xa0 C:/Users/mtstacho/Desktop/VisionAssistance/SoftConsole/MSS01_MSS_CM3_0/MSS01_MSS_CM3_0_hw_platform/Debug/CMSIS/startup_gcc/newlib_stubs.o
 .debug_ranges  0x000001a8       0xd0 C:\Users\mtstacho\Desktop\VisionAssistance\SoftConsole\MSS01_MSS_CM3_0\MSS01_MSS_CM3_0_hw_platform\Debug\libMSS01_MSS_CM3_0_hw_platform.a(mss_uart.o)
 .debug_ranges  0x00000278      0x138 C:\Users\mtstacho\Desktop\VisionAssistance\SoftConsole\MSS01_MSS_CM3_0\MSS01_MSS_CM3_0_hw_platform\Debug\libMSS01_MSS_CM3_0_hw_platform.a(mss_i2c.o)
 .debug_ranges  0x000003b0       0x58 C:\Users\mtstacho\Desktop\VisionAssistance\SoftConsole\MSS01_MSS_CM3_0\MSS01_MSS_CM3_0_hw_platform\Debug\libMSS01_MSS_CM3_0_hw_platform.a(mss_gpio.o)
 .debug_ranges  0x00000408       0xc0 C:\Users\mtstacho\Desktop\VisionAssistance\SoftConsole\MSS01_MSS_CM3_0\MSS01_MSS_CM3_0_hw_platform\Debug\libMSS01_MSS_CM3_0_hw_platform.a(core_cm3.o)
 .debug_ranges  0x000004c8       0x28 C:\Users\mtstacho\Desktop\VisionAssistance\SoftConsole\MSS01_MSS_CM3_0\MSS01_MSS_CM3_0_hw_platform\Debug\libMSS01_MSS_CM3_0_hw_platform.a(system_a2fxxxm3.o)
