Archive member included because of file (symbol)

C:\Users\darshin\Desktop\vision\SoftConsole\MSS01_MSS_CM3_0\MSS01_MSS_CM3_0_hw_platform\Debug\libMSS01_MSS_CM3_0_hw_platform.a(mss_uart.o)
                              C:/Users/darshin/Desktop/vision/SoftConsole/MSS01_MSS_CM3_0/MSS01_MSS_CM3_0_hw_platform/Debug/CMSIS/startup_gcc/newlib_stubs.o (g_mss_uart0)
C:\Users\darshin\Desktop\vision\SoftConsole\MSS01_MSS_CM3_0\MSS01_MSS_CM3_0_hw_platform\Debug\libMSS01_MSS_CM3_0_hw_platform.a(mss_i2c.o)
                              ./main.o (g_mss_i2c1)
C:\Users\darshin\Desktop\vision\SoftConsole\MSS01_MSS_CM3_0\MSS01_MSS_CM3_0_hw_platform\Debug\libMSS01_MSS_CM3_0_hw_platform.a(mss_gpio.o)
                              ./main.o (MSS_GPIO_init)
C:\Users\darshin\Desktop\vision\SoftConsole\MSS01_MSS_CM3_0\MSS01_MSS_CM3_0_hw_platform\Debug\libMSS01_MSS_CM3_0_hw_platform.a(core_cm3.o)
                              C:\Users\darshin\Desktop\vision\SoftConsole\MSS01_MSS_CM3_0\MSS01_MSS_CM3_0_hw_platform\Debug\libMSS01_MSS_CM3_0_hw_platform.a(mss_i2c.o) (__get_PRIMASK)
C:\Users\darshin\Desktop\vision\SoftConsole\MSS01_MSS_CM3_0\MSS01_MSS_CM3_0_hw_platform\Debug\libMSS01_MSS_CM3_0_hw_platform.a(system_a2fxxxm3.o)
                              C:\Users\darshin\Desktop\vision\SoftConsole\MSS01_MSS_CM3_0\MSS01_MSS_CM3_0_hw_platform\Debug\libMSS01_MSS_CM3_0_hw_platform.a(mss_uart.o) (g_FrequencyPCLK0)
c:/microsemi/softconsole v3.3/sourcery-g++/bin/../lib/gcc/arm-none-eabi/4.4.1/thumb2\libgcc.a(_arm_addsubdf3.o)
                              ./main.o (__aeabi_dsub)
c:/microsemi/softconsole v3.3/sourcery-g++/bin/../lib/gcc/arm-none-eabi/4.4.1/thumb2\libgcc.a(_arm_muldivdf3.o)
                              ./main.o (__aeabi_dmul)
c:/microsemi/softconsole v3.3/sourcery-g++/bin/../lib/gcc/arm-none-eabi/4.4.1/thumb2\libgcc.a(_arm_cmpdf2.o)
                              ./main.o (__aeabi_dcmplt)
c:/microsemi/softconsole v3.3/sourcery-g++/bin/../lib/gcc/arm-none-eabi/4.4.1/thumb2\libgcc.a(_arm_fixdfsi.o)
                              ./main.o (__aeabi_d2iz)
c:/microsemi/softconsole v3.3/sourcery-g++/bin/../lib/gcc/arm-none-eabi/4.4.1/thumb2\libgcc.a(_arm_fixunsdfsi.o)
                              ./main.o (__aeabi_d2uiz)
c:/microsemi/softconsole v3.3/sourcery-g++/bin/../lib/gcc/arm-none-eabi/4.4.1/thumb2\libgcc.a(_arm_addsubsf3.o)
                              ./main.o (__aeabi_ui2f)
c:/microsemi/softconsole v3.3/sourcery-g++/bin/../lib/gcc/arm-none-eabi/4.4.1/thumb2\libgcc.a(_arm_muldivsf3.o)
                              ./main.o (__aeabi_fmul)
c:/microsemi/softconsole v3.3/sourcery-g++/bin/../lib/gcc/arm-none-eabi/4.4.1/thumb2\libgcc.a(_arm_cmpsf2.o)
                              ./main.o (__aeabi_fcmplt)
c:/microsemi/softconsole v3.3/sourcery-g++/bin/../lib/gcc/arm-none-eabi/4.4.1/thumb2\libgcc.a(_arm_fixsfsi.o)
                              ./main.o (__aeabi_f2iz)
c:/microsemi/softconsole v3.3/sourcery-g++/bin/../lib/gcc/arm-none-eabi/4.4.1/../../../../arm-none-eabi/lib/thumb2\libc.a(lib_a-errno.o)
                              C:/Users/darshin/Desktop/vision/SoftConsole/MSS01_MSS_CM3_0/MSS01_MSS_CM3_0_hw_platform/Debug/CMSIS/startup_gcc/newlib_stubs.o (__errno)
c:/microsemi/softconsole v3.3/sourcery-g++/bin/../lib/gcc/arm-none-eabi/4.4.1/../../../../arm-none-eabi/lib/thumb2\libc.a(lib_a-impure.o)
                              c:/microsemi/softconsole v3.3/sourcery-g++/bin/../lib/gcc/arm-none-eabi/4.4.1/../../../../arm-none-eabi/lib/thumb2\libc.a(lib_a-errno.o) (_impure_ptr)
c:/microsemi/softconsole v3.3/sourcery-g++/bin/../lib/gcc/arm-none-eabi/4.4.1/../../../../arm-none-eabi/lib/thumb2\libc.a(lib_a-init.o)
                              C:/Users/darshin/Desktop/vision/SoftConsole/MSS01_MSS_CM3_0/MSS01_MSS_CM3_0_hw_platform/Debug/CMSIS/startup_gcc/startup_a2fxxxm3.o (__libc_init_array)
c:/microsemi/softconsole v3.3/sourcery-g++/bin/../lib/gcc/arm-none-eabi/4.4.1/../../../../arm-none-eabi/lib/thumb2\libc.a(lib_a-memset.o)
                              ./main.o (memset)
c:/microsemi/softconsole v3.3/sourcery-g++/bin/../lib/gcc/arm-none-eabi/4.4.1/../../../../arm-none-eabi/lib/thumb2\libc.a(lib_a-printf.o)
                              ./main.o (printf)
c:/microsemi/softconsole v3.3/sourcery-g++/bin/../lib/gcc/arm-none-eabi/4.4.1/../../../../arm-none-eabi/lib/thumb2\libc.a(lib_a-puts.o)
                              ./main.o (puts)
c:/microsemi/softconsole v3.3/sourcery-g++/bin/../lib/gcc/arm-none-eabi/4.4.1/../../../../arm-none-eabi/lib/thumb2\libc.a(lib_a-strlen.o)
                              c:/microsemi/softconsole v3.3/sourcery-g++/bin/../lib/gcc/arm-none-eabi/4.4.1/../../../../arm-none-eabi/lib/thumb2\libc.a(lib_a-puts.o) (strlen)
c:/microsemi/softconsole v3.3/sourcery-g++/bin/../lib/gcc/arm-none-eabi/4.4.1/../../../../arm-none-eabi/lib/thumb2\libc.a(lib_a-vfprintf.o)
[...]
Memory Configuration

Name             Origin             Length             Attributes
ram              0x20000000         0x00010000         xrw
*default*        0x00000000         0xffffffff

Linker script and memory map

LOAD c:/microsemi/softconsole v3.3/sourcery-g++/bin/../lib/gcc/arm-none-eabi/4.4.1/thumb2/crti.o
LOAD c:/microsemi/softconsole v3.3/sourcery-g++/bin/../lib/gcc/arm-none-eabi/4.4.1/thumb2/crtbegin.o
LOAD ./main.o
LOAD C:/Users/darshin/Desktop/vision/SoftConsole/MSS01_MSS_CM3_0/MSS01_MSS_CM3_0_hw_platform/Debug/CMSIS/startup_gcc/startup_a2fxxxm3.o
LOAD C:/Users/darshin/Desktop/vision/SoftConsole/MSS01_MSS_CM3_0/MSS01_MSS_CM3_0_hw_platform/Debug/CMSIS/startup_gcc/newlib_stubs.o
LOAD C:\Users\darshin\Desktop\vision\SoftConsole\MSS01_MSS_CM3_0\MSS01_MSS_CM3_0_hw_platform\Debug\libMSS01_MSS_CM3_0_hw_platform.a
START GROUP
LOAD c:/microsemi/softconsole v3.3/sourcery-g++/bin/../lib/gcc/arm-none-eabi/4.4.1/thumb2\libgcc.a
LOAD c:/microsemi/softconsole v3.3/sourcery-g++/bin/../lib/gcc/arm-none-eabi/4.4.1/../../../../arm-none-eabi/lib/thumb2\libc.a
END GROUP
LOAD c:/microsemi/softconsole v3.3/sourcery-g++/bin/../lib/gcc/arm-none-eabi/4.4.1/thumb2/crtend.o
LOAD c:/microsemi/softconsole v3.3/sourcery-g++/bin/../lib/gcc/arm-none-eabi/4.4.1/thumb2/crtn.o
START GROUP
LOAD c:/microsemi/softconsole v3.3/sourcery-g++/bin/../lib/gcc/arm-none-eabi/4.4.1/../../../../arm-none-eabi/lib/thumb2\libc.a
LOAD c:/microsemi/softconsole v3.3/sourcery-g++/bin/../lib/gcc/arm-none-eabi/4.4.1/thumb2\libgcc.a
LOAD c:/microsemi/softconsole v3.3/sourcery-g++/bin/../lib/gcc/arm-none-eabi/4.4.1/../../../../arm-none-eabi/lib/thumb2\libm.a
END GROUP
                0x00000000                __DYNAMIC = 0x0
                0x20000000                RAM_START_ADDRESS = 0x20000000
                0x00010000                RAM_SIZE = 0x10000
                0x00002000                MAIN_STACK_SIZE = 0x2000
                0x00001000                PROCESS_STACK_SIZE = 0x1000
                0x20010000                PROVIDE (__main_stack_start, (RAM_START_ADDRESS + RAM_SIZE))
                0x2000e000                PROVIDE (__process_stack_start, (__main_stack_start - MAIN_STACK_SIZE))
                0x20010000                PROVIDE (_estack, __main_stack_start)
                0x00000000                PROVIDE (__mirrored_nvm, 0x0)

.text           0x20000000     0x9f24
 CREATE_OBJECT_SYMBOLS
                0x20000000                __text_load = LOADADDR (.text)
                0x20000000                __text_start = .
                0x20000000                __vector_table_vma_base_address = .
 *(.isr_vector)
 .isr_vector    0x20000000      0x470 C:/Users/darshin/Desktop/vision/SoftConsole/MSS01_MSS_CM3_0/MSS01_MSS_CM3_0_hw_platform/Debug/CMSIS/startup_gcc/startup_a2fxxxm3.o
                0x20000000                g_pfnVectors
                0x20000298                Reset_Handler
                0x20000308                NMI_Handler
                0x2000030a                HardFault_Handler
                0x2000030c                MemManage_Handler
                0x2000030e                BusFault_Handler
                0x20000310                UsageFault_Handler
                0x20000312                SVC_Handler
                0x20000314                DebugMon_Handler
                0x20000316                PendSV_Handler
                0x20000318                SysTick_Handler
                0x2000031a                WdogWakeup_IRQHandler
                0x2000031c                BrownOut_1_5V_IRQHandler
                0x2000031e                BrownOut_3_3V_IRQHandler
                0x20000320                RTC_Match_IRQHandler
                0x20000322                RTCIF_Pub_IRQHandler
                0x20000324                EthernetMAC_IRQHandler
                0x20000326                IAP_IRQHandler
                0x20000328                ENVM0_IRQHandler
                0x2000032a                ENVM1_IRQHandler
                0x2000032c                DMA_IRQHandler
                0x20000332                SPI0_IRQHandler
                0x20000334                SPI1_IRQHandler
                0x20000338                I2C0_SMBAlert_IRQHandler
                0x2000033a                I2C0_SMBus_IRQHandler
                0x2000033e                I2C1_SMBAlert_IRQHandler
                0x20000340                I2C1_SMBus_IRQHandler
                0x20000342                Timer1_IRQHandler
                0x20000344                Timer2_IRQHandler
                0x20000346                PLL_Lock_IRQHandler
                0x20000348                PLL_LockLost_IRQHandler
                0x2000034a                CommError_IRQHandler
                0x2000034c                Fabric_IRQHandler
                0x20000352                GPIO2_IRQHandler
                0x20000354                GPIO3_IRQHandler
                0x20000356                GPIO4_IRQHandler
                0x20000358                GPIO5_IRQHandler
                0x2000035a                GPIO6_IRQHandler
                0x2000035c                GPIO7_IRQHandler
                0x2000035e                GPIO8_IRQHandler
                0x20000360                GPIO9_IRQHandler
                0x20000362                GPIO10_IRQHandler
                0x20000364                GPIO11_IRQHandler
                0x20000366                GPIO12_IRQHandler
                0x20000368                GPIO13_IRQHandler
                0x2000036a                GPIO14_IRQHandler
                0x2000036c                GPIO15_IRQHandler
                0x2000036e                GPIO16_IRQHandler
                0x20000370                GPIO17_IRQHandler
                0x20000372                GPIO18_IRQHandler
                0x20000374                GPIO19_IRQHandler
                0x20000376                GPIO20_IRQHandler
                0x20000378                GPIO21_IRQHandler
                0x2000037a                GPIO22_IRQHandler
                0x2000037c                GPIO23_IRQHandler
                0x2000037e                GPIO24_IRQHandler
                0x20000380                GPIO25_IRQHandler
                0x20000382                GPIO26_IRQHandler
                0x20000384                GPIO27_IRQHandler
                0x20000386                GPIO28_IRQHandler
                0x20000388                GPIO29_IRQHandler
                0x2000038a                GPIO30_IRQHandler
                0x2000038c                GPIO31_IRQHandler
                0x2000038e                ACE_PC0_Flag0_IRQHandler
                0x20000390                ACE_PC0_Flag1_IRQHandler
                0x20000392                ACE_PC0_Flag2_IRQHandler
                0x20000394                ACE_PC0_Flag3_IRQHandler
                0x20000396                ACE_PC1_Flag0_IRQHandler
                0x20000398                ACE_PC1_Flag1_IRQHandler
                0x2000039a                ACE_PC1_Flag2_IRQHandler
                0x2000039c                ACE_PC1_Flag3_IRQHandler
                0x2000039e                ACE_PC2_Flag0_IRQHandler
                0x200003a0                ACE_PC2_Flag1_IRQHandler
                0x200003a2                ACE_PC2_Flag2_IRQHandler
                0x200003a4                ACE_PC2_Flag3_IRQHandler
                0x200003a6                ACE_ADC0_DataValid_IRQHandler
                0x200003a8                ACE_ADC1_DataValid_IRQHandler
                0x200003aa                ACE_ADC2_DataValid_IRQHandler
                0x200003ac                ACE_ADC0_CalDone_IRQHandler
                0x200003ae                ACE_ADC1_CalDone_IRQHandler
                0x200003b0                ACE_ADC2_CalDone_IRQHandler
                0x200003b2                ACE_ADC0_CalStart_IRQHandler
                0x200003b4                ACE_ADC1_CalStart_IRQHandler
                0x200003b6                ACE_ADC2_CalStart_IRQHandler
                0x200003b8                ACE_Comp0_Fall_IRQHandler
                0x200003ba                ACE_Comp1_Fall_IRQHandler
                0x200003bc                ACE_Comp2_Fall_IRQHandler
                0x200003be                ACE_Comp3_Fall_IRQHandler
                0x200003c0                ACE_Comp4_Fall_IRQHandler
                0x200003c2                ACE_Comp5_Fall_IRQHandler
                0x200003c4                ACE_Comp6_Fall_IRQHandler
                0x200003c6                ACE_Comp7_Fall_IRQHandler
                0x200003c8                ACE_Comp8_Fall_IRQHandler
                0x200003ca                ACE_Comp9_Fall_IRQHandler
                0x200003cc                ACE_Comp10_Fall_IRQHandler
                0x200003ce                ACE_Comp11_Fall_IRQHandler
                0x200003d0                ACE_Comp0_Rise_IRQHandler
                0x200003d2                ACE_Comp1_Rise_IRQHandler
                0x200003d4                ACE_Comp2_Rise_IRQHandler
                0x200003d6                ACE_Comp3_Rise_IRQHandler
                0x200003d8                ACE_Comp4_Rise_IRQHandler
                0x200003da                ACE_Comp5_Rise_IRQHandler
                0x200003dc                ACE_Comp6_Rise_IRQHandler
                0x200003de                ACE_Comp7_Rise_IRQHandler
                0x200003e0                ACE_Comp8_Rise_IRQHandler
                0x200003e2                ACE_Comp9_Rise_IRQHandler
                0x200003e4                ACE_Comp10_Rise_IRQHandler
                0x200003e6                ACE_Comp11_Rise_IRQHandler
                0x200003e8                ACE_ADC0_FifoFull_IRQHandler
                0x200003ea                ACE_ADC0_FifoAFull_IRQHandler
                0x200003ec                ACE_ADC0_FifoEmpty_IRQHandler
                0x200003ee                ACE_ADC1_FifoFull_IRQHandler
                0x200003f0                ACE_ADC1_FifoAFull_IRQHandler
                0x200003f2                ACE_ADC1_FifoEmpty_IRQHandler
                0x200003f4                ACE_ADC2_FifoFull_IRQHandler
                0x200003f6                ACE_ADC2_FifoAFull_IRQHandler
                0x200003f8                ACE_ADC2_FifoEmpty_IRQHandler
                0x200003fa                ACE_PPE_Flag0_IRQHandler
                0x200003fc                ACE_PPE_Flag1_IRQHandler
                0x200003fe                ACE_PPE_Flag2_IRQHandler
                0x20000400                ACE_PPE_Flag3_IRQHandler
                0x20000402                ACE_PPE_Flag4_IRQHandler
                0x20000404                ACE_PPE_Flag5_IRQHandler
                0x20000406                ACE_PPE_Flag6_IRQHandler
                0x20000408                ACE_PPE_Flag7_IRQHandler
                0x2000040a                ACE_PPE_Flag8_IRQHandler
                0x2000040c                ACE_PPE_Flag9_IRQHandler
                0x2000040e                ACE_PPE_Flag10_IRQHandler
                0x20000410                ACE_PPE_Flag11_IRQHandler
                0x20000412                ACE_PPE_Flag12_IRQHandler
                0x20000414                ACE_PPE_Flag13_IRQHandler
                0x20000416                ACE_PPE_Flag14_IRQHandler
                0x20000418                ACE_PPE_Flag15_IRQHandler
                0x2000041a                ACE_PPE_Flag16_IRQHandler
                0x2000041c                ACE_PPE_Flag17_IRQHandler
                0x2000041e                ACE_PPE_Flag18_IRQHandler
                0x20000420                ACE_PPE_Flag19_IRQHandler
                0x20000422                ACE_PPE_Flag20_IRQHandler
                0x20000424                ACE_PPE_Flag21_IRQHandler
                0x20000426                ACE_PPE_Flag22_IRQHandler
                0x20000428                ACE_PPE_Flag23_IRQHandler
                0x2000042a                ACE_PPE_Flag24_IRQHandler
                0x2000042c                ACE_PPE_Flag25_IRQHandler
                0x2000042e                ACE_PPE_Flag26_IRQHandler
                0x20000430                ACE_PPE_Flag27_IRQHandler
                0x20000432                ACE_PPE_Flag28_IRQHandler
                0x20000434                ACE_PPE_Flag29_IRQHandler
                0x20000436                ACE_PPE_Flag30_IRQHandler
                0x20000438                ACE_PPE_Flag31_IRQHandler
 *(.text .text.* .gnu.linkonce.t.*)
 .text          0x20000470       0x30 c:/microsemi/softconsole v3.3/sourcery-g++/bin/../lib/gcc/arm-none-eabi/4.4.1/thumb2/crtbegin.o
 .text.NVIC_EnableIRQ
                0x200004a0       0x38 ./main.o
 .text.NVIC_DisableIRQ
                0x200004d8       0x3c ./main.o
 .text.gridEYE_write
                0x20000514       0x50 ./main.o
                0x20000514                gridEYE_write
 .text.gridEYE_read
                0x20000564       0x48 ./main.o
                0x20000564                gridEYE_read
 .text.gridEYE_reset
                0x200005ac       0x28 ./main.o
                0x200005ac                gridEYE_reset
 .text.gridEYE_set_normal_power
                0x200005d4       0x28 ./main.o
                0x200005d4                gridEYE_set_normal_power
 .text.gridEYE_init
                0x200005fc       0x10 ./main.o
                0x200005fc                gridEYE_init
 .text.raw_to_temp
                0x2000060c       0x54 ./main.o
                0x2000060c                raw_to_temp
 .text.get_temps_forward
                0x20000660       0x90 ./main.o
                0x20000660                get_temps_forward
 .text.get_max_temp
                0x200006f0       0x8c ./main.o
                0x200006f0                get_max_temp
 .text.gridEYE_print
                0x2000077c       0x88 ./main.o
                0x2000077c                gridEYE_print
 .text.LED_reset
                0x20000804       0x38 ./main.o
                0x20000804                LED_reset
 .text.data_to_cm
                0x2000083c       0x38 ./main.o
                0x2000083c                data_to_cm
 *fill*         0x20000874        0x4 00
 .text.wrap_angle_360
                0x20000878       0xa0 ./main.o
                0x20000878                wrap_angle_360
 .text.wrap_angle_180
                0x20000918       0xb0 ./main.o
                0x20000918                wrap_angle_180
 .text.init_BNO055
                0x200009c8       0xb8 ./main.o
                0x200009c8                init_BNO055
 .text.read_heading_BNO055
                0x20000a80       0x94 ./main.o
                0x20000a80                read_heading_BNO055
 .text.calc_display_angle
                0x20000b14       0xc0 ./main.o
                0x20000b14                calc_display_angle
 .text.byte_reverse
                0x20000bd4       0x9c ./main.o
                0x20000bd4                byte_reverse
 .text.scale_brightness
                0x20000c70      0x150 ./main.o
                0x20000c70                scale_brightness
 .text.GPIO0_IRQHandler
                0x20000dc0       0x28 ./main.o
                0x20000dc0                GPIO0_IRQHandler
 .text.GPIO1_IRQHandler
                0x20000de8       0x40 ./main.o
                0x20000de8                GPIO1_IRQHandler
 .text.main     0x20000e28      0x478 ./main.o
                0x20000e28                main
 .text._close   0x200012a0       0x18 C:/Users/darshin/Desktop/vision/SoftConsole/MSS01_MSS_CM3_0/MSS01_MSS_CM3_0_hw_platform/Debug/CMSIS/startup_gcc/newlib_stubs.o
                0x200012a0                _close
 .text._exit    0x200012b8        0xc C:/Users/darshin/Desktop/vision/SoftConsole/MSS01_MSS_CM3_0/MSS01_MSS_CM3_0_hw_platform/Debug/CMSIS/startup_gcc/newlib_stubs.o
                0x200012b8                _exit
 .text._fstat   0x200012c4       0x24 C:/Users/darshin/Desktop/vision/SoftConsole/MSS01_MSS_CM3_0/MSS01_MSS_CM3_0_hw_platform/Debug/CMSIS/startup_gcc/newlib_stubs.o
                0x200012c4                _fstat
 .text._isatty  0x200012e8       0x18 C:/Users/darshin/Desktop/vision/SoftConsole/MSS01_MSS_CM3_0/MSS01_MSS_CM3_0_hw_platform/Debug/CMSIS/startup_gcc/newlib_stubs.o
                0x200012e8                _isatty
 .text._lseek   0x20001300       0x1c C:/Users/darshin/Desktop/vision/SoftConsole/MSS01_MSS_CM3_0/MSS01_MSS_CM3_0_hw_platform/Debug/CMSIS/startup_gcc/newlib_stubs.o
                0x20001300                _lseek
 .text._read    0x2000131c       0x1c C:/Users/darshin/Desktop/vision/SoftConsole/MSS01_MSS_CM3_0/MSS01_MSS_CM3_0_hw_platform/Debug/CMSIS/startup_gcc/newlib_stubs.o
                0x2000131c                _read
 .text._write_r
                0x20001338       0x5c C:/Users/darshin/Desktop/vision/SoftConsole/MSS01_MSS_CM3_0/MSS01_MSS_CM3_0_hw_platform/Debug/CMSIS/startup_gcc/newlib_stubs.o
                0x20001338                _write_r
 .text._sbrk    0x20001394       0x94 C:/Users/darshin/Desktop/vision/SoftConsole/MSS01_MSS_CM3_0/MSS01_MSS_CM3_0_hw_platform/Debug/CMSIS/startup_gcc/newlib_stubs.o
                0x20001394                _sbrk
 .text.NVIC_ClearPendingIRQ
                0x20001428       0x3c C:\Users\darshin\Desktop\vision\SoftConsole\MSS01_MSS_CM3_0\MSS01_MSS_CM3_0_hw_platform\Debug\libMSS01_MSS_CM3_0_hw_platform.a(mss_uart.o)
 .text.MSS_UART_init
                0x20001464      0x204 C:\Users\darshin\Desktop\vision\SoftConsole\MSS01_MSS_CM3_0\MSS01_MSS_CM3_0_hw_platform\Debug\libMSS01_MSS_CM3_0_hw_platform.a(mss_uart.o)
                0x20001464                MSS_UART_init
 .text.MSS_UART_polled_tx
                0x20001668       0xe4 C:\Users\darshin\Desktop\vision\SoftConsole\MSS01_MSS_CM3_0\MSS01_MSS_CM3_0_hw_platform\Debug\libMSS01_MSS_CM3_0_hw_platform.a(mss_uart.o)
                0x20001668                MSS_UART_polled_tx
 .text.MSS_UART_isr
                0x2000174c      0x11c C:\Users\darshin\Desktop\vision\SoftConsole\MSS01_MSS_CM3_0\MSS01_MSS_CM3_0_hw_platform\Debug\libMSS01_MSS_CM3_0_hw_platform.a(mss_uart.o)
 .text.default_tx_handler
                0x20001868      0x108 C:\Users\darshin\Desktop\vision\SoftConsole\MSS01_MSS_CM3_0\MSS01_MSS_CM3_0_hw_platform\Debug\libMSS01_MSS_CM3_0_hw_platform.a(mss_uart.o)
 .text.UART0_IRQHandler
                0x20001970       0x2c C:\Users\darshin\Desktop\vision\SoftConsole\MSS01_MSS_CM3_0\MSS01_MSS_CM3_0_hw_platform\Debug\libMSS01_MSS_CM3_0_hw_platform.a(mss_uart.o)
                0x20001970                UART0_IRQHandler
 .text.UART1_IRQHandler
                0x2000199c       0x2c C:\Users\darshin\Desktop\vision\SoftConsole\MSS01_MSS_CM3_0\MSS01_MSS_CM3_0_hw_platform\Debug\libMSS01_MSS_CM3_0_hw_platform.a(mss_uart.o)
                0x2000199c                UART1_IRQHandler
 .text.NVIC_EnableIRQ
                0x200019c8       0x38 C:\Users\darshin\Desktop\vision\SoftConsole\MSS01_MSS_CM3_0\MSS01_MSS_CM3_0_hw_platform\Debug\libMSS01_MSS_CM3_0_hw_platform.a(mss_i2c.o)
 .text.NVIC_DisableIRQ
                0x20001a00       0x3c C:\Users\darshin\Desktop\vision\SoftConsole\MSS01_MSS_CM3_0\MSS01_MSS_CM3_0_hw_platform\Debug\libMSS01_MSS_CM3_0_hw_platform.a(mss_i2c.o)
 .text.NVIC_ClearPendingIRQ
                0x20001a3c       0x3c C:\Users\darshin\Desktop\vision\SoftConsole\MSS01_MSS_CM3_0\MSS01_MSS_CM3_0_hw_platform\Debug\libMSS01_MSS_CM3_0_hw_platform.a(mss_i2c.o)
 .text.MSS_I2C_init
                0x20001a78      0x16c C:\Users\darshin\Desktop\vision\SoftConsole\MSS01_MSS_CM3_0\MSS01_MSS_CM3_0_hw_platform\Debug\libMSS01_MSS_CM3_0_hw_platform.a(mss_i2c.o)
                0x20001a78                MSS_I2C_init
 .text.MSS_I2C_write
                0x20001be4       0xf4 C:\Users\darshin\Desktop\vision\SoftConsole\MSS01_MSS_CM3_0\MSS01_MSS_CM3_0_hw_platform\Debug\libMSS01_MSS_CM3_0_hw_platform.a(mss_i2c.o)
                0x20001be4                MSS_I2C_write
 .text.MSS_I2C_write_read
                0x20001cd8      0x134 C:\Users\darshin\Desktop\vision\SoftConsole\MSS01_MSS_CM3_0\MSS01_MSS_CM3_0_hw_platform\Debug\libMSS01_MSS_CM3_0_hw_platform.a(mss_i2c.o)
                0x20001cd8                MSS_I2C_write_read
 .text.MSS_I2C_wait_complete
                0x20001e0c       0x4c C:\Users\darshin\Desktop\vision\SoftConsole\MSS01_MSS_CM3_0\MSS01_MSS_CM3_0_hw_platform\Debug\libMSS01_MSS_CM3_0_hw_platform.a(mss_i2c.o)
                0x20001e0c                MSS_I2C_wait_complete
 .text.enable_slave_if_required
                0x20001e58       0x28 C:\Users\darshin\Desktop\vision\SoftConsole\MSS01_MSS_CM3_0\MSS01_MSS_CM3_0_hw_platform\Debug\libMSS01_MSS_CM3_0_hw_platform.a(mss_i2c.o)
 .text.mss_i2c_isr
                0x20001e80      0x8f4 C:\Users\darshin\Desktop\vision\SoftConsole\MSS01_MSS_CM3_0\MSS01_MSS_CM3_0_hw_platform\Debug\libMSS01_MSS_CM3_0_hw_platform.a(mss_i2c.o)
 .text.disable_interrupts
                0x20002774       0x24 C:\Users\darshin\Desktop\vision\SoftConsole\MSS01_MSS_CM3_0\MSS01_MSS_CM3_0_hw_platform\Debug\libMSS01_MSS_CM3_0_hw_platform.a(mss_i2c.o)
 .text.restore_interrupts
                0x20002798       0x18 C:\Users\darshin\Desktop\vision\SoftConsole\MSS01_MSS_CM3_0\MSS01_MSS_CM3_0_hw_platform\Debug\libMSS01_MSS_CM3_0_hw_platform.a(mss_i2c.o)
 .text.I2C0_IRQHandler
                0x200027b0       0x2c C:\Users\darshin\Desktop\vision\SoftConsole\MSS01_MSS_CM3_0\MSS01_MSS_CM3_0_hw_platform\Debug\libMSS01_MSS_CM3_0_hw_platform.a(mss_i2c.o)
                0x200027b0                I2C0_IRQHandler
 .text.I2C1_IRQHandler
                0x200027dc       0x2c C:\Users\darshin\Desktop\vision\SoftConsole\MSS01_MSS_CM3_0\MSS01_MSS_CM3_0_hw_platform\Debug\libMSS01_MSS_CM3_0_hw_platform.a(mss_i2c.o)
                0x200027dc                I2C1_IRQHandler
 .text.NVIC_EnableIRQ
                0x20002808       0x38 C:\Users\darshin\Desktop\vision\SoftConsole\MSS01_MSS_CM3_0\MSS01_MSS_CM3_0_hw_platform\Debug\libMSS01_MSS_CM3_0_hw_platform.a(mss_gpio.o)
 .text.NVIC_ClearPendingIRQ
                0x20002840       0x3c C:\Users\darshin\Desktop\vision\SoftConsole\MSS01_MSS_CM3_0\MSS01_MSS_CM3_0_hw_platform\Debug\libMSS01_MSS_CM3_0_hw_platform.a(mss_gpio.o)
 .text.MSS_GPIO_init
                0x2000287c       0x6c C:\Users\darshin\Desktop\vision\SoftConsole\MSS01_MSS_CM3_0\MSS01_MSS_CM3_0_hw_platform\Debug\libMSS01_MSS_CM3_0_hw_platform.a(mss_gpio.o)
                0x2000287c                MSS_GPIO_init
 .text.MSS_GPIO_config
                0x200028e8       0x3c C:\Users\darshin\Desktop\vision\SoftConsole\MSS01_MSS_CM3_0\MSS01_MSS_CM3_0_hw_platform\Debug\libMSS01_MSS_CM3_0_hw_platform.a(mss_gpio.o)
                0x200028e8                MSS_GPIO_config
 .text.MSS_GPIO_enable_irq
                0x20002924       0x64 C:\Users\darshin\Desktop\vision\SoftConsole\MSS01_MSS_CM3_0\MSS01_MSS_CM3_0_hw_platform\Debug\libMSS01_MSS_CM3_0_hw_platform.a(mss_gpio.o)
                0x20002924                MSS_GPIO_enable_irq
 .text.MSS_GPIO_clear_irq
                0x20002988       0x50 C:\Users\darshin\Desktop\vision\SoftConsole\MSS01_MSS_CM3_0\MSS01_MSS_CM3_0_hw_platform\Debug\libMSS01_MSS_CM3_0_hw_platform.a(mss_gpio.o)
                0x20002988                MSS_GPIO_clear_irq
 .text.__get_PRIMASK
                0x200029d8       0x20 C:\Users\darshin\Desktop\vision\SoftConsole\MSS01_MSS_CM3_0\MSS01_MSS_CM3_0_hw_platform\Debug\libMSS01_MSS_CM3_0_hw_platform.a(core_cm3.o)
                0x200029d8                __get_PRIMASK
 .text.__set_PRIMASK
                0x200029f8       0x18 C:\Users\darshin\Desktop\vision\SoftConsole\MSS01_MSS_CM3_0\MSS01_MSS_CM3_0_hw_platform\Debug\libMSS01_MSS_CM3_0_hw_platform.a(core_cm3.o)
                0x200029f8                __set_PRIMASK
 .text.SystemInit
                0x20002a10        0xc C:\Users\darshin\Desktop\vision\SoftConsole\MSS01_MSS_CM3_0\MSS01_MSS_CM3_0_hw_platform\Debug\libMSS01_MSS_CM3_0_hw_platform.a(system_a2fxxxm3.o)
                0x20002a10                SystemInit
 .text.SystemCoreClockUpdate
                0x20002a1c      0x150 C:\Users\darshin\Desktop\vision\SoftConsole\MSS01_MSS_CM3_0\MSS01_MSS_CM3_0_hw_platform\Debug\libMSS01_MSS_CM3_0_hw_platform.a(system_a2fxxxm3.o)
                0x20002a1c                SystemCoreClockUpdate
 .text.GetSystemClock
                0x20002b6c       0xe8 C:\Users\darshin\Desktop\vision\SoftConsole\MSS01_MSS_CM3_0\MSS01_MSS_CM3_0_hw_platform\Debug\libMSS01_MSS_CM3_0_hw_platform.a(system_a2fxxxm3.o)
 .text          0x20002c54      0x370 c:/microsemi/softconsole v3.3/sourcery-g++/bin/../lib/gcc/arm-none-eabi/4.4.1/thumb2\libgcc.a(_arm_addsubdf3.o)
                0x20002c54                __aeabi_drsub
                0x20002c5c                __aeabi_dsub
                0x20002c5c                __subdf3
                0x20002c60                __aeabi_dadd
                0x20002c60                __adddf3
                0x20002ed8                __floatunsidf
                0x20002ed8                __aeabi_ui2d
                0x20002ef8                __floatsidf
                0x20002ef8                __aeabi_i2d
                0x20002f1c                __aeabi_f2d
                0x20002f1c                __extendsfdf2
                0x20002f58                __floatundidf
                0x20002f58                __aeabi_ul2d
                0x20002f68                __floatdidf
                0x20002f68                __aeabi_l2d
 .text          0x20002fc4      0x424 c:/microsemi/softconsole v3.3/sourcery-g++/bin/../lib/gcc/arm-none-eabi/4.4.1/thumb2\libgcc.a(_arm_muldivdf3.o)
                0x20002fc4                __aeabi_dmul
                0x20002fc4                __muldf3
                0x20003218                __divdf3
                0x20003218                __aeabi_ddiv
 .text          0x200033e8      0x110 c:/microsemi/softconsole v3.3/sourcery-g++/bin/../lib/gcc/arm-none-eabi/4.4.1/thumb2\libgcc.a(_arm_cmpdf2.o)
                0x200033e8                __gtdf2
                0x200033e8                __gedf2
                0x200033f0                __ltdf2
                0x200033f0                __ledf2
                0x200033f8                __nedf2
                0x200033f8                __eqdf2
                0x200033f8                __cmpdf2
                0x20003474                __aeabi_cdrcmple
                0x20003484                __aeabi_cdcmpeq
                0x20003484                __aeabi_cdcmple
                0x20003494                __aeabi_dcmpeq
                0x200034a8                __aeabi_dcmplt
                0x200034bc                __aeabi_dcmple
                0x200034d0                __aeabi_dcmpge
                0x200034e4                __aeabi_dcmpgt
 .text          0x200034f8       0x50 c:/microsemi/softconsole v3.3/sourcery-g++/bin/../lib/gcc/arm-none-eabi/4.4.1/thumb2\libgcc.a(_arm_fixdfsi.o)
                0x200034f8                __aeabi_d2iz
                0x200034f8                __fixdfsi
 .text          0x20003548       0x40 c:/microsemi/softconsole v3.3/sourcery-g++/bin/../lib/gcc/arm-none-eabi/4.4.1/thumb2\libgcc.a(_arm_fixunsdfsi.o)
                0x20003548                __aeabi_d2uiz
                0x20003548                __fixunsdfsi
 .text          0x20003588      0x21c c:/microsemi/softconsole v3.3/sourcery-g++/bin/../lib/gcc/arm-none-eabi/4.4.1/thumb2\libgcc.a(_arm_addsubsf3.o)
                0x20003588                __aeabi_frsub
                0x20003590                __subsf3
                0x20003590                __aeabi_fsub
                0x20003594                __aeabi_fadd
                0x20003594                __addsf3
                0x200036f4                __aeabi_ui2f
                0x200036f4                __floatunsisf
                0x200036fc                __aeabi_i2f
                0x200036fc                __floatsisf
                0x20003718                __aeabi_ul2f
                0x20003718                __floatundisf
                0x20003728                __aeabi_l2f
                0x20003728                __floatdisf
 .text          0x200037a4      0x2a0 c:/microsemi/softconsole v3.3/sourcery-g++/bin/../lib/gcc/arm-none-eabi/4.4.1/thumb2\libgcc.a(_arm_muldivsf3.o)
                0x200037a4                __mulsf3
                0x200037a4                __aeabi_fmul
                0x2000390c                __aeabi_fdiv
                0x2000390c                __divsf3
 .text          0x20003a44       0xec c:/microsemi/softconsole v3.3/sourcery-g++/bin/../lib/gcc/arm-none-eabi/4.4.1/thumb2\libgcc.a(_arm_cmpsf2.o)
                0x20003a44                __gesf2
                0x20003a44                __gtsf2
                0x20003a4c                __lesf2
                0x20003a4c                __ltsf2
                0x20003a54                __nesf2
                0x20003a54                __eqsf2
                0x20003a54                __cmpsf2
                0x20003ab4                __aeabi_cfrcmple
                0x20003abc                __aeabi_cfcmpeq
                0x20003abc                __aeabi_cfcmple
                0x20003acc                __aeabi_fcmpeq
                0x20003ae0                __aeabi_fcmplt
                0x20003af4                __aeabi_fcmple
                0x20003b08                __aeabi_fcmpge
                0x20003b1c                __aeabi_fcmpgt
 .text          0x20003b30        0xc c:/microsemi/softconsole v3.3/sourcery-g++/bin/../lib/gcc/arm-none-eabi/4.4.1/../../../../arm-none-eabi/lib/thumb2\libc.a(lib_a-errno.o)
                0x20003b30                __errno
 .text          0x20003b3c       0x50 c:/microsemi/softconsole v3.3/sourcery-g++/bin/../lib/gcc/arm-none-eabi/4.4.1/../../../../arm-none-eabi/lib/thumb2\libc.a(lib_a-init.o)
                0x20003b3c                __libc_init_array
 .text          0x20003b8c       0xd4 c:/microsemi/softconsole v3.3/sourcery-g++/bin/../lib/gcc/arm-none-eabi/4.4.1/../../../../arm-none-eabi/lib/thumb2\libc.a(lib_a-memset.o)
                0x20003b8c                memset
 .text          0x20003c60       0x64 c:/microsemi/softconsole v3.3/sourcery-g++/bin/../lib/gcc/arm-none-eabi/4.4.1/../../../../arm-none-eabi/lib/thumb2\libc.a(lib_a-printf.o)
                0x20003c60                printf
                0x20003c98                _printf_r
 .text          0x20003cc4       0x88 c:/microsemi/softconsole v3.3/sourcery-g++/bin/../lib/gcc/arm-none-eabi/4.4.1/../../../../arm-none-eabi/lib/thumb2\libc.a(lib_a-puts.o)
                0x20003cc4                _puts_r
                0x20003d3c                puts
 .text          0x20003d4c       0x60 c:/microsemi/softconsole v3.3/sourcery-g++/bin/../lib/gcc/arm-none-eabi/4.4.1/../../../../arm-none-eabi/lib/thumb2\libc.a(lib_a-strlen.o)
                0x20003d4c                strlen
 .text          0x20003dac     0x1940 c:/microsemi/softconsole v3.3/sourcery-g++/bin/../lib/gcc/arm-none-eabi/4.4.1/../../../../arm-none-eabi/lib/thumb2\libc.a(lib_a-vfprintf.o)
                0x20003dc8                _vfprintf_r
                0x200056d0                vfprintf
 .text          0x200056ec      0x104 c:/microsemi/softconsole v3.3/sourcery-g++/bin/../lib/gcc/arm-none-eabi/4.4.1/../../../../arm-none-eabi/lib/thumb2\libc.a(lib_a-wsetup.o)
                0x200056ec                __swsetup_r
 .text          0x200057f0      0xfb8 c:/microsemi/softconsole v3.3/sourcery-g++/bin/../lib/gcc/arm-none-eabi/4.4.1/../../../../arm-none-eabi/lib/thumb2\libc.a(lib_a-dtoa.o)
                0x20005910                _dtoa_r
 .text          0x200067a8      0x178 c:/microsemi/softconsole v3.3/sourcery-g++/bin/../lib/gcc/arm-none-eabi/4.4.1/../../../../arm-none-eabi/lib/thumb2\libc.a(lib_a-fflush.o)
                0x200067a8                _fflush_r
                0x200068f8                fflush
 .text          0x20006920      0x1c8 c:/microsemi/softconsole v3.3/sourcery-g++/bin/../lib/gcc/arm-none-eabi/4.4.1/../../../../arm-none-eabi/lib/thumb2\libc.a(lib_a-findfp.o)
                0x20006920                __sfp_lock_acquire
                0x20006924                __sfp_lock_release
                0x20006928                __sinit_lock_acquire
                0x2000692c                __sinit_lock_release
                0x20006938                __fp_unlock_all
                0x20006950                __fp_lock_all
                0x20006968                _cleanup_r
                0x20006974                _cleanup
                0x200069d0                __sfmoreglue
                0x20006a00                __sfp
                0x20006a88                __sinit
 .text          0x20006ae8      0x268 c:/microsemi/softconsole v3.3/sourcery-g++/bin/../lib/gcc/arm-none-eabi/4.4.1/../../../../arm-none-eabi/lib/thumb2\libc.a(lib_a-freer.o)
                0x20006ae8                _malloc_trim_r
                0x20006b90                _free_r
 .text          0x20006d50      0x334 c:/microsemi/softconsole v3.3/sourcery-g++/bin/../lib/gcc/arm-none-eabi/4.4.1/../../../../arm-none-eabi/lib/thumb2\libc.a(lib_a-fvwrite.o)
                0x20006d50                __sfvwrite_r
 .text          0x20007084       0xa0 c:/microsemi/softconsole v3.3/sourcery-g++/bin/../lib/gcc/arm-none-eabi/4.4.1/../../../../arm-none-eabi/lib/thumb2\libc.a(lib_a-fwalk.o)
                0x20007084                _fwalk_reent
                0x200070d8                _fwalk
 .text          0x20007124       0x74 c:/microsemi/softconsole v3.3/sourcery-g++/bin/../lib/gcc/arm-none-eabi/4.4.1/../../../../arm-none-eabi/lib/thumb2\libc.a(lib_a-locale.o)
                0x20007124                __locale_charset
                0x20007130                _localeconv_r
                0x20007138                localeconv
                0x20007140                _setlocale_r
                0x20007188                setlocale
 .text          0x20007198       0xdc c:/microsemi/softconsole v3.3/sourcery-g++/bin/../lib/gcc/arm-none-eabi/4.4.1/../../../../arm-none-eabi/lib/thumb2\libc.a(lib_a-makebuf.o)
                0x20007198                __smakebuf_r
 .text          0x20007274       0x20 c:/microsemi/softconsole v3.3/sourcery-g++/bin/../lib/gcc/arm-none-eabi/4.4.1/../../../../arm-none-eabi/lib/thumb2\libc.a(lib_a-malloc.o)
                0x20007274                free
                0x20007284                malloc
 .text          0x20007294      0x5a4 c:/microsemi/softconsole v3.3/sourcery-g++/bin/../lib/gcc/arm-none-eabi/4.4.1/../../../../arm-none-eabi/lib/thumb2\libc.a(lib_a-mallocr.o)
                0x20007294                _malloc_r
 .text          0x20007838       0x74 c:/microsemi/softconsole v3.3/sourcery-g++/bin/../lib/gcc/arm-none-eabi/4.4.1/../../../../arm-none-eabi/lib/thumb2\libc.a(lib_a-memchr.o)
                0x20007838                memchr
 .text          0x200078ac      0x190 c:/microsemi/softconsole v3.3/sourcery-g++/bin/../lib/gcc/arm-none-eabi/4.4.1/../../../../arm-none-eabi/lib/thumb2\libc.a(lib_a-memcpy.o)
                0x200078ac                memcpy
 .text          0x20007a3c       0xb8 c:/microsemi/softconsole v3.3/sourcery-g++/bin/../lib/gcc/arm-none-eabi/4.4.1/../../../../arm-none-eabi/lib/thumb2\libc.a(lib_a-memmove.o)
                0x20007a3c                memmove
 .text          0x20007af4        0x8 c:/microsemi/softconsole v3.3/sourcery-g++/bin/../lib/gcc/arm-none-eabi/4.4.1/../../../../arm-none-eabi/lib/thumb2\libc.a(lib_a-mlock.o)
                0x20007af4                __malloc_lock
                0x20007af8                __malloc_unlock
 .text          0x20007afc      0x958 c:/microsemi/softconsole v3.3/sourcery-g++/bin/../lib/gcc/arm-none-eabi/4.4.1/../../../../arm-none-eabi/lib/thumb2\libc.a(lib_a-mprec.o)
                0x20007afc                __hi0bits
                0x20007b3c                __lo0bits
                0x20007ba0                __mcmp
                0x20007be0                __ulp
                0x20007c2c                __b2d
                0x20007cd4                __ratio
                0x20007d34                _mprec_log10
                0x20007d6c                __copybits
                0x20007dbc                __any_on
                0x20007e14                _Bfree
                0x20007e4c                _Balloc
                0x20007eb8                __d2b
                0x20007f88                __mdiff
                0x20008080                __lshift
                0x2000813c                __multiply
                0x20008270                __i2b
                0x20008284                __multadd
                0x2000830c                __pow5mult
                0x200083b8                __s2b
 .text          0x20008454      0x3b4 c:/microsemi/softconsole v3.3/sourcery-g++/bin/../lib/gcc/arm-none-eabi/4.4.1/../../../../arm-none-eabi/lib/thumb2\libc.a(lib_a-reallocr.o)
                0x20008454                _realloc_r
 .text          0x20008808       0x24 c:/microsemi/softconsole v3.3/sourcery-g++/bin/../lib/gcc/arm-none-eabi/4.4.1/../../../../arm-none-eabi/lib/thumb2\libc.a(lib_a-s_isinfd.o)
                0x20008808                __isinfd
 .text          0x2000882c       0x1c c:/microsemi/softconsole v3.3/sourcery-g++/bin/../lib/gcc/arm-none-eabi/4.4.1/../../../../arm-none-eabi/lib/thumb2\libc.a(lib_a-s_isnand.o)
                0x2000882c                __isnand
 .text          0x20008848       0x28 c:/microsemi/softconsole v3.3/sourcery-g++/bin/../lib/gcc/arm-none-eabi/4.4.1/../../../../arm-none-eabi/lib/thumb2\libc.a(lib_a-sbrkr.o)
                0x20008848                _sbrk_r
 .text          0x20008870       0x90 c:/microsemi/softconsole v3.3/sourcery-g++/bin/../lib/gcc/arm-none-eabi/4.4.1/../../../../arm-none-eabi/lib/thumb2\libc.a(lib_a-stdio.o)
                0x20008870                __sclose
                0x20008878                __sseek
                0x200088a0                __swrite
                0x200088dc                __sread
 .text          0x20008900      0x1dc c:/microsemi/softconsole v3.3/sourcery-g++/bin/../lib/gcc/arm-none-eabi/4.4.1/../../../../arm-none-eabi/lib/thumb2\libc.a(lib_a-strcmp.o)
                0x20008900                strcmp
 .text          0x20008adc       0x5c c:/microsemi/softconsole v3.3/sourcery-g++/bin/../lib/gcc/arm-none-eabi/4.4.1/../../../../arm-none-eabi/lib/thumb2\libc.a(lib_a-callocr.o)
                0x20008adc                _calloc_r
 .text          0x20008b38       0x28 c:/microsemi/softconsole v3.3/sourcery-g++/bin/../lib/gcc/arm-none-eabi/4.4.1/../../../../arm-none-eabi/lib/thumb2\libc.a(lib_a-closer.o)
                0x20008b38                _close_r
 .text          0x20008b60       0xcc c:/microsemi/softconsole v3.3/sourcery-g++/bin/../lib/gcc/arm-none-eabi/4.4.1/../../../../arm-none-eabi/lib/thumb2\libc.a(lib_a-fclose.o)
                0x20008b60                _fclose_r
                0x20008c1c                fclose
 .text          0x20008c2c       0x2c c:/microsemi/softconsole v3.3/sourcery-g++/bin/../lib/gcc/arm-none-eabi/4.4.1/../../../../arm-none-eabi/lib/thumb2\libc.a(lib_a-fstatr.o)
                0x20008c2c                _fstat_r
 .text          0x20008c58       0x28 c:/microsemi/softconsole v3.3/sourcery-g++/bin/../lib/gcc/arm-none-eabi/4.4.1/../../../../arm-none-eabi/lib/thumb2\libc.a(lib_a-isattyr.o)
                0x20008c58                _isatty_r
 .text          0x20008c80       0x2c c:/microsemi/softconsole v3.3/sourcery-g++/bin/../lib/gcc/arm-none-eabi/4.4.1/../../../../arm-none-eabi/lib/thumb2\libc.a(lib_a-lseekr.o)
                0x20008c80                _lseek_r
 .text          0x20008cac       0x2c c:/microsemi/softconsole v3.3/sourcery-g++/bin/../lib/gcc/arm-none-eabi/4.4.1/../../../../arm-none-eabi/lib/thumb2\libc.a(lib_a-readr.o)
                0x20008cac                _read_r
 .text          0x20008cd8      0x278 c:/microsemi/softconsole v3.3/sourcery-g++/bin/../lib/gcc/arm-none-eabi/4.4.1/thumb2\libgcc.a(_udivsi3.o)
                0x20008cd8                __aeabi_uidiv
                0x20008cd8                __udivsi3
                0x20008f34                __aeabi_uidivmod
 .text          0x20008f50        0x4 c:/microsemi/softconsole v3.3/sourcery-g++/bin/../lib/gcc/arm-none-eabi/4.4.1/thumb2\libgcc.a(_dvmd_tls.o)
                0x20008f50                __aeabi_idiv0
                0x20008f50                __aeabi_ldiv0
 .text          0x20008f54       0x2c c:/microsemi/softconsole v3.3/sourcery-g++/bin/../lib/gcc/arm-none-eabi/4.4.1/thumb2\libgcc.a(_aeabi_uldivmod.o)
                0x20008f54                __aeabi_uldivmod
 .text          0x20008f80       0x58 c:/microsemi/softconsole v3.3/sourcery-g++/bin/../lib/gcc/arm-none-eabi/4.4.1/thumb2\libgcc.a(bpabi.o)
                0x20008f80                __gnu_uldivmod_helper
                0x20008fac                __gnu_ldivmod_helper
 .text          0x20008fd8      0x364 c:/microsemi/softconsole v3.3/sourcery-g++/bin/../lib/gcc/arm-none-eabi/4.4.1/thumb2\libgcc.a(_divdi3.o)
                0x20008fd8                __divdi3
 .text          0x2000933c      0x300 c:/microsemi/softconsole v3.3/sourcery-g++/bin/../lib/gcc/arm-none-eabi/4.4.1/thumb2\libgcc.a(_udivdi3.o)
                0x2000933c                __udivdi3
 .text          0x2000963c      0x100 c:/microsemi/softconsole v3.3/sourcery-g++/bin/../lib/gcc/arm-none-eabi/4.4.1/../../../../arm-none-eabi/lib/thumb2\libm.a(lib_a-w_log.o)
                0x2000963c                log
 *fill*         0x2000973c        0x4 00
 .text          0x20009740      0x428 c:/microsemi/softconsole v3.3/sourcery-g++/bin/../lib/gcc/arm-none-eabi/4.4.1/../../../../arm-none-eabi/lib/thumb2\libm.a(lib_a-e_log.o)
                0x20009740                __ieee754_log
 .text          0x20009b68        0x4 c:/microsemi/softconsole v3.3/sourcery-g++/bin/../lib/gcc/arm-none-eabi/4.4.1/../../../../arm-none-eabi/lib/thumb2\libm.a(lib_a-s_matherr.o)
                0x20009b68                matherr
 .text          0x20009b6c        0xc c:/microsemi/softconsole v3.3/sourcery-g++/bin/../lib/gcc/arm-none-eabi/4.4.1/../../../../arm-none-eabi/lib/thumb2\libm.a(lib_a-s_nan.o)
                0x20009b6c                nan
 *(.plt)
 *(.gnu.warning)
 *(.glue_7t)
 .glue_7t       0x00000000        0x0 linker stubs
 *(.glue_7)
 .glue_7        0x00000000        0x0 linker stubs
 *(.vfp11_veneer)
 .vfp11_veneer  0x00000000        0x0 linker stubs
                0x20009b78                . = ALIGN (0x4)
 *crtbegin.o(.ctors)
 *(EXCLUDE_FILE(*crtend.o) .ctors)
 *(SORT(.ctors.*))
 *crtend.o(.ctors)
 *crtbegin.o(.dtors)
 *(EXCLUDE_FILE(*crtend.o) .dtors)
 *(SORT(.dtors.*))
 *crtend.o(.dtors)
 *(.rodata .rodata.* .gnu.linkonce.r.*)
 .rodata        0x20009b78       0x48 ./main.o
 .rodata.C.38.4357
                0x20009bc0        0x4 ./main.o
 .rodata.C.37.4351
                0x20009bc4        0x4 ./main.o
 .rodata        0x20009bc8       0x1c C:/Users/darshin/Desktop/vision/SoftConsole/MSS01_MSS_CM3_0/MSS01_MSS_CM3_0_hw_platform/Debug/CMSIS/startup_gcc/newlib_stubs.o
 .rodata.g_config_reg_lut
                0x20009be4       0x80 C:\Users\darshin\Desktop\vision\SoftConsole\MSS01_MSS_CM3_0\MSS01_MSS_CM3_0_hw_platform\Debug\libMSS01_MSS_CM3_0_hw_platform.a(mss_gpio.o)
 .rodata.g_gpio_irqn_lut
                0x20009c64       0x40 C:\Users\darshin\Desktop\vision\SoftConsole\MSS01_MSS_CM3_0\MSS01_MSS_CM3_0_hw_platform\Debug\libMSS01_MSS_CM3_0_hw_platform.a(mss_gpio.o)
 .rodata.C.18.2576
                0x20009ca4       0x10 C:\Users\darshin\Desktop\vision\SoftConsole\MSS01_MSS_CM3_0\MSS01_MSS_CM3_0_hw_platform\Debug\libMSS01_MSS_CM3_0_hw_platform.a(system_a2fxxxm3.o)
 .rodata        0x20009cb4        0x4 c:/microsemi/softconsole v3.3/sourcery-g++/bin/../lib/gcc/arm-none-eabi/4.4.1/../../../../arm-none-eabi/lib/thumb2\libc.a(lib_a-impure.o)
                0x20009cb4                _global_impure_ptr
 .rodata.str1.4
                0x20009cb8        0x2 c:/microsemi/softconsole v3.3/sourcery-g++/bin/../lib/gcc/arm-none-eabi/4.4.1/../../../../arm-none-eabi/lib/thumb2\libc.a(lib_a-impure.o)
                                  0x4 (size before relaxing)
 *fill*         0x20009cba        0x2 00
 .rodata.str1.4
                0x20009cbc        0x2 c:/microsemi/softconsole v3.3/sourcery-g++/bin/../lib/gcc/arm-none-eabi/4.4.1/../../../../arm-none-eabi/lib/thumb2\libc.a(lib_a-puts.o)
                                  0x4 (size before relaxing)
 *fill*         0x20009cbe        0x2 00
 .rodata        0x20009cc0       0x20 c:/microsemi/softconsole v3.3/sourcery-g++/bin/../lib/gcc/arm-none-eabi/4.4.1/../../../../arm-none-eabi/lib/thumb2\libc.a(lib_a-vfprintf.o)
 .rodata.str1.4
                0x20009ce0       0x42 c:/microsemi/softconsole v3.3/sourcery-g++/bin/../lib/gcc/arm-none-eabi/4.4.1/../../../../arm-none-eabi/lib/thumb2\libc.a(lib_a-vfprintf.o)
                                 0x44 (size before relaxing)
 *fill*         0x20009d22        0x2 00
 .rodata.str1.4
                0x20009d24       0x10 c:/microsemi/softconsole v3.3/sourcery-g++/bin/../lib/gcc/arm-none-eabi/4.4.1/../../../../arm-none-eabi/lib/thumb2\libc.a(lib_a-dtoa.o)
                                 0x14 (size before relaxing)
 .rodata        0x20009d34       0x60 c:/microsemi/softconsole v3.3/sourcery-g++/bin/../lib/gcc/arm-none-eabi/4.4.1/../../../../arm-none-eabi/lib/thumb2\libc.a(lib_a-findfp.o)
                0x20009d34                __sf_fake_stdin
                0x20009d54                __sf_fake_stdout
                0x20009d74                __sf_fake_stderr
 .rodata        0x20009d94       0x34 c:/microsemi/softconsole v3.3/sourcery-g++/bin/../lib/gcc/arm-none-eabi/4.4.1/../../../../arm-none-eabi/lib/thumb2\libc.a(lib_a-locale.o)
 .rodata.str1.4
                0x20009dc8        0xf c:/microsemi/softconsole v3.3/sourcery-g++/bin/../lib/gcc/arm-none-eabi/4.4.1/../../../../arm-none-eabi/lib/thumb2\libc.a(lib_a-locale.o)
                                 0x18 (size before relaxing)
 *fill*         0x20009dd7        0x1 00
 .rodata        0x20009dd8      0x128 c:/microsemi/softconsole v3.3/sourcery-g++/bin/../lib/gcc/arm-none-eabi/4.4.1/../../../../arm-none-eabi/lib/thumb2\libc.a(lib_a-mprec.o)
                0x20009dd8                __mprec_tens
                0x20009eb0                __mprec_bigtens
                0x20009ed8                __mprec_tinytens
 .rodata.str1.4
                0x20009f00        0x4 c:/microsemi/softconsole v3.3/sourcery-g++/bin/../lib/gcc/arm-none-eabi/4.4.1/../../../../arm-none-eabi/lib/thumb2\libm.a(lib_a-w_log.o)
                                  0x8 (size before relaxing)
 *(.ARM.extab* .gnu.linkonce.armextab.*)
 *(.gcc_except_table)
 *(.eh_frame_hdr)
 *(.eh_frame)
 *(.init)
 .init          0x20009f04        0x4 c:/microsemi/softconsole v3.3/sourcery-g++/bin/../lib/gcc/arm-none-eabi/4.4.1/thumb2/crti.o
                0x20009f04                _init
 .init          0x20009f08        0x8 c:/microsemi/softconsole v3.3/sourcery-g++/bin/../lib/gcc/arm-none-eabi/4.4.1/thumb2/crtn.o
 *(.fini)
 .fini          0x20009f10        0x4 c:/microsemi/softconsole v3.3/sourcery-g++/bin/../lib/gcc/arm-none-eabi/4.4.1/thumb2/crti.o
                0x20009f10                _fini
 .fini          0x20009f14        0x8 c:/microsemi/softconsole v3.3/sourcery-g++/bin/../lib/gcc/arm-none-eabi/4.4.1/thumb2/crtn.o
                0x20009f1c                PROVIDE (__preinit_array_start, .)
 *(.preinit_array)
                0x20009f1c                PROVIDE (__preinit_array_end, .)
                0x20009f1c                PROVIDE (__init_array_start, .)
 *(SORT(.init_array.*))
 *(.init_array)
 .init_array    0x20009f1c        0x4 c:/microsemi/softconsole v3.3/sourcery-g++/bin/../lib/gcc/arm-none-eabi/4.4.1/thumb2/crtbegin.o
                0x20009f20                PROVIDE (__init_array_end, .)
                0x20009f20                PROVIDE (__fini_array_start, .)
 *(.fini_array)
 .fini_array    0x20009f20        0x4 c:/microsemi/softconsole v3.3/sourcery-g++/bin/../lib/gcc/arm-none-eabi/4.4.1/thumb2/crtbegin.o
 *(SORT(.fini_array.*))
                0x20009f24                PROVIDE (__fini_array_end, .)
                0x20009f24                __exidx_start = .

.v4_bx          0x20009f24        0x0
 .v4_bx         0x00000000        0x0 linker stubs

.ARM.exidx      0x20009f24        0x8
 *(.ARM.exidx* .gnu.linkonce.armexidx.*)
 .ARM.exidx     0x20009f24        0x8 c:/microsemi/softconsole v3.3/sourcery-g++/bin/../lib/gcc/arm-none-eabi/4.4.1/thumb2\libgcc.a(_divdi3.o)
 .ARM.exidx     0x20009f2c        0x0 c:/microsemi/softconsole v3.3/sourcery-g++/bin/../lib/gcc/arm-none-eabi/4.4.1/thumb2\libgcc.a(_udivdi3.o)
                                  0x8 (size before relaxing)
                0x20009f2c                __exidx_end = .
                0x20009f2c                _etext = .
                0x20009f2c                PROVIDE (__text_end, .)

.data           0x20009f2c      0x530
                0x20009f2c                __data_load = LOADADDR (.data)
                0x20009f2c                _sidata = LOADADDR (.data)
                0x20009f2c                __data_start = .
                0x20009f2c                _sdata = .
 *(.jcr)
 .jcr           0x20009f2c        0x0 c:/microsemi/softconsole v3.3/sourcery-g++/bin/../lib/gcc/arm-none-eabi/4.4.1/thumb2/crtbegin.o
 .jcr           0x20009f2c        0x4 c:/microsemi/softconsole v3.3/sourcery-g++/bin/../lib/gcc/arm-none-eabi/4.4.1/thumb2/crtend.o
 *(.got.plt)
 *(.got)
 *(.shdata)
 *(.data .data.* .gnu.linkonce.d.*)
 .data.LED      0x20009f30        0x4 ./main.o
                0x20009f30                LED
 .data.SONIC_READ
                0x20009f34        0x4 ./main.o
                0x20009f34                SONIC_READ
 .data.set_heading_baseline
                0x20009f38        0x1 ./main.o
                0x20009f38                set_heading_baseline
 *fill*         0x20009f39        0x3 00
 .data.SystemFrequency
                0x20009f3c        0x4 C:\Users\darshin\Desktop\vision\SoftConsole\MSS01_MSS_CM3_0\MSS01_MSS_CM3_0_hw_platform\Debug\libMSS01_MSS_CM3_0_hw_platform.a(system_a2fxxxm3.o)
                0x20009f3c                SystemFrequency
 .data.SystemCoreClock
                0x20009f40        0x4 C:\Users\darshin\Desktop\vision\SoftConsole\MSS01_MSS_CM3_0\MSS01_MSS_CM3_0_hw_platform\Debug\libMSS01_MSS_CM3_0_hw_platform.a(system_a2fxxxm3.o)
                0x20009f40                SystemCoreClock
 .data.g_FrequencyPCLK0
                0x20009f44        0x4 C:\Users\darshin\Desktop\vision\SoftConsole\MSS01_MSS_CM3_0\MSS01_MSS_CM3_0_hw_platform\Debug\libMSS01_MSS_CM3_0_hw_platform.a(system_a2fxxxm3.o)
                0x20009f44                g_FrequencyPCLK0
 .data.g_FrequencyPCLK1
                0x20009f48        0x4 C:\Users\darshin\Desktop\vision\SoftConsole\MSS01_MSS_CM3_0\MSS01_MSS_CM3_0_hw_platform\Debug\libMSS01_MSS_CM3_0_hw_platform.a(system_a2fxxxm3.o)
                0x20009f48                g_FrequencyPCLK1
 .data.g_FrequencyACE
                0x20009f4c        0x4 C:\Users\darshin\Desktop\vision\SoftConsole\MSS01_MSS_CM3_0\MSS01_MSS_CM3_0_hw_platform\Debug\libMSS01_MSS_CM3_0_hw_platform.a(system_a2fxxxm3.o)
                0x20009f4c                g_FrequencyACE
 .data.g_FrequencyFPGA
                0x20009f50        0x4 C:\Users\darshin\Desktop\vision\SoftConsole\MSS01_MSS_CM3_0\MSS01_MSS_CM3_0_hw_platform\Debug\libMSS01_MSS_CM3_0_hw_platform.a(system_a2fxxxm3.o)
                0x20009f50                g_FrequencyFPGA
 .data          0x20009f54       0xf4 c:/microsemi/softconsole v3.3/sourcery-g++/bin/../lib/gcc/arm-none-eabi/4.4.1/../../../../arm-none-eabi/lib/thumb2\libc.a(lib_a-impure.o)
                0x20009f54                _impure_ptr
 .data          0x2000a048      0x410 c:/microsemi/softconsole v3.3/sourcery-g++/bin/../lib/gcc/arm-none-eabi/4.4.1/../../../../arm-none-eabi/lib/thumb2\libc.a(lib_a-mallocr.o)
                0x2000a048                __malloc_av_
                0x2000a450                __malloc_sbrk_base
                0x2000a454                __malloc_trim_threshold
 .data          0x2000a458        0x1 c:/microsemi/softconsole v3.3/sourcery-g++/bin/../lib/gcc/arm-none-eabi/4.4.1/../../../../arm-none-eabi/lib/thumb2\libm.a(lib_a-s_lib_ver.o)
                0x2000a458                __fdlib_version
                0x2000a45c                . = ALIGN (0x4)
 *fill*         0x2000a459        0x3 00
                0x2000a45c                _edata = .

.bss            0x2000a460      0x1c0
                0x2000a460                __bss_start__ = .
                0x2000a460                _sbss = .
 *(.shbss)
 *(.bss .bss.* .gnu.linkonce.b.*)
 .bss           0x2000a460        0x1 c:/microsemi/softconsole v3.3/sourcery-g++/bin/../lib/gcc/arm-none-eabi/4.4.1/thumb2/crtbegin.o
 *fill*         0x2000a461        0x7 00
 .bss.baseline_heading_display.4369
                0x2000a468        0x8 ./main.o
 .bss.baseline_heading_sensor.4370
                0x2000a470        0x8 ./main.o
 .bss.g_stdio_uart_init_done
                0x2000a478        0x4 C:/Users/darshin/Desktop/vision/SoftConsole/MSS01_MSS_CM3_0/MSS01_MSS_CM3_0_hw_platform/Debug/CMSIS/startup_gcc/newlib_stubs.o
 .bss.heap_end.3594
                0x2000a47c        0x4 C:/Users/darshin/Desktop/vision/SoftConsole/MSS01_MSS_CM3_0/MSS01_MSS_CM3_0_hw_platform/Debug/CMSIS/startup_gcc/newlib_stubs.o
 .bss           0x2000a480       0x34 c:/microsemi/softconsole v3.3/sourcery-g++/bin/../lib/gcc/arm-none-eabi/4.4.1/../../../../arm-none-eabi/lib/thumb2\libc.a(lib_a-mallocr.o)
                0x2000a480                __malloc_top_pad
                0x2000a484                __malloc_current_mallinfo
                0x2000a4ac                __malloc_max_sbrked_mem
                0x2000a4b0                __malloc_max_total_mem
 *(COMMON)
 *fill*         0x2000a4b4        0x4 00
 COMMON         0x2000a4b8       0x28 ./main.o
                0x2000a4b8                int_count
                0x2000a4bc                current_mode
                0x2000a4c0                cm_dist
                0x2000a4c8                IMU_temp_offset
                0x2000a4d0                color
                0x2000a4d8                IMU_offset
 COMMON         0x2000a4e0       0x50 C:\Users\darshin\Desktop\vision\SoftConsole\MSS01_MSS_CM3_0\MSS01_MSS_CM3_0_hw_platform\Debug\libMSS01_MSS_CM3_0_hw_platform.a(mss_uart.o)
                0x2000a4e0                g_mss_uart1
                0x2000a508                g_mss_uart0
 COMMON         0x2000a530       0xe8 C:\Users\darshin\Desktop\vision\SoftConsole\MSS01_MSS_CM3_0\MSS01_MSS_CM3_0_hw_platform\Debug\libMSS01_MSS_CM3_0_hw_platform.a(mss_i2c.o)
                0x2000a530                g_mss_i2c0
                0x2000a5a4                g_mss_i2c1
 COMMON         0x2000a618        0x4 c:/microsemi/softconsole v3.3/sourcery-g++/bin/../lib/gcc/arm-none-eabi/4.4.1/../../../../arm-none-eabi/lib/thumb2\libc.a(lib_a-reent.o)
                0x2000a618                errno
                0x2000a620                . = ALIGN (0x8)
 *fill*         0x2000a61c        0x4 00
                0x2000a620                __bss_end__ = .
                0x2000a620                _end = .
                0x2000a620                __end = _end
                0x2000a620                _ebss = .
                0x2000a620                PROVIDE (end, .)

.stack          0x2000a620     0x3000
                0x2000a620                . = ALIGN (0x4)
                0x2000b620                . = (. + PROCESS_STACK_SIZE)
 *fill*         0x2000a620     0x1000 00
                0x2000b620                . = ALIGN (0x4)
                0x2000d620                . = (. + MAIN_STACK_SIZE)
 *fill*         0x2000b620     0x2000 00
                0x2000d620                . = ALIGN (0x4)

.stab
 *(.stab)

.stabstr
 *(.stabstr)

.debug
 *(.debug)

.line
 *(.line)

.debug_srcinfo
 *(.debug_srcinfo)

.debug_sfnames
 *(.debug_sfnames)

.comment        0x00000000      0x12d
 .comment       0x00000000       0x2b ./main.o
 .comment       0x0000002b       0x2b C:/Users/darshin/Desktop/vision/SoftConsole/MSS01_MSS_CM3_0/MSS01_MSS_CM3_0_hw_platform/Debug/CMSIS/startup_gcc/newlib_stubs.o
 .comment       0x00000056       0x2b C:\Users\darshin\Desktop\vision\SoftConsole\MSS01_MSS_CM3_0\MSS01_MSS_CM3_0_hw_platform\Debug\libMSS01_MSS_CM3_0_hw_platform.a(mss_uart.o)
 .comment       0x00000081       0x2b C:\Users\darshin\Desktop\vision\SoftConsole\MSS01_MSS_CM3_0\MSS01_MSS_CM3_0_hw_platform\Debug\libMSS01_MSS_CM3_0_hw_platform.a(mss_i2c.o)
 .comment       0x000000ac       0x2b C:\Users\darshin\Desktop\vision\SoftConsole\MSS01_MSS_CM3_0\MSS01_MSS_CM3_0_hw_platform\Debug\libMSS01_MSS_CM3_0_hw_platform.a(mss_gpio.o)
 .comment       0x000000d7       0x2b C:\Users\darshin\Desktop\vision\SoftConsole\MSS01_MSS_CM3_0\MSS01_MSS_CM3_0_hw_platform\Debug\libMSS01_MSS_CM3_0_hw_platform.a(core_cm3.o)
 .comment       0x00000102       0x2b C:\Users\darshin\Desktop\vision\SoftConsole\MSS01_MSS_CM3_0\MSS01_MSS_CM3_0_hw_platform\Debug\libMSS01_MSS_CM3_0_hw_platform.a(system_a2fxxxm3.o)

.debug_aranges  0x00000000      0x4e0
 *(.debug_aranges)
 .debug_aranges
                0x00000000       0xe0 ./main.o
 .debug_aranges
                0x000000e0       0xa8 C:/Users/darshin/Desktop/vision/SoftConsole/MSS01_MSS_CM3_0/MSS01_MSS_CM3_0_hw_platform/Debug/CMSIS/startup_gcc/newlib_stubs.o
 .debug_aranges
                0x00000188       0xd8 C:\Users\darshin\Desktop\vision\SoftConsole\MSS01_MSS_CM3_0\MSS01_MSS_CM3_0_hw_platform\Debug\libMSS01_MSS_CM3_0_hw_platform.a(mss_uart.o)
 .debug_aranges
                0x00000260      0x128 C:\Users\darshin\Desktop\vision\SoftConsole\MSS01_MSS_CM3_0\MSS01_MSS_CM3_0_hw_platform\Debug\libMSS01_MSS_CM3_0_hw_platform.a(mss_i2c.o)
 .debug_aranges
                0x00000388       0x60 C:\Users\darshin\Desktop\vision\SoftConsole\MSS01_MSS_CM3_0\MSS01_MSS_CM3_0_hw_platform\Debug\libMSS01_MSS_CM3_0_hw_platform.a(mss_gpio.o)
 .debug_aranges
                0x000003e8       0xc8 C:\Users\darshin\Desktop\vision\SoftConsole\MSS01_MSS_CM3_0\MSS01_MSS_CM3_0_hw_platform\Debug\libMSS01_MSS_CM3_0_hw_platform.a(core_cm3.o)
 .debug_aranges
                0x000004b0       0x30 C:\Users\darshin\Desktop\vision\SoftConsole\MSS01_MSS_CM3_0\MSS01_MSS_CM3_0_hw_platform\Debug\libMSS01_MSS_CM3_0_hw_platform.a(system_a2fxxxm3.o)

.debug_pubnames
                0x00000000      0xaf8
 *(.debug_pubnames)
 .debug_pubnames
                0x00000000      0x248 ./main.o
 .debug_pubnames
                0x00000248       0xeb C:/Users/darshin/Desktop/vision/SoftConsole/MSS01_MSS_CM3_0/MSS01_MSS_CM3_0_hw_platform/Debug/CMSIS/startup_gcc/newlib_stubs.o
 .debug_pubnames
                0x00000333      0x21c C:\Users\darshin\Desktop\vision\SoftConsole\MSS01_MSS_CM3_0\MSS01_MSS_CM3_0_hw_platform\Debug\libMSS01_MSS_CM3_0_hw_platform.a(mss_uart.o)
 .debug_pubnames
                0x0000054f      0x2eb C:\Users\darshin\Desktop\vision\SoftConsole\MSS01_MSS_CM3_0\MSS01_MSS_CM3_0_hw_platform\Debug\libMSS01_MSS_CM3_0_hw_platform.a(mss_i2c.o)
 .debug_pubnames
                0x0000083a       0xb1 C:\Users\darshin\Desktop\vision\SoftConsole\MSS01_MSS_CM3_0\MSS01_MSS_CM3_0_hw_platform\Debug\libMSS01_MSS_CM3_0_hw_platform.a(mss_gpio.o)
 .debug_pubnames
                0x000008eb      0x159 C:\Users\darshin\Desktop\vision\SoftConsole\MSS01_MSS_CM3_0\MSS01_MSS_CM3_0_hw_platform\Debug\libMSS01_MSS_CM3_0_hw_platform.a(core_cm3.o)
 .debug_pubnames
                0x00000a44       0xb4 C:\Users\darshin\Desktop\vision\SoftConsole\MSS01_MSS_CM3_0\MSS01_MSS_CM3_0_hw_platform\Debug\libMSS01_MSS_CM3_0_hw_platform.a(system_a2fxxxm3.o)

.debug_info     0x00000000     0x6dab
 *(.debug_info .gnu.linkonce.wi.*)
 .debug_info    0x00000000     0x1494 ./main.o
 .debug_info    0x00001494     0x10f0 C:/Users/darshin/Desktop/vision/SoftConsole/MSS01_MSS_CM3_0/MSS01_MSS_CM3_0_hw_platform/Debug/CMSIS/startup_gcc/newlib_stubs.o
 .debug_info    0x00002584     0x15a4 C:\Users\darshin\Desktop\vision\SoftConsole\MSS01_MSS_CM3_0\MSS01_MSS_CM3_0_hw_platform\Debug\libMSS01_MSS_CM3_0_hw_platform.a(mss_uart.o)
 .debug_info    0x00003b28     0x16e7 C:\Users\darshin\Desktop\vision\SoftConsole\MSS01_MSS_CM3_0\MSS01_MSS_CM3_0_hw_platform\Debug\libMSS01_MSS_CM3_0_hw_platform.a(mss_i2c.o)
 .debug_info    0x0000520f     0x1114 C:\Users\darshin\Desktop\vision\SoftConsole\MSS01_MSS_CM3_0\MSS01_MSS_CM3_0_hw_platform\Debug\libMSS01_MSS_CM3_0_hw_platform.a(mss_gpio.o)
 .debug_info    0x00006323      0x54c C:\Users\darshin\Desktop\vision\SoftConsole\MSS01_MSS_CM3_0\MSS01_MSS_CM3_0_hw_platform\Debug\libMSS01_MSS_CM3_0_hw_platform.a(core_cm3.o)
 .debug_info    0x0000686f      0x53c C:\Users\darshin\Desktop\vision\SoftConsole\MSS01_MSS_CM3_0\MSS01_MSS_CM3_0_hw_platform\Debug\libMSS01_MSS_CM3_0_hw_platform.a(system_a2fxxxm3.o)

.debug_abbrev   0x00000000      0xc31
 *(.debug_abbrev)
 .debug_abbrev  0x00000000      0x262 ./main.o
 .debug_abbrev  0x00000262      0x1f4 C:/Users/darshin/Desktop/vision/SoftConsole/MSS01_MSS_CM3_0/MSS01_MSS_CM3_0_hw_platform/Debug/CMSIS/startup_gcc/newlib_stubs.o
 .debug_abbrev  0x00000456      0x245 C:\Users\darshin\Desktop\vision\SoftConsole\MSS01_MSS_CM3_0\MSS01_MSS_CM3_0_hw_platform\Debug\libMSS01_MSS_CM3_0_hw_platform.a(mss_uart.o)
 .debug_abbrev  0x0000069b      0x22b C:\Users\darshin\Desktop\vision\SoftConsole\MSS01_MSS_CM3_0\MSS01_MSS_CM3_0_hw_platform\Debug\libMSS01_MSS_CM3_0_hw_platform.a(mss_i2c.o)
 .debug_abbrev  0x000008c6      0x181 C:\Users\darshin\Desktop\vision\SoftConsole\MSS01_MSS_CM3_0\MSS01_MSS_CM3_0_hw_platform\Debug\libMSS01_MSS_CM3_0_hw_platform.a(mss_gpio.o)
 .debug_abbrev  0x00000a47       0xd9 C:\Users\darshin\Desktop\vision\SoftConsole\MSS01_MSS_CM3_0\MSS01_MSS_CM3_0_hw_platform\Debug\libMSS01_MSS_CM3_0_hw_platform.a(core_cm3.o)
 .debug_abbrev  0x00000b20      0x111 C:\Users\darshin\Desktop\vision\SoftConsole\MSS01_MSS_CM3_0\MSS01_MSS_CM3_0_hw_platform\Debug\libMSS01_MSS_CM3_0_hw_platform.a(system_a2fxxxm3.o)

.debug_line     0x00000000     0x228d
 *(.debug_line)
 .debug_line    0x00000000      0x91c ./main.o
 .debug_line    0x0000091c      0x509 C:/Users/darshin/Desktop/vision/SoftConsole/MSS01_MSS_CM3_0/MSS01_MSS_CM3_0_hw_platform/Debug/CMSIS/startup_gcc/newlib_stubs.o
 .debug_line    0x00000e25      0x575 C:\Users\darshin\Desktop\vision\SoftConsole\MSS01_MSS_CM3_0\MSS01_MSS_CM3_0_hw_platform\Debug\libMSS01_MSS_CM3_0_hw_platform.a(mss_uart.o)
 .debug_line    0x0000139a      0x6f2 C:\Users\darshin\Desktop\vision\SoftConsole\MSS01_MSS_CM3_0\MSS01_MSS_CM3_0_hw_platform\Debug\libMSS01_MSS_CM3_0_hw_platform.a(mss_i2c.o)
 .debug_line    0x00001a8c      0x326 C:\Users\darshin\Desktop\vision\SoftConsole\MSS01_MSS_CM3_0\MSS01_MSS_CM3_0_hw_platform\Debug\libMSS01_MSS_CM3_0_hw_platform.a(mss_gpio.o)
 .debug_line    0x00001db2      0x260 C:\Users\darshin\Desktop\vision\SoftConsole\MSS01_MSS_CM3_0\MSS01_MSS_CM3_0_hw_platform\Debug\libMSS01_MSS_CM3_0_hw_platform.a(core_cm3.o)
 .debug_line    0x00002012      0x27b C:\Users\darshin\Desktop\vision\SoftConsole\MSS01_MSS_CM3_0\MSS01_MSS_CM3_0_hw_platform\Debug\libMSS01_MSS_CM3_0_hw_platform.a(system_a2fxxxm3.o)

.debug_frame    0x00000000     0x1cf0
 *(.debug_frame)
 .debug_frame   0x00000000      0x320 ./main.o
 .debug_frame   0x00000320      0x220 C:/Users/darshin/Desktop/vision/SoftConsole/MSS01_MSS_CM3_0/MSS01_MSS_CM3_0_hw_platform/Debug/CMSIS/startup_gcc/newlib_stubs.o
 .debug_frame   0x00000540      0x2e4 C:\Users\darshin\Desktop\vision\SoftConsole\MSS01_MSS_CM3_0\MSS01_MSS_CM3_0_hw_platform\Debug\libMSS01_MSS_CM3_0_hw_platform.a(mss_uart.o)
 .debug_frame   0x00000824      0x40c C:\Users\darshin\Desktop\vision\SoftConsole\MSS01_MSS_CM3_0\MSS01_MSS_CM3_0_hw_platform\Debug\libMSS01_MSS_CM3_0_hw_platform.a(mss_i2c.o)
 .debug_frame   0x00000c30      0x118 C:\Users\darshin\Desktop\vision\SoftConsole\MSS01_MSS_CM3_0\MSS01_MSS_CM3_0_hw_platform\Debug\libMSS01_MSS_CM3_0_hw_platform.a(mss_gpio.o)
 .debug_frame   0x00000d48      0x248 C:\Users\darshin\Desktop\vision\SoftConsole\MSS01_MSS_CM3_0\MSS01_MSS_CM3_0_hw_platform\Debug\libMSS01_MSS_CM3_0_hw_platform.a(core_cm3.o)
 .debug_frame   0x00000f90       0x64 C:\Users\darshin\Desktop\vision\SoftConsole\MSS01_MSS_CM3_0\MSS01_MSS_CM3_0_hw_platform\Debug\libMSS01_MSS_CM3_0_hw_platform.a(system_a2fxxxm3.o)
 .debug_frame   0x00000ff4       0x20 c:/microsemi/softconsole v3.3/sourcery-g++/bin/../lib/gcc/arm-none-eabi/4.4.1/../../../../arm-none-eabi/lib/thumb2\libc.a(lib_a-errno.o)
 .debug_frame   0x00001014       0x2c c:/microsemi/softconsole v3.3/sourcery-g++/bin/../lib/gcc/arm-none-eabi/4.4.1/../../../../arm-none-eabi/lib/thumb2\libc.a(lib_a-init.o)
 .debug_frame   0x00001040       0x28 c:/microsemi/softconsole v3.3/sourcery-g++/bin/../lib/gcc/arm-none-eabi/4.4.1/../../../../arm-none-eabi/lib/thumb2\libc.a(lib_a-memset.o)
 .debug_frame   0x00001068       0x5c c:/microsemi/softconsole v3.3/sourcery-g++/bin/../lib/gcc/arm-none-eabi/4.4.1/../../../../arm-none-eabi/lib/thumb2\libc.a(lib_a-printf.o)
 .debug_frame   0x000010c4       0x40 c:/microsemi/softconsole v3.3/sourcery-g++/bin/../lib/gcc/arm-none-eabi/4.4.1/../../../../arm-none-eabi/lib/thumb2\libc.a(lib_a-puts.o)
 .debug_frame   0x00001104       0x20 c:/microsemi/softconsole v3.3/sourcery-g++/bin/../lib/gcc/arm-none-eabi/4.4.1/../../../../arm-none-eabi/lib/thumb2\libc.a(lib_a-strlen.o)
 .debug_frame   0x00001124       0x70 c:/microsemi/softconsole v3.3/sourcery-g++/bin/../lib/gcc/arm-none-eabi/4.4.1/../../../../arm-none-eabi/lib/thumb2\libc.a(lib_a-vfprintf.o)
 .debug_frame   0x00001194       0x2c c:/microsemi/softconsole v3.3/sourcery-g++/bin/../lib/gcc/arm-none-eabi/4.4.1/../../../../arm-none-eabi/lib/thumb2\libc.a(lib_a-wsetup.o)
 .debug_frame   0x000011c0       0x64 c:/microsemi/softconsole v3.3/sourcery-g++/bin/../lib/gcc/arm-none-eabi/4.4.1/../../../../arm-none-eabi/lib/thumb2\libc.a(lib_a-dtoa.o)
 .debug_frame   0x00001224       0x40 c:/microsemi/softconsole v3.3/sourcery-g++/bin/../lib/gcc/arm-none-eabi/4.4.1/../../../../arm-none-eabi/lib/thumb2\libc.a(lib_a-fflush.o)
 .debug_frame   0x00001264      0x11c c:/microsemi/softconsole v3.3/sourcery-g++/bin/../lib/gcc/arm-none-eabi/4.4.1/../../../../arm-none-eabi/lib/thumb2\libc.a(lib_a-findfp.o)
 .debug_frame   0x00001380       0x50 c:/microsemi/softconsole v3.3/sourcery-g++/bin/../lib/gcc/arm-none-eabi/4.4.1/../../../../arm-none-eabi/lib/thumb2\libc.a(lib_a-freer.o)
 .debug_frame   0x000013d0       0x3c c:/microsemi/softconsole v3.3/sourcery-g++/bin/../lib/gcc/arm-none-eabi/4.4.1/../../../../arm-none-eabi/lib/thumb2\libc.a(lib_a-fvwrite.o)
 .debug_frame   0x0000140c       0x54 c:/microsemi/softconsole v3.3/sourcery-g++/bin/../lib/gcc/arm-none-eabi/4.4.1/../../../../arm-none-eabi/lib/thumb2\libc.a(lib_a-fwalk.o)
 .debug_frame   0x00001460       0x6c c:/microsemi/softconsole v3.3/sourcery-g++/bin/../lib/gcc/arm-none-eabi/4.4.1/../../../../arm-none-eabi/lib/thumb2\libc.a(lib_a-locale.o)
 .debug_frame   0x000014cc       0x34 c:/microsemi/softconsole v3.3/sourcery-g++/bin/../lib/gcc/arm-none-eabi/4.4.1/../../../../arm-none-eabi/lib/thumb2\libc.a(lib_a-makebuf.o)
 .debug_frame   0x00001500       0x30 c:/microsemi/softconsole v3.3/sourcery-g++/bin/../lib/gcc/arm-none-eabi/4.4.1/../../../../arm-none-eabi/lib/thumb2\libc.a(lib_a-malloc.o)
 .debug_frame   0x00001530       0x3c c:/microsemi/softconsole v3.3/sourcery-g++/bin/../lib/gcc/arm-none-eabi/4.4.1/../../../../arm-none-eabi/lib/thumb2\libc.a(lib_a-mallocr.o)
 .debug_frame   0x0000156c       0x28 c:/microsemi/softconsole v3.3/sourcery-g++/bin/../lib/gcc/arm-none-eabi/4.4.1/../../../../arm-none-eabi/lib/thumb2\libc.a(lib_a-memchr.o)
 .debug_frame   0x00001594       0x34 c:/microsemi/softconsole v3.3/sourcery-g++/bin/../lib/gcc/arm-none-eabi/4.4.1/../../../../arm-none-eabi/lib/thumb2\libc.a(lib_a-memcpy.o)
 .debug_frame   0x000015c8       0x2c c:/microsemi/softconsole v3.3/sourcery-g++/bin/../lib/gcc/arm-none-eabi/4.4.1/../../../../arm-none-eabi/lib/thumb2\libc.a(lib_a-memmove.o)
 .debug_frame   0x000015f4       0x30 c:/microsemi/softconsole v3.3/sourcery-g++/bin/../lib/gcc/arm-none-eabi/4.4.1/../../../../arm-none-eabi/lib/thumb2\libc.a(lib_a-mlock.o)
 .debug_frame   0x00001624      0x240 c:/microsemi/softconsole v3.3/sourcery-g++/bin/../lib/gcc/arm-none-eabi/4.4.1/../../../../arm-none-eabi/lib/thumb2\libc.a(lib_a-mprec.o)
 .debug_frame   0x00001864       0x3c c:/microsemi/softconsole v3.3/sourcery-g++/bin/../lib/gcc/arm-none-eabi/4.4.1/../../../../arm-none-eabi/lib/thumb2\libc.a(lib_a-reallocr.o)
 .debug_frame   0x000018a0       0x20 c:/microsemi/softconsole v3.3/sourcery-g++/bin/../lib/gcc/arm-none-eabi/4.4.1/../../../../arm-none-eabi/lib/thumb2\libc.a(lib_a-s_isinfd.o)
 .debug_frame   0x000018c0       0x20 c:/microsemi/softconsole v3.3/sourcery-g++/bin/../lib/gcc/arm-none-eabi/4.4.1/../../../../arm-none-eabi/lib/thumb2\libc.a(lib_a-s_isnand.o)
 .debug_frame   0x000018e0       0x2c c:/microsemi/softconsole v3.3/sourcery-g++/bin/../lib/gcc/arm-none-eabi/4.4.1/../../../../arm-none-eabi/lib/thumb2\libc.a(lib_a-sbrkr.o)
 .debug_frame   0x0000190c       0x70 c:/microsemi/softconsole v3.3/sourcery-g++/bin/../lib/gcc/arm-none-eabi/4.4.1/../../../../arm-none-eabi/lib/thumb2\libc.a(lib_a-stdio.o)
 .debug_frame   0x0000197c       0x30 c:/microsemi/softconsole v3.3/sourcery-g++/bin/../lib/gcc/arm-none-eabi/4.4.1/../../../../arm-none-eabi/lib/thumb2\libc.a(lib_a-strcmp.o)
 .debug_frame   0x000019ac       0x2c c:/microsemi/softconsole v3.3/sourcery-g++/bin/../lib/gcc/arm-none-eabi/4.4.1/../../../../arm-none-eabi/lib/thumb2\libc.a(lib_a-callocr.o)
 .debug_frame   0x000019d8       0x2c c:/microsemi/softconsole v3.3/sourcery-g++/bin/../lib/gcc/arm-none-eabi/4.4.1/../../../../arm-none-eabi/lib/thumb2\libc.a(lib_a-closer.o)
 .debug_frame   0x00001a04       0x3c c:/microsemi/softconsole v3.3/sourcery-g++/bin/../lib/gcc/arm-none-eabi/4.4.1/../../../../arm-none-eabi/lib/thumb2\libc.a(lib_a-fclose.o)
 .debug_frame   0x00001a40       0x2c c:/microsemi/softconsole v3.3/sourcery-g++/bin/../lib/gcc/arm-none-eabi/4.4.1/../../../../arm-none-eabi/lib/thumb2\libc.a(lib_a-fstatr.o)
 .debug_frame   0x00001a6c       0x2c c:/microsemi/softconsole v3.3/sourcery-g++/bin/../lib/gcc/arm-none-eabi/4.4.1/../../../../arm-none-eabi/lib/thumb2\libc.a(lib_a-isattyr.o)
 .debug_frame   0x00001a98       0x2c c:/microsemi/softconsole v3.3/sourcery-g++/bin/../lib/gcc/arm-none-eabi/4.4.1/../../../../arm-none-eabi/lib/thumb2\libc.a(lib_a-lseekr.o)
 .debug_frame   0x00001ac4       0x2c c:/microsemi/softconsole v3.3/sourcery-g++/bin/../lib/gcc/arm-none-eabi/4.4.1/../../../../arm-none-eabi/lib/thumb2\libc.a(lib_a-readr.o)
 .debug_frame   0x00001af0       0x64 c:/microsemi/softconsole v3.3/sourcery-g++/bin/../lib/gcc/arm-none-eabi/4.4.1/../../../../arm-none-eabi/lib/thumb2\libc.a(lib_a-reent.o)
 .debug_frame   0x00001b54       0x20 c:/microsemi/softconsole v3.3/sourcery-g++/bin/../lib/gcc/arm-none-eabi/4.4.1/thumb2\libgcc.a(_udivsi3.o)
 .debug_frame   0x00001b74       0x50 c:/microsemi/softconsole v3.3/sourcery-g++/bin/../lib/gcc/arm-none-eabi/4.4.1/thumb2\libgcc.a(bpabi.o)
 .debug_frame   0x00001bc4       0x3c c:/microsemi/softconsole v3.3/sourcery-g++/bin/../lib/gcc/arm-none-eabi/4.4.1/thumb2\libgcc.a(_divdi3.o)
 .debug_frame   0x00001c00       0x3c c:/microsemi/softconsole v3.3/sourcery-g++/bin/../lib/gcc/arm-none-eabi/4.4.1/thumb2\libgcc.a(_udivdi3.o)
 .debug_frame   0x00001c3c       0x38 c:/microsemi/softconsole v3.3/sourcery-g++/bin/../lib/gcc/arm-none-eabi/4.4.1/../../../../arm-none-eabi/lib/thumb2\libm.a(lib_a-w_log.o)
 .debug_frame   0x00001c74       0x3c c:/microsemi/softconsole v3.3/sourcery-g++/bin/../lib/gcc/arm-none-eabi/4.4.1/../../../../arm-none-eabi/lib/thumb2\libm.a(lib_a-e_log.o)
 .debug_frame   0x00001cb0       0x20 c:/microsemi/softconsole v3.3/sourcery-g++/bin/../lib/gcc/arm-none-eabi/4.4.1/../../../../arm-none-eabi/lib/thumb2\libm.a(lib_a-s_matherr.o)
 .debug_frame   0x00001cd0       0x20 c:/microsemi/softconsole v3.3/sourcery-g++/bin/../lib/gcc/arm-none-eabi/4.4.1/../../../../arm-none-eabi/lib/thumb2\libm.a(lib_a-s_nan.o)

.debug_str      0x00000000     0x283f
 *(.debug_str)
 .debug_str     0x00000000     0x1559 ./main.o
                               0x1641 (size before relaxing)
 .debug_str     0x00001559      0x484 C:/Users/darshin/Desktop/vision/SoftConsole/MSS01_MSS_CM3_0/MSS01_MSS_CM3_0_hw_platform/Debug/CMSIS/startup_gcc/newlib_stubs.o
                               0x109e (size before relaxing)
 .debug_str     0x000019dd      0x5c5 C:\Users\darshin\Desktop\vision\SoftConsole\MSS01_MSS_CM3_0\MSS01_MSS_CM3_0_hw_platform\Debug\libMSS01_MSS_CM3_0_hw_platform.a(mss_uart.o)
                               0x14af (size before relaxing)
 .debug_str     0x00001fa2      0x38c C:\Users\darshin\Desktop\vision\SoftConsole\MSS01_MSS_CM3_0\MSS01_MSS_CM3_0_hw_platform\Debug\libMSS01_MSS_CM3_0_hw_platform.a(mss_i2c.o)
                               0x174f (size before relaxing)
 .debug_str     0x0000232e      0x2df C:\Users\darshin\Desktop\vision\SoftConsole\MSS01_MSS_CM3_0\MSS01_MSS_CM3_0_hw_platform\Debug\libMSS01_MSS_CM3_0_hw_platform.a(mss_gpio.o)
                               0x1287 (size before relaxing)
 .debug_str     0x0000260d      0x13b C:\Users\darshin\Desktop\vision\SoftConsole\MSS01_MSS_CM3_0\MSS01_MSS_CM3_0_hw_platform\Debug\libMSS01_MSS_CM3_0_hw_platform.a(core_cm3.o)
                                0x265 (size before relaxing)
 .debug_str     0x00002748       0xf7 C:\Users\darshin\Desktop\vision\SoftConsole\MSS01_MSS_CM3_0\MSS01_MSS_CM3_0_hw_platform\Debug\libMSS01_MSS_CM3_0_hw_platform.a(system_a2fxxxm3.o)
                                0x452 (size before relaxing)

.debug_loc      0x00000000     0x1baf
 *(.debug_loc)
 .debug_loc     0x00000000      0x53d ./main.o
 .debug_loc     0x0000053d      0x3c6 C:/Users/darshin/Desktop/vision/SoftConsole/MSS01_MSS_CM3_0/MSS01_MSS_CM3_0_hw_platform/Debug/CMSIS/startup_gcc/newlib_stubs.o
 .debug_loc     0x00000903      0x510 C:\Users\darshin\Desktop\vision\SoftConsole\MSS01_MSS_CM3_0\MSS01_MSS_CM3_0_hw_platform\Debug\libMSS01_MSS_CM3_0_hw_platform.a(mss_uart.o)
 .debug_loc     0x00000e13      0x736 C:\Users\darshin\Desktop\vision\SoftConsole\MSS01_MSS_CM3_0\MSS01_MSS_CM3_0_hw_platform\Debug\libMSS01_MSS_CM3_0_hw_platform.a(mss_i2c.o)
 .debug_loc     0x00001549      0x1ef C:\Users\darshin\Desktop\vision\SoftConsole\MSS01_MSS_CM3_0\MSS01_MSS_CM3_0_hw_platform\Debug\libMSS01_MSS_CM3_0_hw_platform.a(mss_gpio.o)
 .debug_loc     0x00001738      0x3de C:\Users\darshin\Desktop\vision\SoftConsole\MSS01_MSS_CM3_0\MSS01_MSS_CM3_0_hw_platform\Debug\libMSS01_MSS_CM3_0_hw_platform.a(core_cm3.o)
 .debug_loc     0x00001b16       0x99 C:\Users\darshin\Desktop\vision\SoftConsole\MSS01_MSS_CM3_0\MSS01_MSS_CM3_0_hw_platform\Debug\libMSS01_MSS_CM3_0_hw_platform.a(system_a2fxxxm3.o)

.debug_macinfo  0x00000000    0x2e7a5
 *(.debug_macinfo)
 .debug_macinfo
                0x00000000     0xa883 ./main.o
 .debug_macinfo
                0x0000a883     0x9965 C:/Users/darshin/Desktop/vision/SoftConsole/MSS01_MSS_CM3_0/MSS01_MSS_CM3_0_hw_platform/Debug/CMSIS/startup_gcc/newlib_stubs.o
 .debug_macinfo
                0x000141e8     0x63e4 C:\Users\darshin\Desktop\vision\SoftConsole\MSS01_MSS_CM3_0\MSS01_MSS_CM3_0_hw_platform\Debug\libMSS01_MSS_CM3_0_hw_platform.a(mss_uart.o)
 .debug_macinfo
                0x0001a5cc     0x7519 C:\Users\darshin\Desktop\vision\SoftConsole\MSS01_MSS_CM3_0\MSS01_MSS_CM3_0_hw_platform\Debug\libMSS01_MSS_CM3_0_hw_platform.a(mss_i2c.o)
 .debug_macinfo
                0x00021ae5     0x5cfb C:\Users\darshin\Desktop\vision\SoftConsole\MSS01_MSS_CM3_0\MSS01_MSS_CM3_0_hw_platform\Debug\libMSS01_MSS_CM3_0_hw_platform.a(mss_gpio.o)
 .debug_macinfo
                0x000277e0     0x152c C:\Users\darshin\Desktop\vision\SoftConsole\MSS01_MSS_CM3_0\MSS01_MSS_CM3_0_hw_platform\Debug\libMSS01_MSS_CM3_0_hw_platform.a(core_cm3.o)
 .debug_macinfo
                0x00028d0c     0x5a99 C:\Users\darshin\Desktop\vision\SoftConsole\MSS01_MSS_CM3_0\MSS01_MSS_CM3_0_hw_platform\Debug\libMSS01_MSS_CM3_0_hw_platform.a(system_a2fxxxm3.o)

.debug_weaknames
 *(.debug_weaknames)

.debug_funcnames
 *(.debug_funcnames)

.debug_typenames
 *(.debug_typenames)

.debug_varnames
 *(.debug_varnames)

.note.gnu.arm.ident
 *(.note.gnu.arm.ident)

.ARM.attributes
                0x00000000       0x25
 *(.ARM.attributes)
 .ARM.attributes
                0x00000000       0x19 c:/microsemi/softconsole v3.3/sourcery-g++/bin/../lib/gcc/arm-none-eabi/4.4.1/thumb2/crti.o
 .ARM.attributes
                0x00000019       0x29 c:/microsemi/softconsole v3.3/sourcery-g++/bin/../lib/gcc/arm-none-eabi/4.4.1/thumb2/crtbegin.o
 .ARM.attributes
                0x00000042       0x31 ./main.o
 .ARM.attributes
                0x00000073       0x21 C:/Users/darshin/Desktop/vision/SoftConsole/MSS01_MSS_CM3_0/MSS01_MSS_CM3_0_hw_platform/Debug/CMSIS/startup_gcc/startup_a2fxxxm3.o
 .ARM.attributes
                0x00000094       0x31 C:/Users/darshin/Desktop/vision/SoftConsole/MSS01_MSS_CM3_0/MSS01_MSS_CM3_0_hw_platform/Debug/CMSIS/startup_gcc/newlib_stubs.o
 .ARM.attributes
                0x000000c5       0x31 C:\Users\darshin\Desktop\vision\SoftConsole\MSS01_MSS_CM3_0\MSS01_MSS_CM3_0_hw_platform\Debug\libMSS01_MSS_CM3_0_hw_platform.a(mss_uart.o)
 .ARM.attributes
                0x000000f6       0x31 C:\Users\darshin\Desktop\vision\SoftConsole\MSS01_MSS_CM3_0\MSS01_MSS_CM3_0_hw_platform\Debug\libMSS01_MSS_CM3_0_hw_platform.a(mss_i2c.o)
 .ARM.attributes
                0x00000127       0x31 C:\Users\darshin\Desktop\vision\SoftConsole\MSS01_MSS_CM3_0\MSS01_MSS_CM3_0_hw_platform\Debug\libMSS01_MSS_CM3_0_hw_platform.a(mss_gpio.o)
 .ARM.attributes
                0x00000158       0x31 C:\Users\darshin\Desktop\vision\SoftConsole\MSS01_MSS_CM3_0\MSS01_MSS_CM3_0_hw_platform\Debug\libMSS01_MSS_CM3_0_hw_platform.a(core_cm3.o)
 .ARM.attributes
                0x00000189       0x31 C:\Users\darshin\Desktop\vision\SoftConsole\MSS01_MSS_CM3_0\MSS01_MSS_CM3_0_hw_platform\Debug\libMSS01_MSS_CM3_0_hw_platform.a(system_a2fxxxm3.o)
 .ARM.attributes
                0x000001ba       0x1b c:/microsemi/softconsole v3.3/sourcery-g++/bin/../lib/gcc/arm-none-eabi/4.4.1/thumb2\libgcc.a(_arm_addsubdf3.o)
 .ARM.attributes
                0x000001d5       0x1b c:/microsemi/softconsole v3.3/sourcery-g++/bin/../lib/gcc/arm-none-eabi/4.4.1/thumb2\libgcc.a(_arm_muldivdf3.o)
 .ARM.attributes
                0x000001f0       0x1b c:/microsemi/softconsole v3.3/sourcery-g++/bin/../lib/gcc/arm-none-eabi/4.4.1/thumb2\libgcc.a(_arm_cmpdf2.o)
 .ARM.attributes
                0x0000020b       0x1b c:/microsemi/softconsole v3.3/sourcery-g++/bin/../lib/gcc/arm-none-eabi/4.4.1/thumb2\libgcc.a(_arm_fixdfsi.o)
 .ARM.attributes
                0x00000226       0x1b c:/microsemi/softconsole v3.3/sourcery-g++/bin/../lib/gcc/arm-none-eabi/4.4.1/thumb2\libgcc.a(_arm_fixunsdfsi.o)
 .ARM.attributes
                0x00000241       0x1b c:/microsemi/softconsole v3.3/sourcery-g++/bin/../lib/gcc/arm-none-eabi/4.4.1/thumb2\libgcc.a(_arm_addsubsf3.o)
 .ARM.attributes
                0x0000025c       0x1b c:/microsemi/softconsole v3.3/sourcery-g++/bin/../lib/gcc/arm-none-eabi/4.4.1/thumb2\libgcc.a(_arm_muldivsf3.o)
 .ARM.attributes
                0x00000277       0x1b c:/microsemi/softconsole v3.3/sourcery-g++/bin/../lib/gcc/arm-none-eabi/4.4.1/thumb2\libgcc.a(_arm_cmpsf2.o)
 .ARM.attributes
                0x00000292       0x1b c:/microsemi/softconsole v3.3/sourcery-g++/bin/../lib/gcc/arm-none-eabi/4.4.1/thumb2\libgcc.a(_arm_fixsfsi.o)
 .ARM.attributes
                0x000002ad       0x29 c:/microsemi/softconsole v3.3/sourcery-g++/bin/../lib/gcc/arm-none-eabi/4.4.1/../../../../arm-none-eabi/lib/thumb2\libc.a(lib_a-errno.o)
 .ARM.attributes
                0x000002d6       0x29 c:/microsemi/softconsole v3.3/sourcery-g++/bin/../lib/gcc/arm-none-eabi/4.4.1/../../../../arm-none-eabi/lib/thumb2\libc.a(lib_a-impure.o)
 .ARM.attributes
                0x000002ff       0x29 c:/microsemi/softconsole v3.3/sourcery-g++/bin/../lib/gcc/arm-none-eabi/4.4.1/../../../../arm-none-eabi/lib/thumb2\libc.a(lib_a-init.o)
 .ARM.attributes
                0x00000328       0x29 c:/microsemi/softconsole v3.3/sourcery-g++/bin/../lib/gcc/arm-none-eabi/4.4.1/../../../../arm-none-eabi/lib/thumb2\libc.a(lib_a-memset.o)
 .ARM.attributes
                0x00000351       0x29 c:/microsemi/softconsole v3.3/sourcery-g++/bin/../lib/gcc/arm-none-eabi/4.4.1/../../../../arm-none-eabi/lib/thumb2\libc.a(lib_a-printf.o)
 .ARM.attributes
                0x0000037a       0x29 c:/microsemi/softconsole v3.3/sourcery-g++/bin/../lib/gcc/arm-none-eabi/4.4.1/../../../../arm-none-eabi/lib/thumb2\libc.a(lib_a-puts.o)
 .ARM.attributes
                0x000003a3       0x29 c:/microsemi/softconsole v3.3/sourcery-g++/bin/../lib/gcc/arm-none-eabi/4.4.1/../../../../arm-none-eabi/lib/thumb2\libc.a(lib_a-strlen.o)
 .ARM.attributes
                0x000003cc       0x29 c:/microsemi/softconsole v3.3/sourcery-g++/bin/../lib/gcc/arm-none-eabi/4.4.1/../../../../arm-none-eabi/lib/thumb2\libc.a(lib_a-vfprintf.o)
 .ARM.attributes
                0x000003f5       0x29 c:/microsemi/softconsole v3.3/sourcery-g++/bin/../lib/gcc/arm-none-eabi/4.4.1/../../../../arm-none-eabi/lib/thumb2\libc.a(lib_a-wsetup.o)
 .ARM.attributes
                0x0000041e       0x29 c:/microsemi/softconsole v3.3/sourcery-g++/bin/../lib/gcc/arm-none-eabi/4.4.1/../../../../arm-none-eabi/lib/thumb2\libc.a(lib_a-dtoa.o)
 .ARM.attributes
                0x00000447       0x29 c:/microsemi/softconsole v3.3/sourcery-g++/bin/../lib/gcc/arm-none-eabi/4.4.1/../../../../arm-none-eabi/lib/thumb2\libc.a(lib_a-fflush.o)
 .ARM.attributes
                0x00000470       0x29 c:/microsemi/softconsole v3.3/sourcery-g++/bin/../lib/gcc/arm-none-eabi/4.4.1/../../../../arm-none-eabi/lib/thumb2\libc.a(lib_a-findfp.o)
 .ARM.attributes
                0x00000499       0x29 c:/microsemi/softconsole v3.3/sourcery-g++/bin/../lib/gcc/arm-none-eabi/4.4.1/../../../../arm-none-eabi/lib/thumb2\libc.a(lib_a-freer.o)
 .ARM.attributes
                0x000004c2       0x29 c:/microsemi/softconsole v3.3/sourcery-g++/bin/../lib/gcc/arm-none-eabi/4.4.1/../../../../arm-none-eabi/lib/thumb2\libc.a(lib_a-fvwrite.o)
 .ARM.attributes
                0x000004eb       0x29 c:/microsemi/softconsole v3.3/sourcery-g++/bin/../lib/gcc/arm-none-eabi/4.4.1/../../../../arm-none-eabi/lib/thumb2\libc.a(lib_a-fwalk.o)
 .ARM.attributes
                0x00000514       0x29 c:/microsemi/softconsole v3.3/sourcery-g++/bin/../lib/gcc/arm-none-eabi/4.4.1/../../../../arm-none-eabi/lib/thumb2\libc.a(lib_a-locale.o)
 .ARM.attributes
                0x0000053d       0x29 c:/microsemi/softconsole v3.3/sourcery-g++/bin/../lib/gcc/arm-none-eabi/4.4.1/../../../../arm-none-eabi/lib/thumb2\libc.a(lib_a-makebuf.o)
 .ARM.attributes
                0x00000566       0x29 c:/microsemi/softconsole v3.3/sourcery-g++/bin/../lib/gcc/arm-none-eabi/4.4.1/../../../../arm-none-eabi/lib/thumb2\libc.a(lib_a-malloc.o)
 .ARM.attributes
                0x0000058f       0x29 c:/microsemi/softconsole v3.3/sourcery-g++/bin/../lib/gcc/arm-none-eabi/4.4.1/../../../../arm-none-eabi/lib/thumb2\libc.a(lib_a-mallocr.o)
 .ARM.attributes
                0x000005b8       0x29 c:/microsemi/softconsole v3.3/sourcery-g++/bin/../lib/gcc/arm-none-eabi/4.4.1/../../../../arm-none-eabi/lib/thumb2\libc.a(lib_a-memchr.o)
 .ARM.attributes
                0x000005e1       0x29 c:/microsemi/softconsole v3.3/sourcery-g++/bin/../lib/gcc/arm-none-eabi/4.4.1/../../../../arm-none-eabi/lib/thumb2\libc.a(lib_a-memcpy.o)
 .ARM.attributes
                0x0000060a       0x29 c:/microsemi/softconsole v3.3/sourcery-g++/bin/../lib/gcc/arm-none-eabi/4.4.1/../../../../arm-none-eabi/lib/thumb2\libc.a(lib_a-memmove.o)
 .ARM.attributes
                0x00000633       0x29 c:/microsemi/softconsole v3.3/sourcery-g++/bin/../lib/gcc/arm-none-eabi/4.4.1/../../../../arm-none-eabi/lib/thumb2\libc.a(lib_a-mlock.o)
 .ARM.attributes
                0x0000065c       0x29 c:/microsemi/softconsole v3.3/sourcery-g++/bin/../lib/gcc/arm-none-eabi/4.4.1/../../../../arm-none-eabi/lib/thumb2\libc.a(lib_a-mprec.o)
 .ARM.attributes
                0x00000685       0x29 c:/microsemi/softconsole v3.3/sourcery-g++/bin/../lib/gcc/arm-none-eabi/4.4.1/../../../../arm-none-eabi/lib/thumb2\libc.a(lib_a-reallocr.o)
 .ARM.attributes
                0x000006ae       0x29 c:/microsemi/softconsole v3.3/sourcery-g++/bin/../lib/gcc/arm-none-eabi/4.4.1/../../../../arm-none-eabi/lib/thumb2\libc.a(lib_a-s_isinfd.o)
 .ARM.attributes
                0x000006d7       0x29 c:/microsemi/softconsole v3.3/sourcery-g++/bin/../lib/gcc/arm-none-eabi/4.4.1/../../../../arm-none-eabi/lib/thumb2\libc.a(lib_a-s_isnand.o)
 .ARM.attributes
                0x00000700       0x29 c:/microsemi/softconsole v3.3/sourcery-g++/bin/../lib/gcc/arm-none-eabi/4.4.1/../../../../arm-none-eabi/lib/thumb2\libc.a(lib_a-sbrkr.o)
 .ARM.attributes
                0x00000729       0x29 c:/microsemi/softconsole v3.3/sourcery-g++/bin/../lib/gcc/arm-none-eabi/4.4.1/../../../../arm-none-eabi/lib/thumb2\libc.a(lib_a-stdio.o)
 .ARM.attributes
                0x00000752       0x29 c:/microsemi/softconsole v3.3/sourcery-g++/bin/../lib/gcc/arm-none-eabi/4.4.1/../../../../arm-none-eabi/lib/thumb2\libc.a(lib_a-strcmp.o)
 .ARM.attributes
                0x0000077b       0x29 c:/microsemi/softconsole v3.3/sourcery-g++/bin/../lib/gcc/arm-none-eabi/4.4.1/../../../../arm-none-eabi/lib/thumb2\libc.a(lib_a-callocr.o)
 .ARM.attributes
                0x000007a4       0x29 c:/microsemi/softconsole v3.3/sourcery-g++/bin/../lib/gcc/arm-none-eabi/4.4.1/../../../../arm-none-eabi/lib/thumb2\libc.a(lib_a-closer.o)
 .ARM.attributes
                0x000007cd       0x29 c:/microsemi/softconsole v3.3/sourcery-g++/bin/../lib/gcc/arm-none-eabi/4.4.1/../../../../arm-none-eabi/lib/thumb2\libc.a(lib_a-fclose.o)
 .ARM.attributes
                0x000007f6       0x29 c:/microsemi/softconsole v3.3/sourcery-g++/bin/../lib/gcc/arm-none-eabi/4.4.1/../../../../arm-none-eabi/lib/thumb2\libc.a(lib_a-fstatr.o)
 .ARM.attributes
                0x0000081f       0x29 c:/microsemi/softconsole v3.3/sourcery-g++/bin/../lib/gcc/arm-none-eabi/4.4.1/../../../../arm-none-eabi/lib/thumb2\libc.a(lib_a-isattyr.o)
 .ARM.attributes
                0x00000848       0x29 c:/microsemi/softconsole v3.3/sourcery-g++/bin/../lib/gcc/arm-none-eabi/4.4.1/../../../../arm-none-eabi/lib/thumb2\libc.a(lib_a-lseekr.o)
 .ARM.attributes
                0x00000871       0x29 c:/microsemi/softconsole v3.3/sourcery-g++/bin/../lib/gcc/arm-none-eabi/4.4.1/../../../../arm-none-eabi/lib/thumb2\libc.a(lib_a-readr.o)
 .ARM.attributes
                0x0000089a       0x29 c:/microsemi/softconsole v3.3/sourcery-g++/bin/../lib/gcc/arm-none-eabi/4.4.1/../../../../arm-none-eabi/lib/thumb2\libc.a(lib_a-reent.o)
 .ARM.attributes
                0x000008c3       0x1b c:/microsemi/softconsole v3.3/sourcery-g++/bin/../lib/gcc/arm-none-eabi/4.4.1/thumb2\libgcc.a(_udivsi3.o)
 .ARM.attributes
                0x000008de       0x1b c:/microsemi/softconsole v3.3/sourcery-g++/bin/../lib/gcc/arm-none-eabi/4.4.1/thumb2\libgcc.a(_dvmd_tls.o)
 .ARM.attributes
                0x000008f9       0x1b c:/microsemi/softconsole v3.3/sourcery-g++/bin/../lib/gcc/arm-none-eabi/4.4.1/thumb2\libgcc.a(_aeabi_uldivmod.o)
 .ARM.attributes
                0x00000914       0x29 c:/microsemi/softconsole v3.3/sourcery-g++/bin/../lib/gcc/arm-none-eabi/4.4.1/thumb2\libgcc.a(bpabi.o)
 .ARM.attributes
                0x0000093d       0x29 c:/microsemi/softconsole v3.3/sourcery-g++/bin/../lib/gcc/arm-none-eabi/4.4.1/thumb2\libgcc.a(_divdi3.o)
 .ARM.attributes
                0x00000966       0x29 c:/microsemi/softconsole v3.3/sourcery-g++/bin/../lib/gcc/arm-none-eabi/4.4.1/thumb2\libgcc.a(_udivdi3.o)
 .ARM.attributes
                0x0000098f       0x29 c:/microsemi/softconsole v3.3/sourcery-g++/bin/../lib/gcc/arm-none-eabi/4.4.1/thumb2/crtend.o
 .ARM.attributes
                0x000009b8       0x19 c:/microsemi/softconsole v3.3/sourcery-g++/bin/../lib/gcc/arm-none-eabi/4.4.1/thumb2/crtn.o
 .ARM.attributes
                0x000009d1       0x29 c:/microsemi/softconsole v3.3/sourcery-g++/bin/../lib/gcc/arm-none-eabi/4.4.1/../../../../arm-none-eabi/lib/thumb2\libm.a(lib_a-w_log.o)
 .ARM.attributes
                0x000009fa       0x29 c:/microsemi/softconsole v3.3/sourcery-g++/bin/../lib/gcc/arm-none-eabi/4.4.1/../../../../arm-none-eabi/lib/thumb2\libm.a(lib_a-e_log.o)
 .ARM.attributes
                0x00000a23       0x29 c:/microsemi/softconsole v3.3/sourcery-g++/bin/../lib/gcc/arm-none-eabi/4.4.1/../../../../arm-none-eabi/lib/thumb2\libm.a(lib_a-s_lib_ver.o)
 .ARM.attributes
                0x00000a4c       0x29 c:/microsemi/softconsole v3.3/sourcery-g++/bin/../lib/gcc/arm-none-eabi/4.4.1/../../../../arm-none-eabi/lib/thumb2\libm.a(lib_a-s_matherr.o)
 .ARM.attributes
                0x00000a75       0x29 c:/microsemi/softconsole v3.3/sourcery-g++/bin/../lib/gcc/arm-none-eabi/4.4.1/../../../../arm-none-eabi/lib/thumb2\libm.a(lib_a-s_nan.o)

/DISCARD/
 *(.note.GNU-stack)
 *(.isr_vector)
OUTPUT(MSS01_MSS_CM3_0_app elf32-littlearm)

.debug_ranges   0x00000000      0x4c0
 .debug_ranges  0x00000000       0xd8 ./main.o
 .debug_ranges  0x000000d8       0xa0 C:/Users/darshin/Desktop/vision/SoftConsole/MSS01_MSS_CM3_0/MSS01_MSS_CM3_0_hw_platform/Debug/CMSIS/startup_gcc/newlib_stubs.o
 .debug_ranges  0x00000178       0xd0 C:\Users\darshin\Desktop\vision\SoftConsole\MSS01_MSS_CM3_0\MSS01_MSS_CM3_0_hw_platform\Debug\libMSS01_MSS_CM3_0_hw_platform.a(mss_uart.o)
 .debug_ranges  0x00000248      0x138 C:\Users\darshin\Desktop\vision\SoftConsole\MSS01_MSS_CM3_0\MSS01_MSS_CM3_0_hw_platform\Debug\libMSS01_MSS_CM3_0_hw_platform.a(mss_i2c.o)
 .debug_ranges  0x00000380       0x58 C:\Users\darshin\Desktop\vision\SoftConsole\MSS01_MSS_CM3_0\MSS01_MSS_CM3_0_hw_platform\Debug\libMSS01_MSS_CM3_0_hw_platform.a(mss_gpio.o)
 .debug_ranges  0x000003d8       0xc0 C:\Users\darshin\Desktop\vision\SoftConsole\MSS01_MSS_CM3_0\MSS01_MSS_CM3_0_hw_platform\Debug\libMSS01_MSS_CM3_0_hw_platform.a(core_cm3.o)
 .debug_ranges  0x00000498       0x28 C:\Users\darshin\Desktop\vision\SoftConsole\MSS01_MSS_CM3_0\MSS01_MSS_CM3_0_hw_platform\Debug\libMSS01_MSS_CM3_0_hw_platform.a(system_a2fxxxm3.o)
